ARM Linker, 4.1 [Build 894] [Standard]

==============================================================================

Section Cross References

    startup_stm32f4xx.o(STACK) refers (Special) to heapauxi.o(.text) for __use_two_region_memory
    startup_stm32f4xx.o(HEAP) refers (Special) to heapauxi.o(.text) for __use_two_region_memory
    startup_stm32f4xx.o(RESET) refers (Special) to heapauxi.o(.text) for __use_two_region_memory
    startup_stm32f4xx.o(RESET) refers to startup_stm32f4xx.o(STACK) for __initial_sp
    startup_stm32f4xx.o(RESET) refers to startup_stm32f4xx.o(.text) for Reset_Handler
    startup_stm32f4xx.o(RESET) refers to timerdef.o(.text) for TIM2_IRQHandler
    startup_stm32f4xx.o(RESET) refers to uartdef.o(.text) for USART1_IRQHandler
    startup_stm32f4xx.o(.text) refers (Special) to heapauxi.o(.text) for __use_two_region_memory
    startup_stm32f4xx.o(.text) refers to systemset.o(.text) for SystemInit
    startup_stm32f4xx.o(.text) refers to __main.o(!!!main) for __main
    startup_stm32f4xx.o(.text) refers to startup_stm32f4xx.o(HEAP) for Heap_Mem
    startup_stm32f4xx.o(.text) refers to startup_stm32f4xx.o(STACK) for Stack_Mem
    main.o(.text) refers to systemcontrol.o(.text) for InitGPIOControl
    main.o(.text) refers to process.o(.text) for Init_VAR
    main.o(.text) refers to schedule.o(.text) for Time2Schedule
    main.o(.text) refers to uartproc.o(.text) for RS485PORT_RxProtocol
    main.o(.text) refers to modbus_comm.o(.text) for ModbusRx_Protocol
    main.o(.text) refers to max31855.o(.text) for Read_Templature
    main.o(.text) refers to heatproc.o(.data) for isheatflag
    systemcontrol.o(.text) refers to _printf_percent.o(.ARM.Collect$$_printf_percent$$00000000) for _printf_percent
    systemcontrol.o(.text) refers to _printf_d.o(.ARM.Collect$$_printf_percent$$00000009) for _printf_d
    systemcontrol.o(.text) refers to _printf_x.o(.ARM.Collect$$_printf_percent$$0000000C) for _printf_x
    systemcontrol.o(.text) refers to _printf_dec.o(.text) for _printf_int_dec
    systemcontrol.o(.text) refers to _printf_hex_int.o(.text) for _printf_longlong_hex
    systemcontrol.o(.text) refers to nvimdef.o(.text) for RCC_AHB1PeriphClockCmd
    systemcontrol.o(.text) refers to gpiodef.o(.text) for GpioBPortInit
    systemcontrol.o(.text) refers to timerdef.o(.text) for TimerInit
    systemcontrol.o(.text) refers to uartdef.o(.text) for USART_IO_Config
    systemcontrol.o(.text) refers to adcdef.o(.text) for ADC_Configuration
    systemcontrol.o(.text) refers to spidef.o(.text) for INT_SPI_InitPort
    systemcontrol.o(.text) refers to i2cdef.o(.text) for INT_SW_i2c_Init
    systemcontrol.o(.text) refers to noretval__2printf.o(.text) for __2printf
    systemcontrol.o(.text) refers to heatproc.o(.data) for isHeating
    systemcontrol.o(.text) refers to i2c_eeprom.o(.data) for received_data
    systemcontrol.o(.text) refers to heatproc.o(.data) for T_Offset
    i2c_eeprom.o(.text) refers to i2cdef.o(.text) for I2C_start
    i2c_eeprom.o(.text) refers to i2c_eeprom.o(.data) for .data
    uartproc.o(.text) refers to _printf_percent.o(.ARM.Collect$$_printf_percent$$00000000) for _printf_percent
    uartproc.o(.text) refers to _printf_d.o(.ARM.Collect$$_printf_percent$$00000009) for _printf_d
    uartproc.o(.text) refers to _printf_x.o(.ARM.Collect$$_printf_percent$$0000000C) for _printf_x
    uartproc.o(.text) refers to _printf_dec.o(.text) for _printf_int_dec
    uartproc.o(.text) refers to _printf_hex_int.o(.text) for _printf_longlong_hex
    uartproc.o(.text) refers to modbus_comm.o(.text) for ModbusRX0_Init
    uartproc.o(.text) refers to uartdef.o(.text) for SendUart
    uartproc.o(.text) refers to noretval__2printf.o(.text) for __2printf
    uartproc.o(.text) refers to uartproc.o(.bss) for .bss
    uartproc.o(.text) refers to uartproc.o(.data) for .data
    util.o(.text) refers to uartdef.o(.text) for USART_SendData
    modbus_comm.o(.text) refers to _printf_percent.o(.ARM.Collect$$_printf_percent$$00000000) for _printf_percent
    modbus_comm.o(.text) refers to _printf_d.o(.ARM.Collect$$_printf_percent$$00000009) for _printf_d
    modbus_comm.o(.text) refers to _printf_x.o(.ARM.Collect$$_printf_percent$$0000000C) for _printf_x
    modbus_comm.o(.text) refers to _printf_dec.o(.text) for _printf_int_dec
    modbus_comm.o(.text) refers to _printf_hex_int.o(.text) for _printf_longlong_hex
    modbus_comm.o(.text) refers to noretval__2printf.o(.text) for __2printf
    modbus_comm.o(.text) refers to i2cdef.o(.text) for INT_SW_i2c_WriteByte
    modbus_comm.o(.text) refers to heatproc.o(.text) for OutPut_Control
    modbus_comm.o(.text) refers to uartdef.o(.text) for SendUart
    modbus_comm.o(.text) refers to crc.o(.text) for Update_CRC16
    modbus_comm.o(.text) refers to modbus_comm.o(.bss) for .bss
    modbus_comm.o(.text) refers to process.o(.bss) for Val
    modbus_comm.o(.text) refers to uartproc.o(.bss) for Rxd3
[...]
    ../../dflt.s                             0x00000000   Number         0  dflt_clz.o ABSOLUTE
    ../../dmul.s                             0x00000000   Number         0  dmul.o ABSOLUTE
    ../../dnaninf.s                          0x00000000   Number         0  dnaninf.o ABSOLUTE
    ../../dretinf.s                          0x00000000   Number         0  dretinf.o ABSOLUTE
    ../../f2d.s                              0x00000000   Number         0  f2d.o ABSOLUTE
    ../../fnaninf.s                          0x00000000   Number         0  fnaninf.o ABSOLUTE
    ../../fpclassify.c                       0x00000000   Number         0  fpclassify.o ABSOLUTE
    ../../fpinit.s                           0x00000000   Number         0  fpinit.o ABSOLUTE
    ../../heapalloc.c                        0x00000000   Number         0  hrguard.o ABSOLUTE
    ../../heapaux.c                          0x00000000   Number         0  heapauxi.o ABSOLUTE
    ../../istatus.s                          0x00000000   Number         0  istatus.o ABSOLUTE
    ../../libinit.s                          0x00000000   Number         0  libshutdown.o ABSOLUTE
    ../../libinit.s                          0x00000000   Number         0  libshutdown2.o ABSOLUTE
    ../../libinit.s                          0x00000000   Number         0  libinit.o ABSOLUTE
    ../../libinit.s                          0x00000000   Number         0  libinit2.o ABSOLUTE
    ../../locale.s                           0x00000000   Number         0  lc_numeric_c.o ABSOLUTE
    ../../longlong.s                         0x00000000   Number         0  lludiv10.o ABSOLUTE
    ../../memcpset.s                         0x00000000   Number         0  aeabi_memset.o ABSOLUTE
    ../../memcpset.s                         0x00000000   Number         0  strcmpv7m.o ABSOLUTE
    ../../memcpset.s                         0x00000000   Number         0  rt_memclr_w.o ABSOLUTE
    ../../memcpset.s                         0x00000000   Number         0  rt_memclr.o ABSOLUTE
    ../../misc.s                             0x00000000   Number         0  printf_stubs.o ABSOLUTE
    ../../printf.c                           0x00000000   Number         0  __printf_wp.o ABSOLUTE
    ../../printf.c                           0x00000000   Number         0  __printf_flags_ss.o ABSOLUTE
    ../../printf.c                           0x00000000   Number         0  __printf_ss.o ABSOLUTE
    ../../printf.c                           0x00000000   Number         0  _printf_hex_int_ll_ptr.o ABSOLUTE
    ../../printf.c                           0x00000000   Number         0  _printf_hex_ll_ptr.o ABSOLUTE
    ../../printf.c                           0x00000000   Number         0  _printf_hex_int_ptr.o ABSOLUTE
    ../../printf.c                           0x00000000   Number         0  _printf_hex_int_ll.o ABSOLUTE
    ../../printf.c                           0x00000000   Number         0  _printf_hex_int.o ABSOLUTE
    ../../printf.c                           0x00000000   Number         0  _printf_hex_ll.o ABSOLUTE
    ../../printf.c                           0x00000000   Number         0  _printf_dec.o ABSOLUTE
    ../../printf.c                           0x00000000   Number         0  _printf_pad.o ABSOLUTE
    ../../printf.c                           0x00000000   Number         0  __printf.o ABSOLUTE
    ../../printf.c                           0x00000000   Number         0  noretval__2printf.o ABSOLUTE
    ../../printf.c                           0x00000000   Number         0  _printf_hex_ptr.o ABSOLUTE
    ../../printf.c                           0x00000000   Number         0  __2printf.o ABSOLUTE
    ../../printf.c                           0x00000000   Number         0  __printf_flags.o ABSOLUTE
    ../../printf.c                           0x00000000   Number         0  __printf_nopercent.o ABSOLUTE
    ../../printf.c                           0x00000000   Number         0  _printf_fp_infnan.o ABSOLUTE
    ../../printf.c                           0x00000000   Number         0  _printf_char_common.o ABSOLUTE
    ../../printf.c                           0x00000000   Number         0  _printf_char_file.o ABSOLUTE
    ../../printf.c                           0x00000000   Number         0  _printf_fp_dec.o ABSOLUTE
    ../../printf.c                           0x00000000   Number         0  _printf_intcommon.o ABSOLUTE
    ../../printf.c                           0x00000000   Number         0  __printf_flags_ss_wp.o ABSOLUTE
    ../../printf.c                           0x00000000   Number         0  __printf_ss_wp.o ABSOLUTE
    ../../printf.c                           0x00000000   Number         0  __printf_flags_wp.o ABSOLUTE
    ../../printf1.s                          0x00000000   Number         0  printf1.o ABSOLUTE
    ../../printf_percent.s                   0x00000000   Number         0  _printf_f.o ABSOLUTE
    ../../printf_percent.s                   0x00000000   Number         0  _printf_percent.o ABSOLUTE
    ../../printf_percent.s                   0x00000000   Number         0  _printf_d.o ABSOLUTE
    ../../printf_percent.s                   0x00000000   Number         0  _printf_x.o ABSOLUTE
    ../../printf_percent.s                   0x00000000   Number         0  _printf_percent_end.o ABSOLUTE
    ../../signal.c                           0x00000000   Number         0  defsig_rtred_inner.o ABSOLUTE
    ../../signal.c                           0x00000000   Number         0  defsig_stak_inner.o ABSOLUTE
    ../../signal.c                           0x00000000   Number         0  defsig_cppl_inner.o ABSOLUTE
    ../../signal.c                           0x00000000   Number         0  defsig_segv_inner.o ABSOLUTE
    ../../signal.c                           0x00000000   Number         0  defsig_other.o ABSOLUTE
    ../../signal.c                           0x00000000   Number         0  defsig_rtmem_inner.o ABSOLUTE
    ../../signal.c                           0x00000000   Number         0  defsig_pvfn_inner.o ABSOLUTE
    ../../signal.c                           0x00000000   Number         0  defsig_rtmem_outer.o ABSOLUTE
    ../../signal.c                           0x00000000   Number         0  defsig_rtmem_formal.o ABSOLUTE
    ../../signal.c                           0x00000000   Number         0  defsig_exit.o ABSOLUTE
    ../../signal.c                           0x00000000   Number         0  __raise.o ABSOLUTE
    ../../signal.c                           0x00000000   Number         0  defsig_general.o ABSOLUTE
    ../../signal.c                           0x00000000   Number         0  defsig_abrt_inner.o ABSOLUTE
    ../../signal.c                           0x00000000   Number         0  defsig_fpe_inner.o ABSOLUTE
    ../../signal.s                           0x00000000   Number         0  defsig.o ABSOLUTE
    ../../stdlib.c                           0x00000000   Number         0  exit.o ABSOLUTE
    ../../usenofp.s                          0x00000000   Number         0  usenofp.o ABSOLUTE
    Source\Driver\adcdef.c                   0x00000000   Number         0  adcdef.o ABSOLUTE
    Source\Driver\dmadef.c                   0x00000000   Number         0  dmadef.o ABSOLUTE
    Source\Driver\gpiodef.c                  0x00000000   Number         0  gpiodef.o ABSOLUTE
    Source\Driver\i2cdef.c                   0x00000000   Number         0  i2cdef.o ABSOLUTE
    Source\Driver\nvimdef.c                  0x00000000   Number         0  nvimdef.o ABSOLUTE
    Source\Driver\spidef.c                   0x00000000   Number         0  spidef.o ABSOLUTE
    Source\Driver\timerdef.c                 0x00000000   Number         0  timerdef.o ABSOLUTE
    Source\Driver\uartdef.c                  0x00000000   Number         0  uartdef.o ABSOLUTE
    Source\SystemControl.c                   0x00000000   Number         0  systemcontrol.o ABSOLUTE
    Source\SystemSet.c                       0x00000000   Number         0  systemset.o ABSOLUTE
    Source\\Driver\\adcdef.c                 0x00000000   Number         0  adcdef.o ABSOLUTE
    Source\\Driver\\dmadef.c                 0x00000000   Number         0  dmadef.o ABSOLUTE
    Source\\Driver\\gpiodef.c                0x00000000   Number         0  gpiodef.o ABSOLUTE
    Source\\Driver\\i2cdef.c                 0x00000000   Number         0  i2cdef.o ABSOLUTE
    Source\\Driver\\nvimdef.c                0x00000000   Number         0  nvimdef.o ABSOLUTE
    Source\\Driver\\spidef.c                 0x00000000   Number         0  spidef.o ABSOLUTE
    Source\\Driver\\timerdef.c               0x00000000   Number         0  timerdef.o ABSOLUTE
    Source\\Driver\\uartdef.c                0x00000000   Number         0  uartdef.o ABSOLUTE
    Source\\SystemControl.c                  0x00000000   Number         0  systemcontrol.o ABSOLUTE
    Source\\SystemSet.c                      0x00000000   Number         0  systemset.o ABSOLUTE
    Source\\main.c                           0x00000000   Number         0  main.o ABSOLUTE
    Source\\process\\Heatproc.c              0x00000000   Number         0  heatproc.o ABSOLUTE
    Source\\process\\MAX31855.c              0x00000000   Number         0  max31855.o ABSOLUTE
    Source\\process\\process.c               0x00000000   Number         0  process.o ABSOLUTE
    Source\\process\\schedule.c              0x00000000   Number         0  schedule.o ABSOLUTE
    Source\\process\\serial_flash.c          0x00000000   Number         0  serial_flash.o ABSOLUTE
    Source\\util\\I2C_Eeprom.c               0x00000000   Number         0  i2c_eeprom.o ABSOLUTE
    Source\\util\\Modbus_Comm.c              0x00000000   Number         0  modbus_comm.o ABSOLUTE
    Source\\util\\crc.c                      0x00000000   Number         0  crc.o ABSOLUTE
    Source\\util\\uartproc.c                 0x00000000   Number         0  uartproc.o ABSOLUTE
    Source\\util\\util.c                     0x00000000   Number         0  util.o ABSOLUTE
    Source\main.c                            0x00000000   Number         0  main.o ABSOLUTE
    Source\process\Heatproc.c                0x00000000   Number         0  heatproc.o ABSOLUTE
    Source\process\MAX31855.c                0x00000000   Number         0  max31855.o ABSOLUTE
    Source\process\process.c                 0x00000000   Number         0  process.o ABSOLUTE
    Source\process\schedule.c                0x00000000   Number         0  schedule.o ABSOLUTE
    Source\process\serial_flash.c            0x00000000   Number         0  serial_flash.o ABSOLUTE
    Source\util\I2C_Eeprom.c                 0x00000000   Number         0  i2c_eeprom.o ABSOLUTE
    Source\util\Modbus_Comm.c                0x00000000   Number         0  modbus_comm.o ABSOLUTE
    Source\util\crc.c                        0x00000000   Number         0  crc.o ABSOLUTE
    Source\util\uartproc.c                   0x00000000   Number         0  uartproc.o ABSOLUTE
    Source\util\util.c                       0x00000000   Number         0  util.o ABSOLUTE
    dc.s                                     0x00000000   Number         0  dc.o ABSOLUTE
    startup_stm32f4xx.s                      0x00000000   Number         0  startup_stm32f4xx.o ABSOLUTE
    RESET                                    0x08000000   Section      392  startup_stm32f4xx.o(RESET)
    !!!main                                  0x08000188   Section        8  __main.o(!!!main)
    !!!scatter                               0x08000190   Section       52  __scatter.o(!!!scatter)
    !!dczerorl2                              0x080001c4   Section       90  __dczerorl2.o(!!dczerorl2)
    !!handler_zi                             0x08000220   Section       28  __scatter_zi.o(!!handler_zi)
    .ARM.Collect$$_printf_percent$$00000000  0x08004000   Section        0  _printf_percent.o(.ARM.Collect$$_printf_percent$$00000000)
    .ARM.Collect$$_printf_percent$$00000003  0x08004000   Section        6  _printf_f.o(.ARM.Collect$$_printf_percent$$00000003)
    .ARM.Collect$$_printf_percent$$00000009  0x08004006   Section        6  _printf_d.o(.ARM.Collect$$_printf_percent$$00000009)
    .ARM.Collect$$_printf_percent$$0000000C  0x0800400c   Section        6  _printf_x.o(.ARM.Collect$$_printf_percent$$0000000C)
    .ARM.Collect$$_printf_percent$$00000017  0x08004012   Section        4  _printf_percent_end.o(.ARM.Collect$$_printf_percent$$00000017)
    .ARM.Collect$$libinit$$00000000          0x08004016   Section        6  libinit.o(.ARM.Collect$$libinit$$00000000)
    .ARM.Collect$$libinit$$00000006          0x0800401c   Section        0  libinit2.o(.ARM.Collect$$libinit$$00000006)
    .ARM.Collect$$libinit$$00000008          0x0800401c   Section        0  libinit2.o(.ARM.Collect$$libinit$$00000008)
    .ARM.Collect$$libinit$$0000000A          0x0800401c   Section        0  libinit2.o(.ARM.Collect$$libinit$$0000000A)
    .ARM.Collect$$libinit$$0000000B          0x0800401c   Section        6  libinit2.o(.ARM.Collect$$libinit$$0000000B)
    .ARM.Collect$$libinit$$0000000D          0x08004022   Section        0  libinit2.o(.ARM.Collect$$libinit$$0000000D)
    .ARM.Collect$$libinit$$0000000F          0x08004022   Section        0  libinit2.o(.ARM.Collect$$libinit$$0000000F)
    .ARM.Collect$$libinit$$00000011          0x08004022   Section        0  libinit2.o(.ARM.Collect$$libinit$$00000011)
    .ARM.Collect$$libinit$$00000012          0x08004022   Section       10  libinit2.o(.ARM.Collect$$libinit$$00000012)
    .ARM.Collect$$libinit$$00000013          0x0800402c   Section        0  libinit2.o(.ARM.Collect$$libinit$$00000013)
    .ARM.Collect$$libinit$$00000015          0x0800402c   Section        0  libinit2.o(.ARM.Collect$$libinit$$00000015)
    .ARM.Collect$$libinit$$00000017          0x0800402c   Section        0  libinit2.o(.ARM.Collect$$libinit$$00000017)
    .ARM.Collect$$libinit$$00000019          0x0800402c   Section        0  libinit2.o(.ARM.Collect$$libinit$$00000019)
    .ARM.Collect$$libinit$$0000001B          0x0800402c   Section        0  libinit2.o(.ARM.Collect$$libinit$$0000001B)
    .ARM.Collect$$libinit$$0000001D          0x0800402c   Section        0  libinit2.o(.ARM.Collect$$libinit$$0000001D)
    .ARM.Collect$$libinit$$0000001F          0x0800402c   Section        0  libinit2.o(.ARM.Collect$$libinit$$0000001F)
    .ARM.Collect$$libinit$$00000021          0x0800402c   Section        0  libinit2.o(.ARM.Collect$$libinit$$00000021)
    .ARM.Collect$$libinit$$00000028          0x0800402c   Section        0  libinit2.o(.ARM.Collect$$libinit$$00000028)
    .ARM.Collect$$libinit$$0000002A          0x0800402c   Section        0  libinit2.o(.ARM.Collect$$libinit$$0000002A)
    .ARM.Collect$$libinit$$0000002C          0x0800402c   Section        0  libinit2.o(.ARM.Collect$$libinit$$0000002C)
    .ARM.Collect$$libinit$$0000002E          0x0800402c   Section        0  libinit2.o(.ARM.Collect$$libinit$$0000002E)
    .ARM.Collect$$libinit$$0000002F          0x0800402c   Section        2  libinit2.o(.ARM.Collect$$libinit$$0000002F)
    .ARM.Collect$$libshutdown$$00000000      0x0800402e   Section        2  libshutdown.o(.ARM.Collect$$libshutdown$$00000000)
    .ARM.Collect$$libshutdown$$00000003      0x08004030   Section        0  libshutdown2.o(.ARM.Collect$$libshutdown$$00000003)
    .ARM.Collect$$libshutdown$$00000006      0x08004030   Section        0  libshutdown2.o(.ARM.Collect$$libshutdown$$00000006)
    .ARM.Collect$$libshutdown$$00000009      0x08004030   Section        0  libshutdown2.o(.ARM.Collect$$libshutdown$$00000009)
    .ARM.Collect$$libshutdown$$0000000B      0x08004030   Section        0  libshutdown2.o(.ARM.Collect$$libshutdown$$0000000B)
    .ARM.Collect$$libshutdown$$0000000E      0x08004030   Section        0  libshutdown2.o(.ARM.Collect$$libshutdown$$0000000E)
    .ARM.Collect$$libshutdown$$0000000F      0x08004030   Section        2  libshutdown2.o(.ARM.Collect$$libshutdown$$0000000F)
    .ARM.Collect$$rtentry$$00000000          0x08004032   Section        0  rtentry.o(.ARM.Collect$$rtentry$$00000000)
    .ARM.Collect$$rtentry$$00000002          0x08004032   Section        0  rtentry2.o(.ARM.Collect$$rtentry$$00000002)
    .ARM.Collect$$rtentry$$00000004          0x08004032   Section        6  rtentry4.o(.ARM.Collect$$rtentry$$00000004)
    .ARM.Collect$$rtentry$$00000009          0x08004038   Section        0  rtentry2.o(.ARM.Collect$$rtentry$$00000009)
    .ARM.Collect$$rtentry$$0000000A          0x08004038   Section        4  rtentry2.o(.ARM.Collect$$rtentry$$0000000A)
    .ARM.Collect$$rtentry$$0000000C          0x0800403c   Section        0  rtentry2.o(.ARM.Collect$$rtentry$$0000000C)
    .ARM.Collect$$rtentry$$0000000D          0x0800403c   Section        8  rtentry2.o(.ARM.Collect$$rtentry$$0000000D)
    .ARM.Collect$$rtexit$$00000000           0x08004044   Section        2  rtexit.o(.ARM.Collect$$rtexit$$00000000)
    .ARM.Collect$$rtexit$$00000002           0x08004046   Section        0  rtexit2.o(.ARM.Collect$$rtexit$$00000002)
    .ARM.Collect$$rtexit$$00000003           0x08004046   Section        4  rtexit2.o(.ARM.Collect$$rtexit$$00000003)
    .ARM.Collect$$rtexit$$00000004           0x0800404a   Section        6  rtexit2.o(.ARM.Collect$$rtexit$$00000004)
    .text                                    0x08004050   Section       64  startup_stm32f4xx.o(.text)
    $v0                                      0x08004050   Number         0  startup_stm32f4xx.o(.text)
    .text                                    0x08004090   Section        0  main.o(.text)
    .text                                    0x080040c4   Section        0  systemcontrol.o(.text)
    .text                                    0x0800440c   Section        0  uartproc.o(.text)
    .text                                    0x0800459c   Section        0  util.o(.text)
    .text                                    0x08004614   Section        0  modbus_comm.o(.text)
    .text                                    0x080049fc   Section        0  crc.o(.text)
    .text                                    0x08004a2c   Section        0  adcdef.o(.text)
    .text                                    0x08004c98   Section        0  dmadef.o(.text)
    .text                                    0x08004d00   Section        0  gpiodef.o(.text)
    .text                                    0x08004d9c   Section        0  i2cdef.o(.text)
    .text                                    0x080054b4   Section        0  nvimdef.o(.text)
    .text                                    0x08005654   Section        0  spidef.o(.text)
    .text                                    0x08005894   Section        0  timerdef.o(.text)
    .text                                    0x08005a38   Section        0  uartdef.o(.text)
    .text                                    0x08005e40   Section        0  systemset.o(.text)
    SetSysClock                              0x08005e8b   Thumb Code   140  systemset.o(.text)
    .text                                    0x08005f34   Section        0  process.o(.text)
    .text                                    0x0800626c   Section        0  schedule.o(.text)
    .text                                    0x08006418   Section        0  heatproc.o(.text)
    .text                                    0x080064a8   Section        0  max31855.o(.text)
    .text                                    0x080065d0   Section        0  noretval__2printf.o(.text)
    .text                                    0x080065e8   Section        0  _printf_dec.o(.text)
    .text                                    0x08006660   Section        0  _printf_hex_int.o(.text)
    .text                                    0x080066bc   Section        0  __printf_flags_wp.o(.text)
    .text                                    0x080067f8   Section        0  heapauxi.o(.text)
    .text                                    0x080067fe   Section        0  _printf_intcommon.o(.text)
    .text                                    0x080068b6   Section        0  _printf_fp_dec.o(.text)
    _fp_digits                               0x080068b9   Thumb Code   428  _printf_fp_dec.o(.text)
    .text                                    0x08006cd8   Section        0  _printf_char_file.o(.text)
    .text                                    0x08006cfc   Section        8  rt_locale_intlibspace.o(.text)
    .text                                    0x08006d04   Section      138  lludiv10.o(.text)
    .text                                    0x08006d90   Section        0  _printf_char_common.o(.text)
    _printf_input_char                       0x08006d91   Thumb Code    10  _printf_char_common.o(.text)
    .text                                    0x08006dc0   Section        0  _printf_fp_infnan.o(.text)
    .text                                    0x08006e40   Section        0  bigflt0.o(.text)
    .text                                    0x08006f24   Section        8  libspace.o(.text)
    .text                                    0x08006f2c   Section       74  sys_stackheap_outer.o(.text)
    .text                                    0x08006f76   Section        0  exit.o(.text)
    .text                                    0x08006f84   Section      128  strcmpv7m.o(.text)
    CL$$btod_d2e                             0x08007004   Section       62  btod.o(CL$$btod_d2e)
    CL$$btod_d2e_denorm_low                  0x08007042   Section       70  btod.o(CL$$btod_d2e_denorm_low)
    CL$$btod_d2e_norm_op1                    0x08007088   Section       96  btod.o(CL$$btod_d2e_norm_op1)
    CL$$btod_div_common                      0x080070e8   Section      824  btod.o(CL$$btod_div_common)
    CL$$btod_e2e                             0x08007420   Section      198  btod.o(CL$$btod_e2e)
    CL$$btod_ediv                            0x080074e6   Section       40  btod.o(CL$$btod_ediv)
    CL$$btod_emul                            0x0800750e   Section       40  btod.o(CL$$btod_emul)
    CL$$btod_mult_common                     0x08007536   Section      580  btod.o(CL$$btod_mult_common)
    i.__ARM_fpclassify                       0x0800777a   Section        0  fpclassify.o(i.__ARM_fpclassify)
    i._is_digit                              0x080077aa   Section        0  __printf_wp.o(i._is_digit)
    locale$$code                             0x080077b8   Section       44  lc_numeric_c.o(locale$$code)
    x$fpl$ddiv                               0x080077e4   Section      688  ddiv.o(x$fpl$ddiv)
    $v0                                      0x080077e4   Number         0  ddiv.o(x$fpl$ddiv)
    ddiv_entry                               0x080077eb   Thumb Code     0  ddiv.o(x$fpl$ddiv)
    x$fpl$dfixu                              0x08007a94   Section       90  dfixu.o(x$fpl$dfixu)
    $v0                                      0x08007a94   Number         0  dfixu.o(x$fpl$dfixu)
    x$fpl$dfltu                              0x08007aee   Section       38  dflt_clz.o(x$fpl$dfltu)
    $v0                                      0x08007aee   Number         0  dflt_clz.o(x$fpl$dfltu)
    x$fpl$dmul                               0x08007b14   Section      340  dmul.o(x$fpl$dmul)
    $v0                                      0x08007b14   Number         0  dmul.o(x$fpl$dmul)
    x$fpl$dnaninf                            0x08007c68   Section      156  dnaninf.o(x$fpl$dnaninf)
    $v0                                      0x08007c68   Number         0  dnaninf.o(x$fpl$dnaninf)
    x$fpl$dretinf                            0x08007d04   Section       12  dretinf.o(x$fpl$dretinf)
    $v0                                      0x08007d04   Number         0  dretinf.o(x$fpl$dretinf)
    x$fpl$f2d                                0x08007d10   Section       86  f2d.o(x$fpl$f2d)
    $v0                                      0x08007d10   Number         0  f2d.o(x$fpl$f2d)
    x$fpl$fnaninf                            0x08007d66   Section      140  fnaninf.o(x$fpl$fnaninf)
    $v0                                      0x08007d66   Number         0  fnaninf.o(x$fpl$fnaninf)
    x$fpl$fpinit                             0x08007df2   Section       10  fpinit.o(x$fpl$fpinit)
    $v0                                      0x08007df2   Number         0  fpinit.o(x$fpl$fpinit)
    x$fpl$printf1                            0x08007dfc   Section        4  printf1.o(x$fpl$printf1)
    $v0                                      0x08007dfc   Number         0  printf1.o(x$fpl$printf1)
    .constdata                               0x08007e00   Section       40  _printf_hex_int.o(.constdata)
    x$fpl$usenofp                            0x08007e00   Section        0  usenofp.o(x$fpl$usenofp)
    uc_hextab                                0x08007e00   Data          20  _printf_hex_int.o(.constdata)
    lc_hextab                                0x08007e14   Data          20  _printf_hex_int.o(.constdata)
    .constdata                               0x08007e28   Section       17  __printf_flags_wp.o(.constdata)
    maptable                                 0x08007e28   Data          17  __printf_flags_wp.o(.constdata)
    .constdata                               0x08007e3c   Section      148  bigflt0.o(.constdata)
    tenpwrs_x                                0x08007e3c   Data          60  bigflt0.o(.constdata)
    tenpwrs_i                                0x08007e78   Data          64  bigflt0.o(.constdata)
    locale$$data                             0x08007ed0   Section       28  lc_numeric_c.o(locale$$data)
    __lcnum_c_name                           0x08007ed4   Data           2  lc_numeric_c.o(locale$$data)
    __lcnum_c_start                          0x08007edc   Data           0  lc_numeric_c.o(locale$$data)
    __lcnum_c_point                          0x08007ee8   Data           0  lc_numeric_c.o(locale$$data)
    __lcnum_c_thousands                      0x08007eea   Data           0  lc_numeric_c.o(locale$$data)
    __lcnum_c_grouping                       0x08007eeb   Data           0  lc_numeric_c.o(locale$$data)
    __lcnum_c_end                            0x08007eec   Data           0  lc_numeric_c.o(locale$$data)
    .data                                    0x20000000   Section        2  i2c_eeprom.o(.data)
    .data                                    0x20000002   Section        1  uartproc.o(.data)
    .data                                    0x20000004   Section        4  util.o(.data)
    .data                                    0x20000008   Section      512  crc.o(.data)
    .data                                    0x20000208   Section        2  adcdef.o(.data)
    .data                                    0x2000020c   Section        4  i2cdef.o(.data)
    .data                                    0x20000210   Section       16  nvimdef.o(.data)
    APBAHBPrescTable                         0x20000210   Data          16  nvimdef.o(.data)
    .data                                    0x20000220   Section        4  spidef.o(.data)
    .data                                    0x20000224   Section        2  timerdef.o(.data)
    .data                                    0x20000228   Section       20  process.o(.data)
    .data                                    0x2000023c   Section       24  schedule.o(.data)
    .data                                    0x20000254   Section        8  heatproc.o(.data)
    .data                                    0x2000025c   Section        1  heatproc.o(.data)
    .data                                    0x2000025e   Section        2  heatproc.o(.data)
    .data                                    0x20000260   Section       12  max31855.o(.data)
    .bss                                     0x2000026c   Section      268  uartproc.o(.bss)
    .bss                                     0x20000378   Section      280  modbus_comm.o(.bss)
    .bss                                     0x20000490   Section       40  adcdef.o(.bss)
    .bss                                     0x200004b8   Section     1584  uartdef.o(.bss)
    rbuf                                     0x200004b8   Data         264  uartdef.o(.bss)
    tbuf                                     0x200005c0   Data         264  uartdef.o(.bss)
    dbgrbuf                                  0x200006c8   Data         264  uartdef.o(.bss)
    dbgtbuf                                  0x200007d0   Data         264  uartdef.o(.bss)
    th465rbuf                                0x200008d8   Data         264  uartdef.o(.bss)
    th465tbuf                                0x200009e0   Data         264  uartdef.o(.bss)
    .bss                                     0x20000ae8   Section       28  process.o(.bss)
    .bss                                     0x20000b04   Section       40  max31855.o(.bss)
    .bss                                     0x20000b2c   Section       96  libspace.o(.bss)
    HEAP                                     0x20000b90   Section      512  startup_stm32f4xx.o(HEAP)
    Heap_Mem                                 0x20000b90   Data         512  startup_stm32f4xx.o(HEAP)
    STACK                                    0x20000d90   Section     1024  startup_stm32f4xx.o(STACK)
    Stack_Mem                                0x20000d90   Data        1024  startup_stm32f4xx.o(STACK)
    __initial_sp                             0x20001190   Data           0  startup_stm32f4xx.o(STACK)

    Global Symbols

    Symbol Name                              Value     Ov Type        Size  Object(Section)

    BuildAttributes$$THM_ISAv4$E$P$D$K$B$S$7EM$VFPi3$EXTD16$VFPS$VFMA$PE$A:L22UL41UL21$X:L11$S22US41US21$IEEE1$IW$USESV6$~STKCKD$USESV7$~SHL$OTIME$ROPI$IEEEJ$EBA8$UX$STANDARDLIB$REQ8$PRES8$EABIv2 0x00000000   Number         0  anon$$obj.o ABSOLUTE
    __ARM_use_no_argv                        0x00000000   Number         0  main.o ABSOLUTE
    _printf_flags                            0x00000000   Number         0  printf_stubs.o ABSOLUTE
    _printf_return_value                     0x00000000   Number         0  printf_stubs.o ABSOLUTE
    _printf_sizespec                         0x00000000   Number         0  printf_stubs.o ABSOLUTE
    _printf_widthprec                        0x00000000   Number         0  printf_stubs.o ABSOLUTE
    __ARM_exceptions_init                     - Undefined Weak Reference
    __alloca_initialize                       - Undefined Weak Reference
    __cpp_initialize__aeabi_                  - Undefined Weak Reference
    __cxa_finalize                            - Undefined Weak Reference
    __sigvec_lookup                           - Undefined Weak Reference
    _atexit_init                              - Undefined Weak Reference
    _call_atexit_fns                          - Undefined Weak Reference
    _clock_init                               - Undefined Weak Reference
    _fp_trap_init                             - Undefined Weak Reference
    _fp_trap_shutdown                         - Undefined Weak Reference
    _get_lc_collate                           - Undefined Weak Reference
    _get_lc_ctype                             - Undefined Weak Reference
    _get_lc_monetary                          - Undefined Weak Reference
    _get_lc_time                              - Undefined Weak Reference
    _getenv_init                              - Undefined Weak Reference
    _handle_redirection                       - Undefined Weak Reference
    _init_alloc                               - Undefined Weak Reference
    _init_user_alloc                          - Undefined Weak Reference
    _initio                                   - Undefined Weak Reference
    _printf_truncate_signed                   - Undefined Weak Reference
    _printf_truncate_unsigned                 - Undefined Weak Reference
    _rand_init                                - Undefined Weak Reference
    _signal_finish                            - Undefined Weak Reference
    _signal_init                              - Undefined Weak Reference
    _terminate_alloc                          - Undefined Weak Reference
    _terminate_user_alloc                     - Undefined Weak Reference
    _terminateio                              - Undefined Weak Reference
    __Vectors_Size                           0x00000188   Number         0  startup_stm32f4xx.o ABSOLUTE
    __Vectors                                0x08000000   Data           4  startup_stm32f4xx.o(RESET)
    __Vectors_End                            0x08000188   Data           0  startup_stm32f4xx.o(RESET)
    __main                                   0x08000189   Thumb Code     8  __main.o(!!!main)
    __scatterload                            0x08000191   Thumb Code     0  __scatter.o(!!!scatter)
    __scatterload_rt2                        0x08000191   Thumb Code    44  __scatter.o(!!!scatter)
    __scatterload_rt2_thumb_only             0x08000191   Thumb Code     0  __scatter.o(!!!scatter)
    __scatterload_null                       0x0800019f   Thumb Code     0  __scatter.o(!!!scatter)
    __decompress                             0x080001c5   Thumb Code    90  __dczerorl2.o(!!dczerorl2)
    __decompress1                            0x080001c5   Thumb Code     0  __dczerorl2.o(!!dczerorl2)
    __scatterload_zeroinit                   0x08000221   Thumb Code    28  __scatter_zi.o(!!handler_zi)
    Region$$Table$$Base                      0x0800023c   Number         0  anon$$obj.o(Region$$Table)
    Region$$Table$$Limit                     0x0800025c   Number         0  anon$$obj.o(Region$$Table)
    _printf_f                                0x08004001   Thumb Code     0  _printf_f.o(.ARM.Collect$$_printf_percent$$00000003)
    _printf_percent                          0x08004001   Thumb Code     0  _printf_percent.o(.ARM.Collect$$_printf_percent$$00000000)
    _printf_d                                0x08004007   Thumb Code     0  _printf_d.o(.ARM.Collect$$_printf_percent$$00000009)
    _printf_x                                0x0800400d   Thumb Code     0  _printf_x.o(.ARM.Collect$$_printf_percent$$0000000C)
    _printf_percent_end                      0x08004013   Thumb Code     0  _printf_percent_end.o(.ARM.Collect$$_printf_percent$$00000017)
    __rt_lib_init                            0x08004017   Thumb Code     0  libinit.o(.ARM.Collect$$libinit$$00000000)
    __rt_lib_init_heap_1                     0x0800401d   Thumb Code     0  libinit2.o(.ARM.Collect$$libinit$$00000006)
    __rt_lib_init_lc_common                  0x0800401d   Thumb Code     0  libinit2.o(.ARM.Collect$$libinit$$0000000B)
    __rt_lib_init_rand_1                     0x0800401d   Thumb Code     0  libinit2.o(.ARM.Collect$$libinit$$0000000A)
    __rt_lib_init_user_alloc_1               0x0800401d   Thumb Code     0  libinit2.o(.ARM.Collect$$libinit$$00000008)
    __rt_lib_init_lc_collate_1               0x08004023   Thumb Code     0  libinit2.o(.ARM.Collect$$libinit$$0000000D)
    __rt_lib_init_lc_ctype_1                 0x08004023   Thumb Code     0  libinit2.o(.ARM.Collect$$libinit$$0000000F)
    __rt_lib_init_lc_monetary_1              0x08004023   Thumb Code     0  libinit2.o(.ARM.Collect$$libinit$$00000011)
    __rt_lib_init_lc_numeric_2               0x08004023   Thumb Code     0  libinit2.o(.ARM.Collect$$libinit$$00000012)
    __rt_lib_init_alloca_1                   0x0800402d   Thumb Code     0  libinit2.o(.ARM.Collect$$libinit$$0000002A)
    __rt_lib_init_argv_1                     0x0800402d   Thumb Code     0  libinit2.o(.ARM.Collect$$libinit$$00000028)
    __rt_lib_init_atexit_1                   0x0800402d   Thumb Code     0  libinit2.o(.ARM.Collect$$libinit$$00000017)
    __rt_lib_init_clock_1                    0x0800402d   Thumb Code     0  libinit2.o(.ARM.Collect$$libinit$$0000001D)
    __rt_lib_init_cpp_1                      0x0800402d   Thumb Code     0  libinit2.o(.ARM.Collect$$libinit$$0000002E)
    __rt_lib_init_exceptions_1               0x0800402d   Thumb Code     0  libinit2.o(.ARM.Collect$$libinit$$0000002C)
    __rt_lib_init_fp_trap_1                  0x0800402d   Thumb Code     0  libinit2.o(.ARM.Collect$$libinit$$0000001B)
    __rt_lib_init_getenv_1                   0x0800402d   Thumb Code     0  libinit2.o(.ARM.Collect$$libinit$$0000001F)
    __rt_lib_init_lc_numeric_1               0x0800402d   Thumb Code     0  libinit2.o(.ARM.Collect$$libinit$$00000013)
    __rt_lib_init_lc_time_1                  0x0800402d   Thumb Code     0  libinit2.o(.ARM.Collect$$libinit$$00000015)
    __rt_lib_init_return                     0x0800402d   Thumb Code     0  libinit2.o(.ARM.Collect$$libinit$$0000002F)
    __rt_lib_init_signal_1                   0x0800402d   Thumb Code     0  libinit2.o(.ARM.Collect$$libinit$$00000019)
    __rt_lib_init_stdio_1                    0x0800402d   Thumb Code     0  libinit2.o(.ARM.Collect$$libinit$$00000021)
    __rt_lib_shutdown                        0x0800402f   Thumb Code     0  libshutdown.o(.ARM.Collect$$libshutdown$$00000000)
    __rt_lib_shutdown_fp_trap_1              0x08004031   Thumb Code     0  libshutdown2.o(.ARM.Collect$$libshutdown$$00000006)
    __rt_lib_shutdown_heap_1                 0x08004031   Thumb Code     0  libshutdown2.o(.ARM.Collect$$libshutdown$$0000000E)
    __rt_lib_shutdown_return                 0x08004031   Thumb Code     0  libshutdown2.o(.ARM.Collect$$libshutdown$$0000000F)
    __rt_lib_shutdown_signal_1               0x08004031   Thumb Code     0  libshutdown2.o(.ARM.Collect$$libshutdown$$00000009)
    __rt_lib_shutdown_stdio_1                0x08004031   Thumb Code     0  libshutdown2.o(.ARM.Collect$$libshutdown$$00000003)
    __rt_lib_shutdown_user_alloc_1           0x08004031   Thumb Code     0  libshutdown2.o(.ARM.Collect$$libshutdown$$0000000B)
    __rt_entry                               0x08004033   Thumb Code     0  rtentry.o(.ARM.Collect$$rtentry$$00000000)
    __rt_entry_presh_1                       0x08004033   Thumb Code     0  rtentry2.o(.ARM.Collect$$rtentry$$00000002)
    __rt_entry_sh                            0x08004033   Thumb Code     0  rtentry4.o(.ARM.Collect$$rtentry$$00000004)
    __rt_entry_li                            0x08004039   Thumb Code     0  rtentry2.o(.ARM.Collect$$rtentry$$0000000A)
    __rt_entry_postsh_1                      0x08004039   Thumb Code     0  rtentry2.o(.ARM.Collect$$rtentry$$00000009)
    __rt_entry_main                          0x0800403d   Thumb Code     0  rtentry2.o(.ARM.Collect$$rtentry$$0000000D)
    __rt_entry_postli_1                      0x0800403d   Thumb Code     0  rtentry2.o(.ARM.Collect$$rtentry$$0000000C)
    __rt_exit                                0x08004045   Thumb Code     0  rtexit.o(.ARM.Collect$$rtexit$$00000000)
    __rt_exit_ls                             0x08004047   Thumb Code     0  rtexit2.o(.ARM.Collect$$rtexit$$00000003)
    __rt_exit_prels_1                        0x08004047   Thumb Code     0  rtexit2.o(.ARM.Collect$$rtexit$$00000002)
    __rt_exit_exit                           0x0800404b   Thumb Code     0  rtexit2.o(.ARM.Collect$$rtexit$$00000004)
    Reset_Handler                            0x08004051   Thumb Code     8  startup_stm32f4xx.o(.text)
    NMI_Handler                              0x08004059   Thumb Code     2  startup_stm32f4xx.o(.text)
    HardFault_Handler                        0x0800405b   Thumb Code     2  startup_stm32f4xx.o(.text)
    MemManage_Handler                        0x0800405d   Thumb Code     2  startup_stm32f4xx.o(.text)
    BusFault_Handler                         0x0800405f   Thumb Code     2  startup_stm32f4xx.o(.text)
    UsageFault_Handler                       0x08004061   Thumb Code     2  startup_stm32f4xx.o(.text)
    SVC_Handler                              0x08004063   Thumb Code     2  startup_stm32f4xx.o(.text)
    DebugMon_Handler                         0x08004065   Thumb Code     2  startup_stm32f4xx.o(.text)
    PendSV_Handler                           0x08004067   Thumb Code     2  startup_stm32f4xx.o(.text)
    SysTick_Handler                          0x08004069   Thumb Code     2  startup_stm32f4xx.o(.text)
    ADC_IRQHandler                           0x0800406b   Thumb Code     0  startup_stm32f4xx.o(.text)
    CAN1_RX0_IRQHandler                      0x0800406b   Thumb Code     0  startup_stm32f4xx.o(.text)
    CAN1_RX1_IRQHandler                      0x0800406b   Thumb Code     0  startup_stm32f4xx.o(.text)
    CAN1_SCE_IRQHandler                      0x0800406b   Thumb Code     0  startup_stm32f4xx.o(.text)
    CAN1_TX_IRQHandler                       0x0800406b   Thumb Code     0  startup_stm32f4xx.o(.text)
    CAN2_RX0_IRQHandler                      0x0800406b   Thumb Code     0  startup_stm32f4xx.o(.text)
    CAN2_RX1_IRQHandler                      0x0800406b   Thumb Code     0  startup_stm32f4xx.o(.text)
    CAN2_SCE_IRQHandler                      0x0800406b   Thumb Code     0  startup_stm32f4xx.o(.text)
    CAN2_TX_IRQHandler                       0x0800406b   Thumb Code     0  startup_stm32f4xx.o(.text)
    CRYP_IRQHandler                          0x0800406b   Thumb Code     0  startup_stm32f4xx.o(.text)
    DCMI_IRQHandler                          0x0800406b   Thumb Code     0  startup_stm32f4xx.o(.text)
    DMA1_Stream0_IRQHandler                  0x0800406b   Thumb Code     0  startup_stm32f4xx.o(.text)
    DMA1_Stream1_IRQHandler                  0x0800406b   Thumb Code     0  startup_stm32f4xx.o(.text)
    DMA1_Stream2_IRQHandler                  0x0800406b   Thumb Code     0  startup_stm32f4xx.o(.text)
    DMA1_Stream3_IRQHandler                  0x0800406b   Thumb Code     0  startup_stm32f4xx.o(.text)
    DMA1_Stream4_IRQHandler                  0x0800406b   Thumb Code     0  startup_stm32f4xx.o(.text)
    DMA1_Stream5_IRQHandler                  0x0800406b   Thumb Code     0  startup_stm32f4xx.o(.text)
    DMA1_Stream6_IRQHandler                  0x0800406b   Thumb Code     0  startup_stm32f4xx.o(.text)
    DMA1_Stream7_IRQHandler                  0x0800406b   Thumb Code     0  startup_stm32f4xx.o(.text)
    DMA2_Stream0_IRQHandler                  0x0800406b   Thumb Code     0  startup_stm32f4xx.o(.text)
    DMA2_Stream1_IRQHandler                  0x0800406b   Thumb Code     0  startup_stm32f4xx.o(.text)
    DMA2_Stream2_IRQHandler                  0x0800406b   Thumb Code     0  startup_stm32f4xx.o(.text)
    DMA2_Stream3_IRQHandler                  0x0800406b   Thumb Code     0  startup_stm32f4xx.o(.text)
    DMA2_Stream4_IRQHandler                  0x0800406b   Thumb Code     0  startup_stm32f4xx.o(.text)
    DMA2_Stream5_IRQHandler                  0x0800406b   Thumb Code     0  startup_stm32f4xx.o(.text)
    DMA2_Stream6_IRQHandler                  0x0800406b   Thumb Code     0  startup_stm32f4xx.o(.text)
    DMA2_Stream7_IRQHandler                  0x0800406b   Thumb Code     0  startup_stm32f4xx.o(.text)
    ETH_IRQHandler                           0x0800406b   Thumb Code     0  startup_stm32f4xx.o(.text)
    ETH_WKUP_IRQHandler                      0x0800406b   Thumb Code     0  startup_stm32f4xx.o(.text)
    EXTI0_IRQHandler                         0x0800406b   Thumb Code     0  startup_stm32f4xx.o(.text)
    EXTI15_10_IRQHandler                     0x0800406b   Thumb Code     0  startup_stm32f4xx.o(.text)
    EXTI1_IRQHandler                         0x0800406b   Thumb Code     0  startup_stm32f4xx.o(.text)
    EXTI2_IRQHandler                         0x0800406b   Thumb Code     0  startup_stm32f4xx.o(.text)
    EXTI3_IRQHandler                         0x0800406b   Thumb Code     0  startup_stm32f4xx.o(.text)
    EXTI4_IRQHandler                         0x0800406b   Thumb Code     0  startup_stm32f4xx.o(.text)
    EXTI9_5_IRQHandler                       0x0800406b   Thumb Code     0  startup_stm32f4xx.o(.text)
    FLASH_IRQHandler                         0x0800406b   Thumb Code     0  startup_stm32f4xx.o(.text)
    FPU_IRQHandler                           0x0800406b   Thumb Code     0  startup_stm32f4xx.o(.text)
    FSMC_IRQHandler                          0x0800406b   Thumb Code     0  startup_stm32f4xx.o(.text)
    HASH_RNG_IRQHandler                      0x0800406b   Thumb Code     0  startup_stm32f4xx.o(.text)
    I2C1_ER_IRQHandler                       0x0800406b   Thumb Code     0  startup_stm32f4xx.o(.text)
    I2C1_EV_IRQHandler                       0x0800406b   Thumb Code     0  startup_stm32f4xx.o(.text)
    I2C2_ER_IRQHandler                       0x0800406b   Thumb Code     0  startup_stm32f4xx.o(.text)
    I2C2_EV_IRQHandler                       0x0800406b   Thumb Code     0  startup_stm32f4xx.o(.text)
    I2C3_ER_IRQHandler                       0x0800406b   Thumb Code     0  startup_stm32f4xx.o(.text)
    I2C3_EV_IRQHandler                       0x0800406b   Thumb Code     0  startup_stm32f4xx.o(.text)
    OTG_FS_IRQHandler                        0x0800406b   Thumb Code     0  startup_stm32f4xx.o(.text)
    OTG_FS_WKUP_IRQHandler                   0x0800406b   Thumb Code     0  startup_stm32f4xx.o(.text)
    OTG_HS_EP1_IN_IRQHandler                 0x0800406b   Thumb Code     0  startup_stm32f4xx.o(.text)
    OTG_HS_EP1_OUT_IRQHandler                0x0800406b   Thumb Code     0  startup_stm32f4xx.o(.text)
    OTG_HS_IRQHandler                        0x0800406b   Thumb Code     0  startup_stm32f4xx.o(.text)
    OTG_HS_WKUP_IRQHandler                   0x0800406b   Thumb Code     0  startup_stm32f4xx.o(.text)
    PVD_IRQHandler                           0x0800406b   Thumb Code     0  startup_stm32f4xx.o(.text)
    RCC_IRQHandler                           0x0800406b   Thumb Code     0  startup_stm32f4xx.o(.text)
    RTC_Alarm_IRQHandler                     0x0800406b   Thumb Code     0  startup_stm32f4xx.o(.text)
    RTC_WKUP_IRQHandler                      0x0800406b   Thumb Code     0  startup_stm32f4xx.o(.text)
    SDIO_IRQHandler                          0x0800406b   Thumb Code     0  startup_stm32f4xx.o(.text)
    SPI1_IRQHandler                          0x0800406b   Thumb Code     0  startup_stm32f4xx.o(.text)
    SPI2_IRQHandler                          0x0800406b   Thumb Code     0  startup_stm32f4xx.o(.text)
    SPI3_IRQHandler                          0x0800406b   Thumb Code     0  startup_stm32f4xx.o(.text)
    TAMP_STAMP_IRQHandler                    0x0800406b   Thumb Code     0  startup_stm32f4xx.o(.text)
    TIM1_BRK_TIM9_IRQHandler                 0x0800406b   Thumb Code     0  startup_stm32f4xx.o(.text)
    TIM1_CC_IRQHandler                       0x0800406b   Thumb Code     0  startup_stm32f4xx.o(.text)
    TIM1_TRG_COM_TIM11_IRQHandler            0x0800406b   Thumb Code     0  startup_stm32f4xx.o(.text)
    TIM1_UP_TIM10_IRQHandler                 0x0800406b   Thumb Code     0  startup_stm32f4xx.o(.text)
    TIM4_IRQHandler                          0x0800406b   Thumb Code     0  startup_stm32f4xx.o(.text)
    TIM5_IRQHandler                          0x0800406b   Thumb Code     0  startup_stm32f4xx.o(.text)
    TIM6_DAC_IRQHandler                      0x0800406b   Thumb Code     0  startup_stm32f4xx.o(.text)
    TIM7_IRQHandler                          0x0800406b   Thumb Code     0  startup_stm32f4xx.o(.text)
    TIM8_BRK_TIM12_IRQHandler                0x0800406b   Thumb Code     0  startup_stm32f4xx.o(.text)
    TIM8_CC_IRQHandler                       0x0800406b   Thumb Code     0  startup_stm32f4xx.o(.text)
    TIM8_TRG_COM_TIM14_IRQHandler            0x0800406b   Thumb Code     0  startup_stm32f4xx.o(.text)
    TIM8_UP_TIM13_IRQHandler                 0x0800406b   Thumb Code     0  startup_stm32f4xx.o(.text)
    UART4_IRQHandler                         0x0800406b   Thumb Code     0  startup_stm32f4xx.o(.text)
    UART5_IRQHandler                         0x0800406b   Thumb Code     0  startup_stm32f4xx.o(.text)
    USART6_IRQHandler                        0x0800406b   Thumb Code     0  startup_stm32f4xx.o(.text)
    WWDG_IRQHandler                          0x0800406b   Thumb Code     0  startup_stm32f4xx.o(.text)
    __user_initial_stackheap                 0x0800406d   Thumb Code     0  startup_stm32f4xx.o(.text)
    main                                     0x08004091   Thumb Code    48  main.o(.text)
    InitGPIOControl                          0x080040c5   Thumb Code   488  systemcontrol.o(.text)
    APP_InitSystem                           0x080042ad   Thumb Code   228  systemcontrol.o(.text)
    InitValue                                0x08004391   Thumb Code    46  systemcontrol.o(.text)
    USART3_COMM_RESET                        0x0800440d   Thumb Code    20  uartproc.o(.text)
    APP_INIT_UART_VAR                        0x08004421   Thumb Code    14  uartproc.o(.text)
    RS485PORTTx                              0x0800442f   Thumb Code   134  uartproc.o(.text)
    RS485PORT_RxProtocol                     0x080044b5   Thumb Code   198  uartproc.o(.text)
    fputc                                    0x0800459d   Thumb Code    30  util.o(.text)
    fgetc                                    0x080045bb   Thumb Code    24  util.o(.text)
    _ttywrch                                 0x080045d3   Thumb Code     8  util.o(.text)
    ferror                                   0x080045db   Thumb Code     6  util.o(.text)
    _sys_exit                                0x080045e1   Thumb Code     2  util.o(.text)
    delay_us                                 0x080045e3   Thumb Code    20  util.o(.text)
    delay_ms                                 0x080045f7   Thumb Code    26  util.o(.text)
    ModbusRX0_Init                           0x08004615   Thumb Code    22  modbus_comm.o(.text)
    WriteParameter                           0x0800462b   Thumb Code   226  modbus_comm.o(.text)
    Send_WriteSingleRegister                 0x0800470d   Thumb Code    34  modbus_comm.o(.text)
    ReadParameter                            0x0800472f   Thumb Code   140  modbus_comm.o(.text)
    Send_ReadRegister                        0x080047bb   Thumb Code   172  modbus_comm.o(.text)
    RX0_DoRxCmd                              0x08004867   Thumb Code    68  modbus_comm.o(.text)
    ModbusRx_Protocol                        0x080048ab   Thumb Code   202  modbus_comm.o(.text)
    Update_CRC16                             0x080049fd   Thumb Code    44  crc.o(.text)
    ADCSetGPIO                               0x08004a2d   Thumb Code    56  adcdef.o(.text)
    ADC_DeInit                               0x08004a65   Thumb Code    24  adcdef.o(.text)
    ADC_CommonInit                           0x08004a7d   Thumb Code    42  adcdef.o(.text)
    ADC_Init                                 0x08004aa7   Thumb Code    68  adcdef.o(.text)
    ADC_RegularChannelConfig                 0x08004aeb   Thumb Code   116  adcdef.o(.text)
    ADC_DMARequestAfterLastTransferCmd       0x08004b5f   Thumb Code    20  adcdef.o(.text)
    ADC_DMACmd                               0x08004b73   Thumb Code    20  adcdef.o(.text)
    ADC_Cmd                                  0x08004b87   Thumb Code    20  adcdef.o(.text)
    ADC_SoftwareStartConv                    0x08004b9b   Thumb Code    10  adcdef.o(.text)
    ADC_GetFlagStatus                        0x08004ba5   Thumb Code    14  adcdef.o(.text)
    ADC_GetConversionValue                   0x08004bb3   Thumb Code     6  adcdef.o(.text)
    ADC_CH_Change                            0x08004bb9   Thumb Code    26  adcdef.o(.text)
    ADC_Configuration                        0x08004bd3   Thumb Code   164  adcdef.o(.text)
    DMA_Init                                 0x08004c99   Thumb Code    80  dmadef.o(.text)
    DMA_Cmd                                  0x08004ce9   Thumb Code    20  dmadef.o(.text)
    GPIO_PinAFConfig                         0x08004d01   Thumb Code    32  gpiodef.o(.text)
    GpioBPortInit                            0x08004d21   Thumb Code   108  gpiodef.o(.text)
    GPIO_ReadInputDataBit                    0x08004d8d   Thumb Code    16  gpiodef.o(.text)
    I2C_DeInit                               0x08004d9d   Thumb Code    56  i2cdef.o(.text)
    I2C_Init                                 0x08004dd5   Thumb Code   172  i2cdef.o(.text)
    I2C_StructInit                           0x08004e81   Thumb Code    30  i2cdef.o(.text)
    I2C_Cmd                                  0x08004e9f   Thumb Code    20  i2cdef.o(.text)
    I2C_GenerateSTART                        0x08004eb3   Thumb Code    20  i2cdef.o(.text)
    I2C_GenerateSTOP                         0x08004ec7   Thumb Code    20  i2cdef.o(.text)
    I2C_CheckEvent                           0x08004edb   Thumb Code    24  i2cdef.o(.text)
    I2C_Send7bitAddress                      0x08004ef3   Thumb Code    16  i2cdef.o(.text)
    I2C_SendData                             0x08004f03   Thumb Code     4  i2cdef.o(.text)
    I2C_ReceiveData                          0x08004f07   Thumb Code     6  i2cdef.o(.text)
    _TIMEOUT_UserCallback                    0x08004f0d   Thumb Code     4  i2cdef.o(.text)
    I2C_AcknowledgeConfig                    0x08004f11   Thumb Code    20  i2cdef.o(.text)
    I2C_GetFlagStatus                        0x08004f25   Thumb Code    30  i2cdef.o(.text)
    I2C_start                                0x08004f43   Thumb Code   124  i2cdef.o(.text)
    I2C_ITConfig                             0x08004fbf   Thumb Code    16  i2cdef.o(.text)
    I2C_write                                0x08004fcf   Thumb Code    44  i2cdef.o(.text)
    I2C_read_ack                             0x08004ffb   Thumb Code    54  i2cdef.o(.text)
    I2C_read_nack                            0x08005031   Thumb Code    54  i2cdef.o(.text)
    I2C_stop                                 0x08005067   Thumb Code     4  i2cdef.o(.text)
    I2C_GPIO                                 0x0800506b   Thumb Code   108  i2cdef.o(.text)
    Init_I2C                                 0x080050d7   Thumb Code    68  i2cdef.o(.text)
    INT_SW_i2cDelay                          0x0800511b   Thumb Code    14  i2cdef.o(.text)
    INT_SW_i2cDelay2                         0x08005129   Thumb Code    14  i2cdef.o(.text)
    INT_SW_i2c_SDAInput                      0x08005137   Thumb Code    22  i2cdef.o(.text)
    INT_SW_i2c_SDAOutput                     0x0800514d   Thumb Code    24  i2cdef.o(.text)
    INT_SW_i2c_SCLOutput                     0x08005165   Thumb Code    60  i2cdef.o(.text)
    INT_SW_i2c_SetSDA                        0x080051a1   Thumb Code    10  i2cdef.o(.text)
    INT_SW_i2c_ClrSDA                        0x080051ab   Thumb Code    12  i2cdef.o(.text)
    INT_SW_i2c_SetSCL                        0x080051b7   Thumb Code    10  i2cdef.o(.text)
    INT_SW_i2c_ClrSCL                        0x080051c1   Thumb Code    12  i2cdef.o(.text)
    INT_SW_i2c_GetSDA                        0x080051cd   Thumb Code    10  i2cdef.o(.text)
    INT_SW_i2cStart                          0x080051d7   Thumb Code    38  i2cdef.o(.text)
    INT_SW_i2cStop                           0x080051fd   Thumb Code    34  i2cdef.o(.text)
    INT_SW_i2cGetAck                         0x0800521f   Thumb Code    58  i2cdef.o(.text)
    INT_SW_i2cSendAck                        0x08005259   Thumb Code    26  i2cdef.o(.text)
    INT_SW_i2c_Transmit                      0x08005273   Thumb Code    78  i2cdef.o(.text)
    INT_SW_i2c_Reveive                       0x080052c1   Thumb Code    70  i2cdef.o(.text)
    INT_SW_i2c_WriteByte                     0x08005307   Thumb Code   104  i2cdef.o(.text)
    INT_SW_I2C_ReadBytes                     0x0800536f   Thumb Code   176  i2cdef.o(.text)
    INT_SW_i2c_Init                          0x0800541f   Thumb Code    24  i2cdef.o(.text)
    NVIC_Init                                0x080054b5   Thumb Code    92  nvimdef.o(.text)
    InitInterrupt                            0x08005511   Thumb Code    28  nvimdef.o(.text)
    RCC_APB2PeriphResetCmd                   0x0800552d   Thumb Code    18  nvimdef.o(.text)
    RCC_APB1PeriphClockCmd                   0x0800553f   Thumb Code    20  nvimdef.o(.text)
    RCC_AHB1PeriphClockCmd                   0x08005553   Thumb Code    20  nvimdef.o(.text)
    RCC_APB2PeriphClockCmd                   0x08005567   Thumb Code    20  nvimdef.o(.text)
    RCC_APB1PeriphResetCmd                   0x0800557b   Thumb Code    20  nvimdef.o(.text)
    RCC_AHB1PeriphResetCmd                   0x0800558f   Thumb Code    20  nvimdef.o(.text)
    RCC_GetClocksFreq                        0x080055a3   Thumb Code   140  nvimdef.o(.text)
    NVIC_PriorityGroupConfig                 0x0800562f   Thumb Code    10  nvimdef.o(.text)
    SPI_Init                                 0x08005655   Thumb Code    58  spidef.o(.text)
    SPI_Cmd                                  0x0800568f   Thumb Code    20  spidef.o(.text)
    SPI_I2S_GetFlagStatus                    0x080056a3   Thumb Code    14  spidef.o(.text)
    SPI_TIMEOUT_UserCallback                 0x080056b1   Thumb Code     4  spidef.o(.text)
    SPI_I2S_SendData                         0x080056b5   Thumb Code     4  spidef.o(.text)
    SPI_I2S_ReceiveData                      0x080056b9   Thumb Code     4  spidef.o(.text)
    SPI_WriteByte                            0x080056bd   Thumb Code    78  spidef.o(.text)
    SPI_ReadByte                             0x0800570b   Thumb Code    76  spidef.o(.text)
    INT_SPI_InitPort                         0x08005757   Thumb Code   306  spidef.o(.text)
    TIM_Cmd                                  0x08005895   Thumb Code    20  timerdef.o(.text)
    TIM_ITConfig                             0x080058a9   Thumb Code    16  timerdef.o(.text)
    TIM_ClearITPendingBit                    0x080058b9   Thumb Code     6  timerdef.o(.text)
    TIM_TimeBaseInit                         0x080058bf   Thumb Code   100  timerdef.o(.text)
    TimerInit                                0x08005923   Thumb Code   128  timerdef.o(.text)
    TIM_GetITStatus                          0x080059a3   Thumb Code    22  timerdef.o(.text)
    TIM_GetCapture1                          0x080059b9   Thumb Code     4  timerdef.o(.text)
    TIM_SetCompare1                          0x080059bd   Thumb Code     4  timerdef.o(.text)
    TIM_SetAutoreload                        0x080059c1   Thumb Code     4  timerdef.o(.text)
    TIM2_IRQHandler                          0x080059c5   Thumb Code    42  timerdef.o(.text)
    TIM3_IRQHandler                          0x080059ef   Thumb Code    42  timerdef.o(.text)
    USART_Init                               0x08005a39   Thumb Code   174  uartdef.o(.text)
    USART_ITConfig                           0x08005ae7   Thumb Code    48  uartdef.o(.text)
    USART_Cmd                                0x08005b17   Thumb Code    20  uartdef.o(.text)
    USART_SendData                           0x08005b2b   Thumb Code     8  uartdef.o(.text)
    USART_GetFlagStatus                      0x08005b33   Thumb Code    14  uartdef.o(.text)
    GetKey                                   0x08005b41   Thumb Code    34  uartdef.o(.text)
    USART3_IRQHandler                        0x08005b63   Thumb Code   102  uartdef.o(.text)
    GetDBG                                   0x08005bc9   Thumb Code    34  uartdef.o(.text)
    USART2_IRQHandler                        0x08005beb   Thumb Code   102  uartdef.o(.text)
    Getth465                                 0x08005c51   Thumb Code    34  uartdef.o(.text)
    USART1_IRQHandler                        0x08005c73   Thumb Code    94  uartdef.o(.text)
    USART_IO_Config                          0x08005cd1   Thumb Code   196  uartdef.o(.text)
    USART_Configuration                      0x08005d95   Thumb Code    96  uartdef.o(.text)
    SendUart                                 0x08005df5   Thumb Code    22  uartdef.o(.text)
    SystemInit                               0x08005e41   Thumb Code    74  systemset.o(.text)
    Get_Voltage_Value                        0x08005f35   Thumb Code    44  process.o(.text)
    Get_Current_Value                        0x08005f61   Thumb Code    32  process.o(.text)
    MonitorADCFun                            0x08005f81   Thumb Code    72  process.o(.text)
    JIG_INT_Flash_Write                      0x08005fc9   Thumb Code     2  process.o(.text)
    Init_VAR                                 0x08005fcb   Thumb Code    14  process.o(.text)
    PID_Process                              0x08005fd9   Thumb Code   208  process.o(.text)
    RXACK                                    0x080060a9   Thumb Code    16  process.o(.text)
    COMMProcess                              0x080060b9   Thumb Code   300  process.o(.text)
    DoTime2_500ms                            0x0800626d   Thumb Code    28  schedule.o(.text)
    DoTime2_100ms                            0x08006289   Thumb Code     2  schedule.o(.text)
    DoTime2_10ms                             0x0800628b   Thumb Code     2  schedule.o(.text)
    DoTime2_1ms                              0x0800628d   Thumb Code     2  schedule.o(.text)
    Time2Fun                                 0x0800628f   Thumb Code   116  schedule.o(.text)
    SoftTime2_500ms                          0x08006303   Thumb Code   126  schedule.o(.text)
    SoftTime2_100ms                          0x08006381   Thumb Code     2  schedule.o(.text)
    SoftTime2_10ms                           0x08006383   Thumb Code     2  schedule.o(.text)
    SoftTime2_1ms                            0x08006385   Thumb Code    14  schedule.o(.text)
    Time2Schedule                            0x08006393   Thumb Code    42  schedule.o(.text)
    Time3Fun                                 0x080063bd   Thumb Code     4  schedule.o(.text)
    OutPut_Control                           0x08006419   Thumb Code    76  heatproc.o(.text)
    TempCelProc                              0x08006465   Thumb Code     2  heatproc.o(.text)
    HeatTimer                                0x08006467   Thumb Code    48  heatproc.o(.text)
    INT_Max31855_CS                          0x080064a9   Thumb Code    26  max31855.o(.text)
    Read_Templature                          0x080064c3   Thumb Code   228  max31855.o(.text)
    __2printf                                0x080065d1   Thumb Code    20  noretval__2printf.o(.text)
    _printf_int_dec                          0x080065e9   Thumb Code   102  _printf_dec.o(.text)
    _printf_int_hex                          0x08006661   Thumb Code    88  _printf_hex_int.o(.text)
    _printf_longlong_hex                     0x08006661   Thumb Code     0  _printf_hex_int.o(.text)
    __printf                                 0x080066bd   Thumb Code   310  __printf_flags_wp.o(.text)
    __use_two_region_memory                  0x080067f9   Thumb Code     2  heapauxi.o(.text)
    __rt_heap_escrow$2region                 0x080067fb   Thumb Code     2  heapauxi.o(.text)
    __rt_heap_expand$2region                 0x080067fd   Thumb Code     2  heapauxi.o(.text)
    _printf_int_common                       0x080067ff   Thumb Code   184  _printf_intcommon.o(.text)
    __lib_sel_fp_printf                      0x080068b7   Thumb Code     2  _printf_fp_dec.o(.text)
    _printf_fp_dec_real                      0x08006a65   Thumb Code   626  _printf_fp_dec.o(.text)
    _printf_char_file                        0x08006cd9   Thumb Code    32  _printf_char_file.o(.text)
    __rt_locale                              0x08006cfd   Thumb Code     8  rt_locale_intlibspace.o(.text)
    _ll_udiv10                               0x08006d05   Thumb Code   138  lludiv10.o(.text)
    _printf_char_common                      0x08006d9b   Thumb Code    32  _printf_char_common.o(.text)
    _printf_fp_infnan                        0x08006dc1   Thumb Code   112  _printf_fp_infnan.o(.text)
    _btod_etento                             0x08006e41   Thumb Code   222  bigflt0.o(.text)
    __user_libspace                          0x08006f25   Thumb Code     8  libspace.o(.text)
    __user_perproc_libspace                  0x08006f25   Thumb Code     0  libspace.o(.text)
    __user_perthread_libspace                0x08006f25   Thumb Code     0  libspace.o(.text)
    __user_setup_stackheap                   0x08006f2d   Thumb Code    74  sys_stackheap_outer.o(.text)
    exit                                     0x08006f77   Thumb Code    12  exit.o(.text)
    strcmp                                   0x08006f85   Thumb Code   128  strcmpv7m.o(.text)
    _btod_d2e                                0x08007005   Thumb Code    62  btod.o(CL$$btod_d2e)
    _d2e_denorm_low                          0x08007043   Thumb Code    70  btod.o(CL$$btod_d2e_denorm_low)
    _d2e_norm_op1                            0x08007089   Thumb Code    96  btod.o(CL$$btod_d2e_norm_op1)
    __btod_div_common                        0x080070e9   Thumb Code   696  btod.o(CL$$btod_div_common)
    _e2e                                     0x08007421   Thumb Code   198  btod.o(CL$$btod_e2e)
    _btod_ediv                               0x080074e7   Thumb Code    40  btod.o(CL$$btod_ediv)
    _btod_emul                               0x0800750f   Thumb Code    40  btod.o(CL$$btod_emul)
    __btod_mult_common                       0x08007537   Thumb Code   580  btod.o(CL$$btod_mult_common)
    __ARM_fpclassify                         0x0800777b   Thumb Code    48  fpclassify.o(i.__ARM_fpclassify)
    _is_digit                                0x080077ab   Thumb Code    14  __printf_wp.o(i._is_digit)
    _get_lc_numeric                          0x080077b9   Thumb Code    44  lc_numeric_c.o(locale$$code)
    __aeabi_ddiv                             0x080077e5   Thumb Code     0  ddiv.o(x$fpl$ddiv)
    _ddiv                                    0x080077e5   Thumb Code   552  ddiv.o(x$fpl$ddiv)
    __aeabi_d2uiz                            0x08007a95   Thumb Code     0  dfixu.o(x$fpl$dfixu)
    _dfixu                                   0x08007a95   Thumb Code    90  dfixu.o(x$fpl$dfixu)
    __aeabi_ui2d                             0x08007aef   Thumb Code     0  dflt_clz.o(x$fpl$dfltu)
    _dfltu                                   0x08007aef   Thumb Code    38  dflt_clz.o(x$fpl$dfltu)
    __aeabi_dmul                             0x08007b15   Thumb Code     0  dmul.o(x$fpl$dmul)
    _dmul                                    0x08007b15   Thumb Code   332  dmul.o(x$fpl$dmul)
    __fpl_dnaninf                            0x08007c69   Thumb Code   156  dnaninf.o(x$fpl$dnaninf)
    __fpl_dretinf                            0x08007d05   Thumb Code    12  dretinf.o(x$fpl$dretinf)
    __aeabi_f2d                              0x08007d11   Thumb Code     0  f2d.o(x$fpl$f2d)
    _f2d                                     0x08007d11   Thumb Code    86  f2d.o(x$fpl$f2d)
    __fpl_fnaninf                            0x08007d67   Thumb Code   140  fnaninf.o(x$fpl$fnaninf)
    _fp_init                                 0x08007df3   Thumb Code    10  fpinit.o(x$fpl$fpinit)
    __fplib_config_fpu_vfp                   0x08007dfb   Thumb Code     0  fpinit.o(x$fpl$fpinit)
    __fplib_config_pureend_doubles           0x08007dfb   Thumb Code     0  fpinit.o(x$fpl$fpinit)
    _printf_fp_dec                           0x08007dfd   Thumb Code     4  printf1.o(x$fpl$printf1)
    __I$use$fp                               0x08007e01   Thumb Code     0  usenofp.o(x$fpl$usenofp)
    received_data                            0x20000000   Data           2  i2c_eeprom.o(.data)
    f_RxErr0                                 0x20000002   Data           1  uartproc.o(.data)
    __stdout                                 0x20000004   Data           4  util.o(.data)
    ucTbl_CRCHi                              0x20000008   Data         256  crc.o(.data)
    ucTbl_CRCLo                              0x20000108   Data         256  crc.o(.data)
    ADC1ConvertedValue                       0x20000208   Data           2  adcdef.o(.data)
    Timeout                                  0x2000020c   Data           4  i2cdef.o(.data)
    SPITimeout                               0x20000220   Data           4  spidef.o(.data)
    capture                                  0x20000224   Data           2  timerdef.o(.data)
    MontorADCCnt                             0x20000228   Data           1  process.o(.data)
    g_get_REG_Value                          0x2000022a   Data           2  process.o(.data)
    MonAdcArry                               0x2000022c   Data           4  process.o(.data)
    preTemp                                  0x20000230   Data           4  process.o(.data)
    OldOut                                   0x20000234   Data           4  process.o(.data)
    PidOld                                   0x20000238   Data           4  process.o(.data)
    r_Cnt_1ms_Soft                           0x2000023c   Data           1  schedule.o(.data)
    r_Cnt_10ms_Soft                          0x2000023d   Data           1  schedule.o(.data)
    r_Cnt_100ms_Soft                         0x2000023e   Data           1  schedule.o(.data)
    f_On_1ms_Soft                            0x2000023f   Data           1  schedule.o(.data)
    f_On_10ms_Soft                           0x20000240   Data           1  schedule.o(.data)
    f_On_100ms_Soft                          0x20000241   Data           1  schedule.o(.data)
    f_On_500ms_Soft                          0x20000242   Data           1  schedule.o(.data)
    BlinkLED                                 0x20000243   Data           1  schedule.o(.data)
    r_100usCNT                               0x20000244   Data           1  schedule.o(.data)
    r_Cnt_1ms                                0x20000248   Data           4  schedule.o(.data)
    r_Cnt_10ms                               0x2000024c   Data           4  schedule.o(.data)
    r_Cnt_100ms                              0x20000250   Data           4  schedule.o(.data)
    isheatflag                               0x20000254   Data           1  heatproc.o(.data)
    Duty                                     0x20000256   Data           6  heatproc.o(.data)
    isHeating                                0x2000025c   Data           1  heatproc.o(.data)
    T_Offset                                 0x2000025e   Data           2  heatproc.o(.data)
    ReadModusbusCnt                          0x20000260   Data           1  max31855.o(.data)
    ReadThermocouple                         0x20000264   Data           4  max31855.o(.data)
    ReadInternal                             0x20000268   Data           4  max31855.o(.data)
    Rxd3                                     0x2000026c   Data         134  uartproc.o(.bss)
    Txd3                                     0x200002f2   Data         134  uartproc.o(.bss)
    RX0                                      0x20000378   Data         140  modbus_comm.o(.bss)
    TX0                                      0x20000404   Data         140  modbus_comm.o(.bss)
    ADC_InitStructure                        0x20000490   Data          24  adcdef.o(.bss)
    ADC_CommonInitStructure                  0x200004a8   Data          16  adcdef.o(.bss)
    Val                                      0x20000ae8   Data          28  process.o(.bss)
    ReadModebusBuf                           0x20000b04   Data          40  max31855.o(.bss)
    __libspace_start                         0x20000b2c   Data          96  libspace.o(.bss)
    __temporary_stack_top$libspace           0x20000b8c   Data           0  libspace.o(.bss)



==============================================================================

Memory Map of the image

  Image Entry point : 0x08000189

  Load Region LR_IROM1 (Base: 0x08000000, Size: 0x000004c8, Max: 0x00004000, ABSOLUTE, COMPRESSED[0x00000394])

    Execution Region ER_IROM1 (Base: 0x08000000, Size: 0x0000025c, Max: 0x00004000, ABSOLUTE)

    Base Addr    Size         Type   Attr      Idx    E Section Name        Object

    0x08000000   0x00000188   Data   RO            3    RESET               startup_stm32f4xx.o
    0x08000188   0x00000008   Code   RO          746  * !!!main             c_w.l(__main.o)
    0x08000190   0x00000034   Code   RO          981    !!!scatter          c_w.l(__scatter.o)
    0x080001c4   0x0000005a   Code   RO          979    !!dczerorl2         c_w.l(__dczerorl2.o)
    0x0800021e   0x00000002   PAD
    0x08000220   0x0000001c   Code   RO          983    !!handler_zi        c_w.l(__scatter_zi.o)
    0x0800023c   0x00000020   Data   RO          977    Region$$Table       anon$$obj.o


    Execution Region RW_IRAM1 (Base: 0x20000000, Size: 0x00001190, Max: 0x00020000, ABSOLUTE, COMPRESSED[0x00000138])

    Base Addr    Size         Type   Attr      Idx    E Section Name        Object

    0x20000000   0x00000002   Data   RW          134    .data               i2c_eeprom.o
    0x20000002   0x00000001   Data   RW          168    .data               uartproc.o
    0x20000003   0x00000001   PAD
    0x20000004   0x00000004   Data   RW          201    .data               util.o
    0x20000008   0x00000200   Data   RW          284    .data               crc.o
    0x20000208   0x00000002   Data   RW          308    .data               adcdef.o
    0x2000020a   0x00000002   PAD
    0x2000020c   0x00000004   Data   RW          379    .data               i2cdef.o
    0x20000210   0x00000010   Data   RW          403    .data               nvimdef.o
    0x20000220   0x00000004   Data   RW          425    .data               spidef.o
    0x20000224   0x00000002   Data   RW          449    .data               timerdef.o
    0x20000226   0x00000002   PAD
    0x20000228   0x00000014   Data   RW          523    .data               process.o
    0x2000023c   0x00000018   Data   RW          559    .data               schedule.o
    0x20000254   0x00000008   Data   RW          615    .data               heatproc.o
    0x2000025c   0x00000001   Data   RW          616    .data               heatproc.o
    0x2000025d   0x00000001   PAD
    0x2000025e   0x00000002   Data   RW          617    .data               heatproc.o
    0x20000260   0x0000000c   Data   RW          656    .data               max31855.o
    0x2000026c   0x0000010c   Zero   RW          167    .bss                uartproc.o
    0x20000378   0x00000118   Zero   RW          232    .bss                modbus_comm.o
    0x20000490   0x00000028   Zero   RW          307    .bss                adcdef.o
    0x200004b8   0x00000630   Zero   RW          474    .bss                uartdef.o
    0x20000ae8   0x0000001c   Zero   RW          517    .bss                process.o
    0x20000b04   0x00000028   Zero   RW          655    .bss                max31855.o
    0x20000b2c   0x00000060   Zero   RW          846    .bss                c_w.l(libspace.o)
    0x20000b8c   0x00000004   PAD
    0x20000b90   0x00000200   Zero   RW            2    HEAP                startup_stm32f4xx.o
    0x20000d90   0x00000400   Zero   RW            1    STACK               startup_stm32f4xx.o



  Load Region LR_IROM2 (Base: 0x08004000, Size: 0x00003eec, Max: 0x00100000, ABSOLUTE)

    Execution Region ER_IROM2 (Base: 0x08004000, Size: 0x00003eec, Max: 0x00100000, ABSOLUTE)

    Base Addr    Size         Type   Attr      Idx    E Section Name        Object

    0x08004000   0x00000000   Code   RO          741    .ARM.Collect$$_printf_percent$$00000000  c_w.l(_printf_percent.o)
    0x08004000   0x00000006   Code   RO          740    .ARM.Collect$$_printf_percent$$00000003  c_w.l(_printf_f.o)
    0x08004006   0x00000006   Code   RO          739    .ARM.Collect$$_printf_percent$$00000009  c_w.l(_printf_d.o)
    0x0800400c   0x00000006   Code   RO          738    .ARM.Collect$$_printf_percent$$0000000C  c_w.l(_printf_x.o)
    0x08004012   0x00000004   Code   RO          775    .ARM.Collect$$_printf_percent$$00000017  c_w.l(_printf_percent_end.o)
    0x08004016   0x00000006   Code   RO          861    .ARM.Collect$$libinit$$00000000  c_w.l(libinit.o)
    0x0800401c   0x00000000   Code   RO          864    .ARM.Collect$$libinit$$00000006  c_w.l(libinit2.o)
    0x0800401c   0x00000000   Code   RO          866    .ARM.Collect$$libinit$$00000008  c_w.l(libinit2.o)
    0x0800401c   0x00000000   Code   RO          868    .ARM.Collect$$libinit$$0000000A  c_w.l(libinit2.o)
    0x0800401c   0x00000006   Code   RO          869    .ARM.Collect$$libinit$$0000000B  c_w.l(libinit2.o)
    0x08004022   0x00000000   Code   RO          871    .ARM.Collect$$libinit$$0000000D  c_w.l(libinit2.o)
    0x08004022   0x00000000   Code   RO          873    .ARM.Collect$$libinit$$0000000F  c_w.l(libinit2.o)
    0x08004022   0x00000000   Code   RO          875    .ARM.Collect$$libinit$$00000011  c_w.l(libinit2.o)
    0x08004022   0x0000000a   Code   RO          876    .ARM.Collect$$libinit$$00000012  c_w.l(libinit2.o)
    0x0800402c   0x00000000   Code   RO          877    .ARM.Collect$$libinit$$00000013  c_w.l(libinit2.o)
    0x0800402c   0x00000000   Code   RO          879    .ARM.Collect$$libinit$$00000015  c_w.l(libinit2.o)
    0x0800402c   0x00000000   Code   RO          881    .ARM.Collect$$libinit$$00000017  c_w.l(libinit2.o)
    0x0800402c   0x00000000   Code   RO          883    .ARM.Collect$$libinit$$00000019  c_w.l(libinit2.o)
    0x0800402c   0x00000000   Code   RO          885    .ARM.Collect$$libinit$$0000001B  c_w.l(libinit2.o)
    0x0800402c   0x00000000   Code   RO          887    .ARM.Collect$$libinit$$0000001D  c_w.l(libinit2.o)
    0x0800402c   0x00000000   Code   RO          889    .ARM.Collect$$libinit$$0000001F  c_w.l(libinit2.o)
    0x0800402c   0x00000000   Code   RO          891    .ARM.Collect$$libinit$$00000021  c_w.l(libinit2.o)
    0x0800402c   0x00000000   Code   RO          895    .ARM.Collect$$libinit$$00000028  c_w.l(libinit2.o)
    0x0800402c   0x00000000   Code   RO          897    .ARM.Collect$$libinit$$0000002A  c_w.l(libinit2.o)
    0x0800402c   0x00000000   Code   RO          899    .ARM.Collect$$libinit$$0000002C  c_w.l(libinit2.o)
    0x0800402c   0x00000000   Code   RO          901    .ARM.Collect$$libinit$$0000002E  c_w.l(libinit2.o)
    0x0800402c   0x00000002   Code   RO          902    .ARM.Collect$$libinit$$0000002F  c_w.l(libinit2.o)
    0x0800402e   0x00000002   Code   RO          930    .ARM.Collect$$libshutdown$$00000000  c_w.l(libshutdown.o)
    0x08004030   0x00000000   Code   RO          942    .ARM.Collect$$libshutdown$$00000003  c_w.l(libshutdown2.o)
    0x08004030   0x00000000   Code   RO          945    .ARM.Collect$$libshutdown$$00000006  c_w.l(libshutdown2.o)
    0x08004030   0x00000000   Code   RO          948    .ARM.Collect$$libshutdown$$00000009  c_w.l(libshutdown2.o)
    0x08004030   0x00000000   Code   RO          950    .ARM.Collect$$libshutdown$$0000000B  c_w.l(libshutdown2.o)
    0x08004030   0x00000000   Code   RO          953    .ARM.Collect$$libshutdown$$0000000E  c_w.l(libshutdown2.o)
    0x08004030   0x00000002   Code   RO          954    .ARM.Collect$$libshutdown$$0000000F  c_w.l(libshutdown2.o)
    0x08004032   0x00000000   Code   RO          768    .ARM.Collect$$rtentry$$00000000  c_w.l(rtentry.o)
    0x08004032   0x00000000   Code   RO          786    .ARM.Collect$$rtentry$$00000002  c_w.l(rtentry2.o)
    0x08004032   0x00000006   Code   RO          798    .ARM.Collect$$rtentry$$00000004  c_w.l(rtentry4.o)
    0x08004038   0x00000000   Code   RO          788    .ARM.Collect$$rtentry$$00000009  c_w.l(rtentry2.o)
    0x08004038   0x00000004   Code   RO          789    .ARM.Collect$$rtentry$$0000000A  c_w.l(rtentry2.o)
    0x0800403c   0x00000000   Code   RO          791    .ARM.Collect$$rtentry$$0000000C  c_w.l(rtentry2.o)
    0x0800403c   0x00000008   Code   RO          792    .ARM.Collect$$rtentry$$0000000D  c_w.l(rtentry2.o)
    0x08004044   0x00000002   Code   RO          903    .ARM.Collect$$rtexit$$00000000  c_w.l(rtexit.o)
    0x08004046   0x00000000   Code   RO          910    .ARM.Collect$$rtexit$$00000002  c_w.l(rtexit2.o)
    0x08004046   0x00000004   Code   RO          911    .ARM.Collect$$rtexit$$00000003  c_w.l(rtexit2.o)
    0x0800404a   0x00000006   Code   RO          912    .ARM.Collect$$rtexit$$00000004  c_w.l(rtexit2.o)
    0x08004050   0x00000040   Code   RO            4    .text               startup_stm32f4xx.o
    0x08004090   0x00000034   Code   RO           12    .text               main.o
    0x080040c4   0x00000348   Code   RO           94    .text               systemcontrol.o
    0x0800440c   0x00000190   Code   RO          166    .text               uartproc.o
    0x0800459c   0x00000078   Code   RO          200    .text               util.o
    0x08004614   0x000003e8   Code   RO          231    .text               modbus_comm.o
    0x080049fc   0x00000030   Code   RO          283    .text               crc.o
    0x08004a2c   0x0000026c   Code   RO          306    .text               adcdef.o
    0x08004c98   0x00000068   Code   RO          338    .text               dmadef.o
    0x08004d00   0x0000009c   Code   RO          358    .text               gpiodef.o
    0x08004d9c   0x00000718   Code   RO          378    .text               i2cdef.o
    0x080054b4   0x000001a0   Code   RO          402    .text               nvimdef.o
    0x08005654   0x00000240   Code   RO          424    .text               spidef.o
    0x08005894   0x000001a4   Code   RO          448    .text               timerdef.o
    0x08005a38   0x00000408   Code   RO          473    .text               uartdef.o
    0x08005e40   0x000000f4   Code   RO          496    .text               systemset.o
    0x08005f34   0x00000338   Code   RO          516    .text               process.o
    0x0800626c   0x000001ac   Code   RO          558    .text               schedule.o
    0x08006418   0x00000090   Code   RO          614    .text               heatproc.o
    0x080064a8   0x00000128   Code   RO          654    .text               max31855.o
    0x080065d0   0x00000018   Code   RO          689    .text               c_w.l(noretval__2printf.o)
    0x080065e8   0x00000078   Code   RO          695    .text               c_w.l(_printf_dec.o)
    0x08006660   0x0000005c   Code   RO          700    .text               c_w.l(_printf_hex_int.o)
    0x080066bc   0x0000013c   Code   RO          730    .text               c_w.l(__printf_flags_wp.o)
    0x080067f8   0x00000006   Code   RO          744    .text               c_w.l(heapauxi.o)
    0x080067fe   0x000000b8   Code   RO          769    .text               c_w.l(_printf_intcommon.o)
    0x080068b6   0x00000420   Code   RO          771    .text               c_w.l(_printf_fp_dec.o)
    0x08006cd6   0x00000002   PAD
    0x08006cd8   0x00000024   Code   RO          773    .text               c_w.l(_printf_char_file.o)
    0x08006cfc   0x00000008   Code   RO          803    .text               c_w.l(rt_locale_intlibspace.o)
    0x08006d04   0x0000008a   Code   RO          805    .text               c_w.l(lludiv10.o)
    0x08006d8e   0x00000002   PAD
    0x08006d90   0x00000030   Code   RO          807    .text               c_w.l(_printf_char_common.o)
    0x08006dc0   0x00000080   Code   RO          809    .text               c_w.l(_printf_fp_infnan.o)
    0x08006e40   0x000000e4   Code   RO          811    .text               c_w.l(bigflt0.o)
    0x08006f24   0x00000008   Code   RO          845    .text               c_w.l(libspace.o)
    0x08006f2c   0x0000004a   Code   RO          848    .text               c_w.l(sys_stackheap_outer.o)
    0x08006f76   0x0000000c   Code   RO          852    .text               c_w.l(exit.o)
    0x08006f82   0x00000002   PAD
    0x08006f84   0x00000080   Code   RO          854    .text               c_w.l(strcmpv7m.o)
    0x08007004   0x0000003e   Code   RO          814    CL$$btod_d2e        c_w.l(btod.o)
    0x08007042   0x00000046   Code   RO          816    CL$$btod_d2e_denorm_low  c_w.l(btod.o)
    0x08007088   0x00000060   Code   RO          815    CL$$btod_d2e_norm_op1  c_w.l(btod.o)
    0x080070e8   0x00000338   Code   RO          824    CL$$btod_div_common  c_w.l(btod.o)
    0x08007420   0x000000c6   Code   RO          821    CL$$btod_e2e        c_w.l(btod.o)
    0x080074e6   0x00000028   Code   RO          818    CL$$btod_ediv       c_w.l(btod.o)
    0x0800750e   0x00000028   Code   RO          817    CL$$btod_emul       c_w.l(btod.o)
    0x08007536   0x00000244   Code   RO          823    CL$$btod_mult_common  c_w.l(btod.o)
    0x0800777a   0x00000030   Code   RO          843    i.__ARM_fpclassify  m_wm.l(fpclassify.o)
    0x080077aa   0x0000000e   Code   RO          728    i._is_digit         c_w.l(__printf_wp.o)
    0x080077b8   0x0000002c   Code   RO          837    locale$$code        c_w.l(lc_numeric_c.o)
    0x080077e4   0x000002b0   Code   RO          749    x$fpl$ddiv          fz_wm.l(ddiv.o)
    0x08007a94   0x0000005a   Code   RO          752    x$fpl$dfixu         fz_wm.l(dfixu.o)
    0x08007aee   0x00000026   Code   RO          756    x$fpl$dfltu         fz_wm.l(dflt_clz.o)
    0x08007b14   0x00000154   Code   RO          762    x$fpl$dmul          fz_wm.l(dmul.o)
    0x08007c68   0x0000009c   Code   RO          778    x$fpl$dnaninf       fz_wm.l(dnaninf.o)
    0x08007d04   0x0000000c   Code   RO          780    x$fpl$dretinf       fz_wm.l(dretinf.o)
    0x08007d10   0x00000056   Code   RO          764    x$fpl$f2d           fz_wm.l(f2d.o)
    0x08007d66   0x0000008c   Code   RO          782    x$fpl$fnaninf       fz_wm.l(fnaninf.o)
    0x08007df2   0x0000000a   Code   RO          907    x$fpl$fpinit        fz_wm.l(fpinit.o)
    0x08007dfc   0x00000004   Code   RO          766    x$fpl$printf1       fz_wm.l(printf1.o)
    0x08007e00   0x00000000   Code   RO          784    x$fpl$usenofp       fz_wm.l(usenofp.o)
    0x08007e00   0x00000028   Data   RO          701    .constdata          c_w.l(_printf_hex_int.o)
    0x08007e28   0x00000011   Data   RO          731    .constdata          c_w.l(__printf_flags_wp.o)
    0x08007e39   0x00000003   PAD
    0x08007e3c   0x00000094   Data   RO          812    .constdata          c_w.l(bigflt0.o)
    0x08007ed0   0x0000001c   Data   RO          836    locale$$data        c_w.l(lc_numeric_c.o)


==============================================================================

Image component sizes


      Code (inc. data)   RO Data    RW Data    ZI Data      Debug   Object Name

       620         34          0          2         40      12640   adcdef.o
        48          4          0        512          0       1145   crc.o
       104          4          0          0          0       1131   dmadef.o
       156          0          0          0          0       1795   gpiodef.o
       144         18          0         11          0      13067   heatproc.o
         0          0          0          2          0      11817   i2c_eeprom.o
      1816        162          0          4          0      11409   i2cdef.o
        52          4          0          0          0     224138   main.o
       296         42          0         12         40      12997   max31855.o
      1000        142          0          0        280      15210   modbus_comm.o
       416         28          0         16          0       3647   nvimdef.o
       824        136          0         20         28       3506   process.o
       428         88          0         24          0       3102   schedule.o
       576         12          0          4          0       3582   spidef.o
        64         26        392          0       1536        820   startup_stm32f4xx.o
       840         78          0          0          0      10435   systemcontrol.o
       244         30          0          0          0       1141   systemset.o
       420         32          0          2          0       4366   timerdef.o
      1032         54          0          0       1584       5593   uartdef.o
       400         34          0          1        268       2740   uartproc.o
       120          4          0          4          0       3680   util.o

    ----------------------------------------------------------------------
      9600        932        424        620       3776     347961   Object Totals
         0          0         32          0          0          0   (incl. Generated)
         0          0          0          6          0          0   (incl. Padding)

    ----------------------------------------------------------------------

      Code (inc. data)   RO Data    RW Data    ZI Data      Debug   Library Member Name

        90          0          0          0          0          0   __dczerorl2.o
         8          0          0          0          0         68   __main.o
       316          6         17          0          0         92   __printf_flags_wp.o
        14          0          0          0          0         68   __printf_wp.o
        52          8          0          0          0          0   __scatter.o
        28          0          0          0          0          0   __scatter_zi.o
        48          6          0          0          0         96   _printf_char_common.o
        36          4          0          0          0         80   _printf_char_file.o
         6          0          0          0          0          0   _printf_d.o
       120         18          0          0          0         92   _printf_dec.o
         6          0          0          0          0          0   _printf_f.o
      1056          0          0          0          0        216   _printf_fp_dec.o
       128         16          0          0          0         84   _printf_fp_infnan.o
        92          4         40          0          0         88   _printf_hex_int.o
       184          0          0          0          0         88   _printf_intcommon.o
         0          0          0          0          0          0   _printf_percent.o
         4          0          0          0          0          0   _printf_percent_end.o
         6          0          0          0          0          0   _printf_x.o
       228          6        148          0          0         96   bigflt0.o
      1910        128          0          0          0        672   btod.o
        12          0          0          0          0         72   exit.o
         6          0          0          0          0        152   heapauxi.o
        44         10         28          0          0         76   lc_numeric_c.o
         6          0          0          0          0          0   libinit.o
        18          0          0          0          0          0   libinit2.o
         2          0          0          0          0          0   libshutdown.o
         2          0          0          0          0          0   libshutdown2.o
         8          4          0          0         96         68   libspace.o
       138          0          0          0          0         80   lludiv10.o
        24          4          0          0          0         84   noretval__2printf.o
         8          4          0          0          0         68   rt_locale_intlibspace.o
         0          0          0          0          0          0   rtentry.o
        12          0          0          0          0          0   rtentry2.o
         6          0          0          0          0          0   rtentry4.o
         2          0          0          0          0          0   rtexit.o
        10          0          0          0          0          0   rtexit2.o
       128          0          0          0          0         68   strcmpv7m.o
        74          0          0          0          0         80   sys_stackheap_outer.o
       688        140          0          0          0        260   ddiv.o
        90          4          0          0          0        140   dfixu.o
        38          0          0          0          0        116   dflt_clz.o
       340         12          0          0          0        152   dmul.o
       156          4          0          0          0        140   dnaninf.o
        12          0          0          0          0        116   dretinf.o
        86          4          0          0          0        132   f2d.o
       140          4          0          0          0        132   fnaninf.o
        10          0          0          0          0        116   fpinit.o
         4          0          0          0          0        116   printf1.o
         0          0          0          0          0          0   usenofp.o
        48          0          0          0          0        124   fpclassify.o

    ----------------------------------------------------------------------
      6452        386        236          0        100       4032   Library Totals
         8          0          3          0          4          0   (incl. Padding)

    ----------------------------------------------------------------------

      Code (inc. data)   RO Data    RW Data    ZI Data      Debug   Library Name

      4832        218        233          0         96       2488   c_w.l
      1564        168          0          0          0       1420   fz_wm.l
        48          0          0          0          0        124   m_wm.l

    ----------------------------------------------------------------------
      6452        386        236          0        100       4032   Library Totals

    ----------------------------------------------------------------------

==============================================================================


      Code (inc. data)   RO Data    RW Data    ZI Data      Debug   

     16052       1318        660        620       3876     344389   Grand Totals
     16052       1318        660        312       3876     344389   ELF Image Totals (compressed)
     16052       1318        660        312          0          0   ROM Totals

==============================================================================

    Total RO  Size (Code + RO Data)                16712 (  16.32kB)
    Total RW  Size (RW Data + ZI Data)              4496 (   4.39kB)
    Total ROM Size (Code + RO Data + RW Data)      17024 (  16.63kB)

==============================================================================

