ARM Linker, 4.1 [Build 894] [Professional]

==============================================================================

Section Cross References

    startup_stm32f4xx.o(STACK) refers (Special) to heapauxi.o(.text) for __use_two_region_memory
    startup_stm32f4xx.o(HEAP) refers (Special) to heapauxi.o(.text) for __use_two_region_memory
    startup_stm32f4xx.o(RESET) refers (Special) to heapauxi.o(.text) for __use_two_region_memory
    startup_stm32f4xx.o(RESET) refers to startup_stm32f4xx.o(STACK) for __initial_sp
    startup_stm32f4xx.o(RESET) refers to startup_stm32f4xx.o(.text) for Reset_Handler
    startup_stm32f4xx.o(RESET) refers to timerdef.o(.text) for TIM2_IRQHandler
    startup_stm32f4xx.o(RESET) refers to uartdef.o(.text) for USART2_IRQHandler
    startup_stm32f4xx.o(.text) refers (Special) to heapauxi.o(.text) for __use_two_region_memory
    startup_stm32f4xx.o(.text) refers to systemset.o(.text) for SystemInit
    startup_stm32f4xx.o(.text) refers to __main.o(!!!main) for __main
    startup_stm32f4xx.o(.text) refers to startup_stm32f4xx.o(HEAP) for Heap_Mem
    startup_stm32f4xx.o(.text) refers to startup_stm32f4xx.o(STACK) for Stack_Mem
    main.o(.text) refers to _printf_percent.o(.ARM.Collect$$_printf_percent$$00000000) for _printf_percent
    main.o(.text) refers to _printf_d.o(.ARM.Collect$$_printf_percent$$00000009) for _printf_d
    main.o(.text) refers to _printf_dec.o(.text) for _printf_int_dec
    main.o(.text) refers to systemcontrol.o(.text) for InitGPIOControl
    main.o(.text) refers to process.o(.text) for Init_VAR
    main.o(.text) refers to noretval__2printf.o(.text) for __2printf
    main.o(.text) refers to util.o(.text) for delay_ms
    main.o(.text) refers to app_clcd.o(.text) for Init_CLCD_CLS
    main.o(.text) refers to serial_flash.o(.text) for Init_Flash
    main.o(.text) refers to schedule.o(.text) for Time2Schedule
    main.o(.text) refers to uartproc.o(.text) for LANPORT_RxProtocol
    main.o(.text) refers to dacadc.o(.text) for OUTDBSchedule
    systemcontrol.o(.text) refers to nvimdef.o(.text) for RCC_AHB1PeriphClockCmd
    systemcontrol.o(.text) refers to gpiodef.o(.text) for GpioBPortInit
    systemcontrol.o(.text) refers to regulator.o(.text) for Init_REG
    systemcontrol.o(.text) refers to timerdef.o(.text) for TimerInit
    systemcontrol.o(.text) refers to uartdef.o(.text) for USART_IO_Config
    systemcontrol.o(.text) refers to adcdef.o(.text) for ADC_Configuration
    systemcontrol.o(.text) refers to spidef.o(.text) for INT_SPI_InitPort
    systemcontrol.o(.text) refers to dacadc.o(.text) for OutDBInit
    app_clcd.o(.text) refers to _printf_pad.o(.text) for _printf_pre_padding
    app_clcd.o(.text) refers to _printf_percent.o(.ARM.Collect$$_printf_percent$$00000000) for _printf_percent
    app_clcd.o(.text) refers to _printf_x.o(.ARM.Collect$$_printf_percent$$0000000C) for _printf_x
    app_clcd.o(.text) refers to _printf_hex_int.o(.text) for _printf_longlong_hex
    app_clcd.o(.text) refers to strlen.o(.text) for strlen
    app_clcd.o(.text) refers to uartdef.o(.text) for SendUart
    app_clcd.o(.text) refers to noretval__2sprintf.o(.text) for __2sprintf
    app_clcd.o(.text) refers to app_clcd.o(.bss) for .bss
    app_clcd.o(.text) refers to serial_flash.o(.bss) for D_Model_Descript
    app_clcd.o(.text) refers to uartproc.o(.bss) for r_Txd0Result
    app_clcd.o(.text) refers to app_clcd.o(.data) for .data
    app_clcd.o(.text) refers to uartproc.o(.data) for u_Univasal_Mode
    app_clcd.o(.text) refers to binary_write.o(.data) for bin_Prog_Fail_Code
    i2c_eeprom.o(.text) refers to i2cdef.o(.text) for I2C_start
    regulator.o(.text) refers to dflt_clz.o(x$fpl$dfltu) for __aeabi_ui2d
    regulator.o(.text) refers to ddiv.o(x$fpl$ddiv) for __aeabi_ddiv
    regulator.o(.text) refers to daddsub_clz.o(x$fpl$dsub) for __aeabi_dsub
    regulator.o(.text) refers to dfixu.o(x$fpl$dfixu) for __aeabi_d2uiz
    regulator.o(.text) refers to i2cdef.o(.text) for INT_SW_i2c_WriteByte
    regulator.o(.text) refers to noretval__2printf.o(.text) for __2printf
    regulator.o(.text) refers to dmul.o(x$fpl$dmul) for __aeabi_dmul
    regulator.o(.text) refers to adcdef.o(.data) for ADC1ConvertedValue
    regulator.o(.text) refers to regulator.o(.data) for .data
    uartproc.o(.text) refers to _printf_percent.o(.ARM.Collect$$_printf_percent$$00000000) for _printf_percent
    uartproc.o(.text) refers to _printf_x.o(.ARM.Collect$$_printf_percent$$0000000C) for _printf_x
    uartproc.o(.text) refers to _printf_hex_int.o(.text) for _printf_longlong_hex
    uartproc.o(.text) refers to rt_memclr.o(.text) for __aeabi_memclr
    uartproc.o(.text) refers to uartdef.o(.text) for SendUart
    uartproc.o(.text) refers to noretval__2sprintf.o(.text) for __2sprintf
    uartproc.o(.text) refers to aeabi_memset.o(.text) for __aeabi_memset
    uartproc.o(.text) refers to uartproc.o(.data) for .data
[...]
    $v0                                      0x0800e2a4   Number         0  daddsub_clz.o(x$fpl$dsub)
    _dsub1                                   0x0800e2b5   Thumb Code     0  daddsub_clz.o(x$fpl$dsub)
    x$fpl$f2d                                0x0800e478   Section       86  f2d.o(x$fpl$f2d)
    $v0                                      0x0800e478   Number         0  f2d.o(x$fpl$f2d)
    x$fpl$fnaninf                            0x0800e4ce   Section      140  fnaninf.o(x$fpl$fnaninf)
    $v0                                      0x0800e4ce   Number         0  fnaninf.o(x$fpl$fnaninf)
    x$fpl$fpinit                             0x0800e55a   Section       10  fpinit.o(x$fpl$fpinit)
    $v0                                      0x0800e55a   Number         0  fpinit.o(x$fpl$fpinit)
    x$fpl$fretinf                            0x0800e564   Section       10  fretinf.o(x$fpl$fretinf)
    $v0                                      0x0800e564   Number         0  fretinf.o(x$fpl$fretinf)
    x$fpl$printf1                            0x0800e56e   Section        4  printf1.o(x$fpl$printf1)
    $v0                                      0x0800e56e   Number         0  printf1.o(x$fpl$printf1)
    .constdata                               0x0800e572   Section       40  _printf_hex_int.o(.constdata)
    x$fpl$usenofp                            0x0800e572   Section        0  usenofp.o(x$fpl$usenofp)
    uc_hextab                                0x0800e572   Data          20  _printf_hex_int.o(.constdata)
    lc_hextab                                0x0800e586   Data          20  _printf_hex_int.o(.constdata)
    .constdata                               0x0800e59a   Section       17  __printf_flags_wp.o(.constdata)
    maptable                                 0x0800e59a   Data          17  __printf_flags_wp.o(.constdata)
    .constdata                               0x0800e5ac   Section      148  bigflt0.o(.constdata)
    tenpwrs_x                                0x0800e5ac   Data          60  bigflt0.o(.constdata)
    tenpwrs_i                                0x0800e5e8   Data          64  bigflt0.o(.constdata)
    locale$$data                             0x0800e660   Section       28  lc_numeric_c.o(locale$$data)
    __lcnum_c_name                           0x0800e664   Data           2  lc_numeric_c.o(locale$$data)
    __lcnum_c_start                          0x0800e66c   Data           0  lc_numeric_c.o(locale$$data)
    __lcnum_c_point                          0x0800e678   Data           0  lc_numeric_c.o(locale$$data)
    __lcnum_c_thousands                      0x0800e67a   Data           0  lc_numeric_c.o(locale$$data)
    __lcnum_c_grouping                       0x0800e67b   Data           0  lc_numeric_c.o(locale$$data)
    __lcnum_c_end                            0x0800e67c   Data           0  lc_numeric_c.o(locale$$data)
    .data                                    0x20000000   Section        2  app_clcd.o(.data)
    .data                                    0x20000002   Section        2  regulator.o(.data)
    .data                                    0x20000004   Section       24  uartproc.o(.data)
    .data                                    0x2000001c   Section        4  util.o(.data)
    .data                                    0x20000020   Section        2  adcdef.o(.data)
    .data                                    0x20000024   Section        4  i2cdef.o(.data)
    .data                                    0x20000028   Section       16  nvimdef.o(.data)
    APBAHBPrescTable                         0x20000028   Data          16  nvimdef.o(.data)
    .data                                    0x20000038   Section        4  spidef.o(.data)
    .data                                    0x2000003c   Section        2  timerdef.o(.data)
    .data                                    0x2000003e   Section        8  process.o(.data)
    .data                                    0x20000048   Section       24  schedule.o(.data)
    .data                                    0x20000060   Section      312  open_short.o(.data)
    .data                                    0x20000198   Section        9  dacadc.o(.data)
    .data                                    0x200001a4   Section       20  binary_write.o(.data)
    .data                                    0x200001b8   Section        7  serial_flash.o(.data)
    .data                                    0x200001bf   Section       13  application.o(.data)
    .bss                                     0x200001cc   Section      200  app_clcd.o(.bss)
    .bss                                     0x20000294   Section     1280  uartproc.o(.bss)
    .bss                                     0x20000794   Section       40  adcdef.o(.bss)
    .bss                                     0x200007bc   Section      792  uartdef.o(.bss)
    rbuf                                     0x200007bc   Data         264  uartdef.o(.bss)
    tbuf                                     0x200008c4   Data         264  uartdef.o(.bss)
    dbgrbuf                                  0x200009cc   Data         264  uartdef.o(.bss)
    .bss                                     0x20000ad4   Section       60  open_short.o(.bss)
    .bss                                     0x20000b10   Section       72  serial_flash.o(.bss)
    .bss                                     0x20000b58   Section       96  libspace.o(.bss)
    HEAP                                     0x20000bb8   Section      512  startup_stm32f4xx.o(HEAP)
    Heap_Mem                                 0x20000bb8   Data         512  startup_stm32f4xx.o(HEAP)
    STACK                                    0x20000db8   Section     1024  startup_stm32f4xx.o(STACK)
    Stack_Mem                                0x20000db8   Data        1024  startup_stm32f4xx.o(STACK)
    __initial_sp                             0x200011b8   Data           0  startup_stm32f4xx.o(STACK)

    Global Symbols

    Symbol Name                              Value     Ov Type        Size  Object(Section)

    BuildAttributes$$THM_ISAv4$E$P$D$K$B$S$7EM$VFPi3$EXTD16$VFPS$VFMA$PE$A:L22UL41UL21$X:L11$S22US41US21$IEEE1$IW$USESV6$~STKCKD$USESV7$~SHL$OTIME$ROPI$IEEEJ$EBA8$UX$STANDARDLIB$REQ8$PRES8$EABIv2 0x00000000   Number         0  anon$$obj.o ABSOLUTE
    __ARM_use_no_argv                        0x00000000   Number         0  main.o ABSOLUTE
    _printf_flags                            0x00000000   Number         0  printf_stubs.o ABSOLUTE
    _printf_return_value                     0x00000000   Number         0  printf_stubs.o ABSOLUTE
    _printf_sizespec                         0x00000000   Number         0  printf_stubs.o ABSOLUTE
    _printf_widthprec                        0x00000000   Number         0  printf_stubs.o ABSOLUTE
    __ARM_exceptions_init                     - Undefined Weak Reference
    __alloca_initialize                       - Undefined Weak Reference
    __cpp_initialize__aeabi_                  - Undefined Weak Reference
    __cxa_finalize                            - Undefined Weak Reference
    __sigvec_lookup                           - Undefined Weak Reference
    _atexit_init                              - Undefined Weak Reference
    _call_atexit_fns                          - Undefined Weak Reference
    _clock_init                               - Undefined Weak Reference
    _fp_trap_init                             - Undefined Weak Reference
    _fp_trap_shutdown                         - Undefined Weak Reference
    _get_lc_collate                           - Undefined Weak Reference
    _get_lc_ctype                             - Undefined Weak Reference
    _get_lc_monetary                          - Undefined Weak Reference
    _get_lc_time                              - Undefined Weak Reference
    _getenv_init                              - Undefined Weak Reference
    _handle_redirection                       - Undefined Weak Reference
    _init_alloc                               - Undefined Weak Reference
    _init_user_alloc                          - Undefined Weak Reference
    _initio                                   - Undefined Weak Reference
    _printf_mbtowc                            - Undefined Weak Reference
    _printf_truncate_signed                   - Undefined Weak Reference
    _printf_truncate_unsigned                 - Undefined Weak Reference
    _rand_init                                - Undefined Weak Reference
    _signal_finish                            - Undefined Weak Reference
    _signal_init                              - Undefined Weak Reference
    _terminate_alloc                          - Undefined Weak Reference
    _terminate_user_alloc                     - Undefined Weak Reference
    _terminateio                              - Undefined Weak Reference
    __Vectors_Size                           0x00000188   Number         0  startup_stm32f4xx.o ABSOLUTE
    __Vectors                                0x08004000   Data           4  startup_stm32f4xx.o(RESET)
    __Vectors_End                            0x08004188   Data           0  startup_stm32f4xx.o(RESET)
    __main                                   0x08004189   Thumb Code     8  __main.o(!!!main)
    __scatterload                            0x08004191   Thumb Code     0  __scatter.o(!!!scatter)
    __scatterload_rt2                        0x08004191   Thumb Code    44  __scatter.o(!!!scatter)
    __scatterload_rt2_thumb_only             0x08004191   Thumb Code     0  __scatter.o(!!!scatter)
    __scatterload_null                       0x0800419f   Thumb Code     0  __scatter.o(!!!scatter)
    __decompress                             0x080041c5   Thumb Code    90  __dczerorl2.o(!!dczerorl2)
    __decompress1                            0x080041c5   Thumb Code     0  __dczerorl2.o(!!dczerorl2)
    __scatterload_zeroinit                   0x08004221   Thumb Code    28  __scatter_zi.o(!!handler_zi)
    _printf_f                                0x0800423d   Thumb Code     0  _printf_f.o(.ARM.Collect$$_printf_percent$$00000003)
    _printf_percent                          0x0800423d   Thumb Code     0  _printf_percent.o(.ARM.Collect$$_printf_percent$$00000000)
    _printf_d                                0x08004243   Thumb Code     0  _printf_d.o(.ARM.Collect$$_printf_percent$$00000009)
    _printf_x                                0x08004249   Thumb Code     0  _printf_x.o(.ARM.Collect$$_printf_percent$$0000000C)
    _printf_c                                0x0800424f   Thumb Code     0  _printf_c.o(.ARM.Collect$$_printf_percent$$00000013)
    _printf_s                                0x08004255   Thumb Code     0  _printf_s.o(.ARM.Collect$$_printf_percent$$00000014)
    _printf_percent_end                      0x0800425b   Thumb Code     0  _printf_percent_end.o(.ARM.Collect$$_printf_percent$$00000017)
    __rt_lib_init                            0x0800425f   Thumb Code     0  libinit.o(.ARM.Collect$$libinit$$00000000)
    __rt_lib_init_heap_1                     0x08004265   Thumb Code     0  libinit2.o(.ARM.Collect$$libinit$$00000006)
    __rt_lib_init_lc_common                  0x08004265   Thumb Code     0  libinit2.o(.ARM.Collect$$libinit$$0000000B)
    __rt_lib_init_rand_1                     0x08004265   Thumb Code     0  libinit2.o(.ARM.Collect$$libinit$$0000000A)
    __rt_lib_init_user_alloc_1               0x08004265   Thumb Code     0  libinit2.o(.ARM.Collect$$libinit$$00000008)
    __rt_lib_init_lc_collate_1               0x0800426b   Thumb Code     0  libinit2.o(.ARM.Collect$$libinit$$0000000D)
    __rt_lib_init_lc_ctype_1                 0x0800426b   Thumb Code     0  libinit2.o(.ARM.Collect$$libinit$$0000000F)
    __rt_lib_init_lc_monetary_1              0x0800426b   Thumb Code     0  libinit2.o(.ARM.Collect$$libinit$$00000011)
    __rt_lib_init_lc_numeric_2               0x0800426b   Thumb Code     0  libinit2.o(.ARM.Collect$$libinit$$00000012)
    __rt_lib_init_alloca_1                   0x08004275   Thumb Code     0  libinit2.o(.ARM.Collect$$libinit$$0000002A)
    __rt_lib_init_argv_1                     0x08004275   Thumb Code     0  libinit2.o(.ARM.Collect$$libinit$$00000028)
    __rt_lib_init_atexit_1                   0x08004275   Thumb Code     0  libinit2.o(.ARM.Collect$$libinit$$00000017)
    __rt_lib_init_clock_1                    0x08004275   Thumb Code     0  libinit2.o(.ARM.Collect$$libinit$$0000001D)
    __rt_lib_init_cpp_1                      0x08004275   Thumb Code     0  libinit2.o(.ARM.Collect$$libinit$$0000002E)
    __rt_lib_init_exceptions_1               0x08004275   Thumb Code     0  libinit2.o(.ARM.Collect$$libinit$$0000002C)
    __rt_lib_init_fp_trap_1                  0x08004275   Thumb Code     0  libinit2.o(.ARM.Collect$$libinit$$0000001B)
    __rt_lib_init_getenv_1                   0x08004275   Thumb Code     0  libinit2.o(.ARM.Collect$$libinit$$0000001F)
    __rt_lib_init_lc_numeric_1               0x08004275   Thumb Code     0  libinit2.o(.ARM.Collect$$libinit$$00000013)
    __rt_lib_init_lc_time_1                  0x08004275   Thumb Code     0  libinit2.o(.ARM.Collect$$libinit$$00000015)
    __rt_lib_init_return                     0x08004275   Thumb Code     0  libinit2.o(.ARM.Collect$$libinit$$0000002F)
    __rt_lib_init_signal_1                   0x08004275   Thumb Code     0  libinit2.o(.ARM.Collect$$libinit$$00000019)
    __rt_lib_init_stdio_1                    0x08004275   Thumb Code     0  libinit2.o(.ARM.Collect$$libinit$$00000021)
    __rt_lib_shutdown                        0x08004277   Thumb Code     0  libshutdown.o(.ARM.Collect$$libshutdown$$00000000)
    __rt_lib_shutdown_fp_trap_1              0x08004279   Thumb Code     0  libshutdown2.o(.ARM.Collect$$libshutdown$$00000006)
    __rt_lib_shutdown_heap_1                 0x08004279   Thumb Code     0  libshutdown2.o(.ARM.Collect$$libshutdown$$0000000E)
    __rt_lib_shutdown_return                 0x08004279   Thumb Code     0  libshutdown2.o(.ARM.Collect$$libshutdown$$0000000F)
    __rt_lib_shutdown_signal_1               0x08004279   Thumb Code     0  libshutdown2.o(.ARM.Collect$$libshutdown$$00000009)
    __rt_lib_shutdown_stdio_1                0x08004279   Thumb Code     0  libshutdown2.o(.ARM.Collect$$libshutdown$$00000003)
    __rt_lib_shutdown_user_alloc_1           0x08004279   Thumb Code     0  libshutdown2.o(.ARM.Collect$$libshutdown$$0000000B)
    __rt_entry                               0x0800427b   Thumb Code     0  rtentry.o(.ARM.Collect$$rtentry$$00000000)
    __rt_entry_presh_1                       0x0800427b   Thumb Code     0  rtentry2.o(.ARM.Collect$$rtentry$$00000002)
    __rt_entry_sh                            0x0800427b   Thumb Code     0  rtentry4.o(.ARM.Collect$$rtentry$$00000004)
    __rt_entry_li                            0x08004281   Thumb Code     0  rtentry2.o(.ARM.Collect$$rtentry$$0000000A)
    __rt_entry_postsh_1                      0x08004281   Thumb Code     0  rtentry2.o(.ARM.Collect$$rtentry$$00000009)
    __rt_entry_main                          0x08004285   Thumb Code     0  rtentry2.o(.ARM.Collect$$rtentry$$0000000D)
    __rt_entry_postli_1                      0x08004285   Thumb Code     0  rtentry2.o(.ARM.Collect$$rtentry$$0000000C)
    __rt_exit                                0x0800428d   Thumb Code     0  rtexit.o(.ARM.Collect$$rtexit$$00000000)
    __rt_exit_ls                             0x0800428f   Thumb Code     0  rtexit2.o(.ARM.Collect$$rtexit$$00000003)
    __rt_exit_prels_1                        0x0800428f   Thumb Code     0  rtexit2.o(.ARM.Collect$$rtexit$$00000002)
    __rt_exit_exit                           0x08004293   Thumb Code     0  rtexit2.o(.ARM.Collect$$rtexit$$00000004)
    Reset_Handler                            0x08004299   Thumb Code     8  startup_stm32f4xx.o(.text)
    NMI_Handler                              0x080042a1   Thumb Code     2  startup_stm32f4xx.o(.text)
    HardFault_Handler                        0x080042a3   Thumb Code     2  startup_stm32f4xx.o(.text)
    MemManage_Handler                        0x080042a5   Thumb Code     2  startup_stm32f4xx.o(.text)
    BusFault_Handler                         0x080042a7   Thumb Code     2  startup_stm32f4xx.o(.text)
    UsageFault_Handler                       0x080042a9   Thumb Code     2  startup_stm32f4xx.o(.text)
    SVC_Handler                              0x080042ab   Thumb Code     2  startup_stm32f4xx.o(.text)
    DebugMon_Handler                         0x080042ad   Thumb Code     2  startup_stm32f4xx.o(.text)
    PendSV_Handler                           0x080042af   Thumb Code     2  startup_stm32f4xx.o(.text)
    SysTick_Handler                          0x080042b1   Thumb Code     2  startup_stm32f4xx.o(.text)
    ADC_IRQHandler                           0x080042b3   Thumb Code     0  startup_stm32f4xx.o(.text)
    CAN1_RX0_IRQHandler                      0x080042b3   Thumb Code     0  startup_stm32f4xx.o(.text)
    CAN1_RX1_IRQHandler                      0x080042b3   Thumb Code     0  startup_stm32f4xx.o(.text)
    CAN1_SCE_IRQHandler                      0x080042b3   Thumb Code     0  startup_stm32f4xx.o(.text)
    CAN1_TX_IRQHandler                       0x080042b3   Thumb Code     0  startup_stm32f4xx.o(.text)
    CAN2_RX0_IRQHandler                      0x080042b3   Thumb Code     0  startup_stm32f4xx.o(.text)
    CAN2_RX1_IRQHandler                      0x080042b3   Thumb Code     0  startup_stm32f4xx.o(.text)
    CAN2_SCE_IRQHandler                      0x080042b3   Thumb Code     0  startup_stm32f4xx.o(.text)
    CAN2_TX_IRQHandler                       0x080042b3   Thumb Code     0  startup_stm32f4xx.o(.text)
    CRYP_IRQHandler                          0x080042b3   Thumb Code     0  startup_stm32f4xx.o(.text)
    DCMI_IRQHandler                          0x080042b3   Thumb Code     0  startup_stm32f4xx.o(.text)
    DMA1_Stream0_IRQHandler                  0x080042b3   Thumb Code     0  startup_stm32f4xx.o(.text)
    DMA1_Stream1_IRQHandler                  0x080042b3   Thumb Code     0  startup_stm32f4xx.o(.text)
    DMA1_Stream2_IRQHandler                  0x080042b3   Thumb Code     0  startup_stm32f4xx.o(.text)
    DMA1_Stream3_IRQHandler                  0x080042b3   Thumb Code     0  startup_stm32f4xx.o(.text)
    DMA1_Stream4_IRQHandler                  0x080042b3   Thumb Code     0  startup_stm32f4xx.o(.text)
    DMA1_Stream5_IRQHandler                  0x080042b3   Thumb Code     0  startup_stm32f4xx.o(.text)
    DMA1_Stream6_IRQHandler                  0x080042b3   Thumb Code     0  startup_stm32f4xx.o(.text)
    DMA1_Stream7_IRQHandler                  0x080042b3   Thumb Code     0  startup_stm32f4xx.o(.text)
    DMA2_Stream0_IRQHandler                  0x080042b3   Thumb Code     0  startup_stm32f4xx.o(.text)
    DMA2_Stream1_IRQHandler                  0x080042b3   Thumb Code     0  startup_stm32f4xx.o(.text)
    DMA2_Stream2_IRQHandler                  0x080042b3   Thumb Code     0  startup_stm32f4xx.o(.text)
    DMA2_Stream3_IRQHandler                  0x080042b3   Thumb Code     0  startup_stm32f4xx.o(.text)
    DMA2_Stream4_IRQHandler                  0x080042b3   Thumb Code     0  startup_stm32f4xx.o(.text)
    DMA2_Stream5_IRQHandler                  0x080042b3   Thumb Code     0  startup_stm32f4xx.o(.text)
    DMA2_Stream6_IRQHandler                  0x080042b3   Thumb Code     0  startup_stm32f4xx.o(.text)
    DMA2_Stream7_IRQHandler                  0x080042b3   Thumb Code     0  startup_stm32f4xx.o(.text)
    ETH_IRQHandler                           0x080042b3   Thumb Code     0  startup_stm32f4xx.o(.text)
    ETH_WKUP_IRQHandler                      0x080042b3   Thumb Code     0  startup_stm32f4xx.o(.text)
    EXTI0_IRQHandler                         0x080042b3   Thumb Code     0  startup_stm32f4xx.o(.text)
    EXTI15_10_IRQHandler                     0x080042b3   Thumb Code     0  startup_stm32f4xx.o(.text)
    EXTI1_IRQHandler                         0x080042b3   Thumb Code     0  startup_stm32f4xx.o(.text)
    EXTI2_IRQHandler                         0x080042b3   Thumb Code     0  startup_stm32f4xx.o(.text)
    EXTI3_IRQHandler                         0x080042b3   Thumb Code     0  startup_stm32f4xx.o(.text)
    EXTI4_IRQHandler                         0x080042b3   Thumb Code     0  startup_stm32f4xx.o(.text)
    EXTI9_5_IRQHandler                       0x080042b3   Thumb Code     0  startup_stm32f4xx.o(.text)
    FLASH_IRQHandler                         0x080042b3   Thumb Code     0  startup_stm32f4xx.o(.text)
    FPU_IRQHandler                           0x080042b3   Thumb Code     0  startup_stm32f4xx.o(.text)
    FSMC_IRQHandler                          0x080042b3   Thumb Code     0  startup_stm32f4xx.o(.text)
    HASH_RNG_IRQHandler                      0x080042b3   Thumb Code     0  startup_stm32f4xx.o(.text)
    I2C1_ER_IRQHandler                       0x080042b3   Thumb Code     0  startup_stm32f4xx.o(.text)
    I2C1_EV_IRQHandler                       0x080042b3   Thumb Code     0  startup_stm32f4xx.o(.text)
    I2C2_ER_IRQHandler                       0x080042b3   Thumb Code     0  startup_stm32f4xx.o(.text)
    I2C2_EV_IRQHandler                       0x080042b3   Thumb Code     0  startup_stm32f4xx.o(.text)
    I2C3_ER_IRQHandler                       0x080042b3   Thumb Code     0  startup_stm32f4xx.o(.text)
    I2C3_EV_IRQHandler                       0x080042b3   Thumb Code     0  startup_stm32f4xx.o(.text)
    OTG_FS_IRQHandler                        0x080042b3   Thumb Code     0  startup_stm32f4xx.o(.text)
    OTG_FS_WKUP_IRQHandler                   0x080042b3   Thumb Code     0  startup_stm32f4xx.o(.text)
    OTG_HS_EP1_IN_IRQHandler                 0x080042b3   Thumb Code     0  startup_stm32f4xx.o(.text)
    OTG_HS_EP1_OUT_IRQHandler                0x080042b3   Thumb Code     0  startup_stm32f4xx.o(.text)
    OTG_HS_IRQHandler                        0x080042b3   Thumb Code     0  startup_stm32f4xx.o(.text)
    OTG_HS_WKUP_IRQHandler                   0x080042b3   Thumb Code     0  startup_stm32f4xx.o(.text)
    PVD_IRQHandler                           0x080042b3   Thumb Code     0  startup_stm32f4xx.o(.text)
    RCC_IRQHandler                           0x080042b3   Thumb Code     0  startup_stm32f4xx.o(.text)
    RTC_Alarm_IRQHandler                     0x080042b3   Thumb Code     0  startup_stm32f4xx.o(.text)
    RTC_WKUP_IRQHandler                      0x080042b3   Thumb Code     0  startup_stm32f4xx.o(.text)
    SDIO_IRQHandler                          0x080042b3   Thumb Code     0  startup_stm32f4xx.o(.text)
    SPI1_IRQHandler                          0x080042b3   Thumb Code     0  startup_stm32f4xx.o(.text)
    SPI2_IRQHandler                          0x080042b3   Thumb Code     0  startup_stm32f4xx.o(.text)
    SPI3_IRQHandler                          0x080042b3   Thumb Code     0  startup_stm32f4xx.o(.text)
    TAMP_STAMP_IRQHandler                    0x080042b3   Thumb Code     0  startup_stm32f4xx.o(.text)
    TIM1_BRK_TIM9_IRQHandler                 0x080042b3   Thumb Code     0  startup_stm32f4xx.o(.text)
    TIM1_CC_IRQHandler                       0x080042b3   Thumb Code     0  startup_stm32f4xx.o(.text)
    TIM1_TRG_COM_TIM11_IRQHandler            0x080042b3   Thumb Code     0  startup_stm32f4xx.o(.text)
    TIM1_UP_TIM10_IRQHandler                 0x080042b3   Thumb Code     0  startup_stm32f4xx.o(.text)
    TIM3_IRQHandler                          0x080042b3   Thumb Code     0  startup_stm32f4xx.o(.text)
    TIM4_IRQHandler                          0x080042b3   Thumb Code     0  startup_stm32f4xx.o(.text)
    TIM5_IRQHandler                          0x080042b3   Thumb Code     0  startup_stm32f4xx.o(.text)
    TIM6_DAC_IRQHandler                      0x080042b3   Thumb Code     0  startup_stm32f4xx.o(.text)
    TIM7_IRQHandler                          0x080042b3   Thumb Code     0  startup_stm32f4xx.o(.text)
    TIM8_BRK_TIM12_IRQHandler                0x080042b3   Thumb Code     0  startup_stm32f4xx.o(.text)
    TIM8_CC_IRQHandler                       0x080042b3   Thumb Code     0  startup_stm32f4xx.o(.text)
    TIM8_TRG_COM_TIM14_IRQHandler            0x080042b3   Thumb Code     0  startup_stm32f4xx.o(.text)
    TIM8_UP_TIM13_IRQHandler                 0x080042b3   Thumb Code     0  startup_stm32f4xx.o(.text)
    UART4_IRQHandler                         0x080042b3   Thumb Code     0  startup_stm32f4xx.o(.text)
    UART5_IRQHandler                         0x080042b3   Thumb Code     0  startup_stm32f4xx.o(.text)
    USART1_IRQHandler                        0x080042b3   Thumb Code     0  startup_stm32f4xx.o(.text)
    USART6_IRQHandler                        0x080042b3   Thumb Code     0  startup_stm32f4xx.o(.text)
    WWDG_IRQHandler                          0x080042b3   Thumb Code     0  startup_stm32f4xx.o(.text)
    __user_initial_stackheap                 0x080042b5   Thumb Code     0  startup_stm32f4xx.o(.text)
    main                                     0x080042d9   Thumb Code   194  main.o(.text)
    InitGPIOControl                          0x08004409   Thumb Code   676  systemcontrol.o(.text)
    APP_TCPIP_RST                            0x080046ad   Thumb Code    22  systemcontrol.o(.text)
    APP_SUB_PWR_ON                           0x080046c3   Thumb Code    22  systemcontrol.o(.text)
    APP_REG_MPWR_ON                          0x080046d9   Thumb Code    22  systemcontrol.o(.text)
    APP_REG_Init                             0x080046ef   Thumb Code     4  systemcontrol.o(.text)
    APP_InitSystem                           0x080046f3   Thumb Code   156  systemcontrol.o(.text)
    InitValue                                0x0800478f   Thumb Code    22  systemcontrol.o(.text)
    STR_Trans_CLCD                           0x080047cd   Thumb Code    92  app_clcd.o(.text)
    HEX_Trans_CLCD                           0x08004829   Thumb Code    74  app_clcd.o(.text)
    UI_Show_FW_VER                           0x08004873   Thumb Code   108  app_clcd.o(.text)
    UI_Show_Fail_VCC                         0x080048df   Thumb Code    28  app_clcd.o(.text)
    UI_Show_Prog_Status                      0x080048fb   Thumb Code   108  app_clcd.o(.text)
    UI_Show_Progress_Bar                     0x08004967   Thumb Code    86  app_clcd.o(.text)
    UI_Show_Fail_Wait                        0x080049bd   Thumb Code    72  app_clcd.o(.text)
    UI_Show_Model_Description                0x08004a05   Thumb Code   116  app_clcd.o(.text)
    UI_Show_Model_Name                       0x08004a79   Thumb Code    84  app_clcd.o(.text)
    UI_Show_Test_Status                      0x08004acd   Thumb Code   772  app_clcd.o(.text)
    UI_Show_Entering_Test_Mode               0x08004dd1   Thumb Code    72  app_clcd.o(.text)
    UI_Show_Entering_InSYSTest_Mode          0x08004e19   Thumb Code    72  app_clcd.o(.text)
    UIDSP                                    0x08004e61   Thumb Code   208  app_clcd.o(.text)
    Init_CLCD_CLS                            0x08004f31   Thumb Code    28  app_clcd.o(.text)
    Init_UI                                  0x08004f4d   Thumb Code    12  app_clcd.o(.text)
    Cal_AD5254_Set_Value                     0x080050f5   Thumb Code   112  regulator.o(.text)
    Cal_AD5259_Set_Value                     0x08005165   Thumb Code   112  regulator.o(.text)
    Set_REG_CH                               0x080051d5   Thumb Code   208  regulator.o(.text)
    Get_Voltage_Value                        0x080052a5   Thumb Code    44  regulator.o(.text)
    Init_REG                                 0x080052d1   Thumb Code    74  regulator.o(.text)
    USART3_COMM_RESET                        0x080053dd   Thumb Code    28  uartproc.o(.text)
    APP_INIT_UART_VAR                        0x080053f9   Thumb Code    26  uartproc.o(.text)
    MW_SEND_TCPIP_STARTUP                    0x08005413   Thumb Code     8  uartproc.o(.text)
    SendACKN                                 0x0800541b   Thumb Code    94  uartproc.o(.text)
    ACK_Trans_Bytes                          0x08005479   Thumb Code   152  uartproc.o(.text)
    LANPORT_TxProtocol                       0x08005511   Thumb Code   320  uartproc.o(.text)
    LANPORT_RxProtocol                       0x08005651   Thumb Code   434  uartproc.o(.text)
    fputc                                    0x08005805   Thumb Code    30  util.o(.text)
    fgetc                                    0x08005823   Thumb Code    24  util.o(.text)
    _ttywrch                                 0x0800583b   Thumb Code     8  util.o(.text)
    ferror                                   0x08005843   Thumb Code     6  util.o(.text)
    _sys_exit                                0x08005849   Thumb Code     2  util.o(.text)
    delay_us                                 0x0800584b   Thumb Code    20  util.o(.text)
    delay_ms                                 0x0800585f   Thumb Code    26  util.o(.text)
    ADCSetGPIO                               0x0800587d   Thumb Code    90  adcdef.o(.text)
    ADC_DeInit                               0x080058d7   Thumb Code    24  adcdef.o(.text)
    ADC_CommonInit                           0x080058ef   Thumb Code    42  adcdef.o(.text)
    ADC_Init                                 0x08005919   Thumb Code    68  adcdef.o(.text)
    ADC_RegularChannelConfig                 0x0800595d   Thumb Code   116  adcdef.o(.text)
    ADC_DMARequestAfterLastTransferCmd       0x080059d1   Thumb Code    20  adcdef.o(.text)
    ADC_DMACmd                               0x080059e5   Thumb Code    20  adcdef.o(.text)
    ADC_Cmd                                  0x080059f9   Thumb Code    20  adcdef.o(.text)
    ADC_SoftwareStartConv                    0x08005a0d   Thumb Code    10  adcdef.o(.text)
    ADC_GetFlagStatus                        0x08005a17   Thumb Code    14  adcdef.o(.text)
    ADC_GetConversionValue                   0x08005a25   Thumb Code     6  adcdef.o(.text)
    ADC_CH_Change                            0x08005a2b   Thumb Code    26  adcdef.o(.text)
    ADC_Configuration                        0x08005a45   Thumb Code   164  adcdef.o(.text)
    DMA_Init                                 0x08005b0d   Thumb Code    80  dmadef.o(.text)
    DMA_Cmd                                  0x08005b5d   Thumb Code    20  dmadef.o(.text)
    GPIO_PinAFConfig                         0x08005b75   Thumb Code    32  gpiodef.o(.text)
    GpioBPortInit                            0x08005b95   Thumb Code   108  gpiodef.o(.text)
    GPIO_ReadInputDataBit                    0x08005c01   Thumb Code    16  gpiodef.o(.text)
    I2C_DeInit                               0x08005c11   Thumb Code    56  i2cdef.o(.text)
    I2C_Init                                 0x08005c49   Thumb Code   172  i2cdef.o(.text)
    I2C_StructInit                           0x08005cf5   Thumb Code    30  i2cdef.o(.text)
    I2C_Cmd                                  0x08005d13   Thumb Code    20  i2cdef.o(.text)
    I2C_GenerateSTART                        0x08005d27   Thumb Code    20  i2cdef.o(.text)
    I2C_GenerateSTOP                         0x08005d3b   Thumb Code    20  i2cdef.o(.text)
    I2C_CheckEvent                           0x08005d4f   Thumb Code    24  i2cdef.o(.text)
    I2C_Send7bitAddress                      0x08005d67   Thumb Code    16  i2cdef.o(.text)
    I2C_SendData                             0x08005d77   Thumb Code     4  i2cdef.o(.text)
    I2C_ReceiveData                          0x08005d7b   Thumb Code     6  i2cdef.o(.text)
    _TIMEOUT_UserCallback                    0x08005d81   Thumb Code     4  i2cdef.o(.text)
    I2C_AcknowledgeConfig                    0x08005d85   Thumb Code    20  i2cdef.o(.text)
    I2C_GetFlagStatus                        0x08005d99   Thumb Code    30  i2cdef.o(.text)
    I2C_start                                0x08005db7   Thumb Code   124  i2cdef.o(.text)
    I2C_ITConfig                             0x08005e33   Thumb Code    16  i2cdef.o(.text)
    I2C_write                                0x08005e43   Thumb Code    44  i2cdef.o(.text)
    I2C_read_ack                             0x08005e6f   Thumb Code    54  i2cdef.o(.text)
    I2C_read_nack                            0x08005ea5   Thumb Code    54  i2cdef.o(.text)
    I2C_stop                                 0x08005edb   Thumb Code     4  i2cdef.o(.text)
    Init_I2C                                 0x08005edf   Thumb Code    68  i2cdef.o(.text)
    INT_SW_i2cDelay                          0x08005f23   Thumb Code    14  i2cdef.o(.text)
    INT_SW_i2cDelay2                         0x08005f31   Thumb Code    14  i2cdef.o(.text)
    INT_SW_i2c_SDAInput                      0x08005f3f   Thumb Code    22  i2cdef.o(.text)
    INT_SW_i2c_SDAOutput                     0x08005f55   Thumb Code    24  i2cdef.o(.text)
    INT_SW_i2c_SCLOutput                     0x08005f6d   Thumb Code    24  i2cdef.o(.text)
    INT_SW_i2c_SetSDA                        0x08005f85   Thumb Code    12  i2cdef.o(.text)
    INT_SW_i2c_ClrSDA                        0x08005f91   Thumb Code    12  i2cdef.o(.text)
    INT_SW_i2c_SetSCL                        0x08005f9d   Thumb Code    12  i2cdef.o(.text)
    INT_SW_i2c_ClrSCL                        0x08005fa9   Thumb Code    12  i2cdef.o(.text)
    INT_SW_i2c_GetSDA                        0x08005fb5   Thumb Code     8  i2cdef.o(.text)
    INT_SW_i2cStart                          0x08005fbd   Thumb Code    40  i2cdef.o(.text)
    INT_SW_i2cStop                           0x08005fe5   Thumb Code    72  i2cdef.o(.text)
    INT_SW_i2cGetAck                         0x0800602d   Thumb Code    56  i2cdef.o(.text)
    INT_SW_i2cSendAck                        0x08006065   Thumb Code    26  i2cdef.o(.text)
    INT_SW_i2c_Transmit                      0x0800607f   Thumb Code    78  i2cdef.o(.text)
    INT_SW_i2c_Reveive                       0x080060cd   Thumb Code    62  i2cdef.o(.text)
    INT_SW_i2c_WriteByte                     0x0800610b   Thumb Code    86  i2cdef.o(.text)
    INT_SW_I2C_ReadBytes                     0x08006161   Thumb Code   114  i2cdef.o(.text)
    INT_SW_i2c_Init                          0x080061d3   Thumb Code    24  i2cdef.o(.text)
    EXT_SW_i2cDelay                          0x080061eb   Thumb Code    14  i2cdef.o(.text)
    EXT_SW_i2cDelay2                         0x080061f9   Thumb Code    14  i2cdef.o(.text)
    EXT_SW_i2c_SDAInput                      0x08006207   Thumb Code    30  i2cdef.o(.text)
    EXT_SW_i2c_SDAOutput                     0x08006225   Thumb Code    30  i2cdef.o(.text)
    EXT_SW_i2c_SCLInput                      0x08006243   Thumb Code    22  i2cdef.o(.text)
    EXT_SW_i2c_SCLOutput                     0x08006259   Thumb Code    22  i2cdef.o(.text)
    EXT_SW_i2c_SetSDA                        0x0800626f   Thumb Code    12  i2cdef.o(.text)
    EXT_SW_i2c_ClrSDA                        0x0800627b   Thumb Code    12  i2cdef.o(.text)
    EXT_SW_i2c_SetSCL                        0x08006287   Thumb Code    10  i2cdef.o(.text)
    EXT_SW_i2c_ClrSCL                        0x08006291   Thumb Code    10  i2cdef.o(.text)
    EXT_SW_i2c_GetSDA                        0x0800629b   Thumb Code     8  i2cdef.o(.text)
    EXT_SW_i2cStart                          0x080062a3   Thumb Code    40  i2cdef.o(.text)
    EXT_SW_i2cStop                           0x080062cb   Thumb Code    36  i2cdef.o(.text)
    EXT_SW_i2cGetAck                         0x080062ef   Thumb Code    66  i2cdef.o(.text)
    EXT_SW_i2cSendAck                        0x08006331   Thumb Code    30  i2cdef.o(.text)
    EXT_SW_i2c_Transmit                      0x0800634f   Thumb Code    80  i2cdef.o(.text)
    EXT_SW_i2c_Reveive                       0x0800639f   Thumb Code    70  i2cdef.o(.text)
    EXT_SW_i2c_Init                          0x080063e5   Thumb Code   152  i2cdef.o(.text)
    NVIC_Init                                0x0800647d   Thumb Code    92  nvimdef.o(.text)
    InitInterrupt                            0x080064d9   Thumb Code    28  nvimdef.o(.text)
    RCC_APB2PeriphResetCmd                   0x080064f5   Thumb Code    18  nvimdef.o(.text)
    RCC_APB1PeriphClockCmd                   0x08006507   Thumb Code    20  nvimdef.o(.text)
    RCC_AHB1PeriphClockCmd                   0x0800651b   Thumb Code    20  nvimdef.o(.text)
    RCC_APB2PeriphClockCmd                   0x0800652f   Thumb Code    20  nvimdef.o(.text)
    RCC_APB1PeriphResetCmd                   0x08006543   Thumb Code    20  nvimdef.o(.text)
    RCC_AHB1PeriphResetCmd                   0x08006557   Thumb Code    20  nvimdef.o(.text)
    RCC_GetClocksFreq                        0x0800656b   Thumb Code   140  nvimdef.o(.text)
    NVIC_PriorityGroupConfig                 0x080065f7   Thumb Code    10  nvimdef.o(.text)
    SPI_Init                                 0x0800661d   Thumb Code    58  spidef.o(.text)
    SPI_Cmd                                  0x08006657   Thumb Code    20  spidef.o(.text)
    SPI_I2S_GetFlagStatus                    0x0800666b   Thumb Code    14  spidef.o(.text)
    SPI_TIMEOUT_UserCallback                 0x08006679   Thumb Code     4  spidef.o(.text)
    SPI_I2S_SendData                         0x0800667d   Thumb Code     4  spidef.o(.text)
    SPI_I2S_ReceiveData                      0x08006681   Thumb Code     4  spidef.o(.text)
    INT_SPI_InitPort                         0x08006685   Thumb Code   274  spidef.o(.text)
    EXT_SPI_InitPort                         0x08006797   Thumb Code   322  spidef.o(.text)
    SPI_WriteByte                            0x080068d9   Thumb Code    78  spidef.o(.text)
    SPI_ReadByte                             0x08006927   Thumb Code    76  spidef.o(.text)
    TIM_Cmd                                  0x08006989   Thumb Code    20  timerdef.o(.text)
    TIM_ITConfig                             0x0800699d   Thumb Code    16  timerdef.o(.text)
    TIM_ClearITPendingBit                    0x080069ad   Thumb Code     6  timerdef.o(.text)
    TIM_TimeBaseInit                         0x080069b3   Thumb Code   100  timerdef.o(.text)
    TimerInit                                0x08006a17   Thumb Code    72  timerdef.o(.text)
    TIM_GetITStatus                          0x08006a5f   Thumb Code    22  timerdef.o(.text)
    TIM_GetCapture1                          0x08006a75   Thumb Code     4  timerdef.o(.text)
    TIM_SetCompare1                          0x08006a79   Thumb Code     4  timerdef.o(.text)
    TIM_SetAutoreload                        0x08006a7d   Thumb Code     4  timerdef.o(.text)
    TIM2_IRQHandler                          0x08006a81   Thumb Code    42  timerdef.o(.text)
    USART_Init                               0x08006acd   Thumb Code   174  uartdef.o(.text)
    USART_ITConfig                           0x08006b7b   Thumb Code    48  uartdef.o(.text)
    USART_Cmd                                0x08006bab   Thumb Code    20  uartdef.o(.text)
    USART_SendData                           0x08006bbf   Thumb Code     8  uartdef.o(.text)
    USART_GetFlagStatus                      0x08006bc7   Thumb Code    14  uartdef.o(.text)
    GetKey                                   0x08006bd5   Thumb Code    34  uartdef.o(.text)
    USART3_IRQHandler                        0x08006bf7   Thumb Code   102  uartdef.o(.text)
    GetDBG                                   0x08006c5d   Thumb Code    34  uartdef.o(.text)
    USART2_IRQHandler                        0x08006c7f   Thumb Code   102  uartdef.o(.text)
    USART_IO_Config                          0x08006ce5   Thumb Code   170  uartdef.o(.text)
    USART_Configuration                      0x08006d8f   Thumb Code    96  uartdef.o(.text)
    SendUart                                 0x08006def   Thumb Code    22  uartdef.o(.text)
    SystemInit                               0x08006e2d   Thumb Code    72  systemset.o(.text)
    Self_Test_Jig_HWINIT                     0x08006f21   Thumb Code   104  process.o(.text)
    Self_Test_Jig_Result_INIT                0x08006f89   Thumb Code    38  process.o(.text)
    Self_Test_Jig_SWINIT                     0x08006faf   Thumb Code    16  process.o(.text)
    Self_Test_Jig_End                        0x08006fbf   Thumb Code    98  process.o(.text)
    JIG_Check_VCC                            0x08007021   Thumb Code    36  process.o(.text)
    JIG_Test_IO_Check                        0x08007045   Thumb Code   128  process.o(.text)
    JIG_INT_Flash_Verify                     0x080070c5   Thumb Code    64  process.o(.text)
    JIG_INT_Flash_Write                      0x08007105   Thumb Code    28  process.o(.text)
    JIG_EXT_Flash_Verify                     0x08007121   Thumb Code    64  process.o(.text)
    JIG_EXT_Flash_Write                      0x08007161   Thumb Code    28  process.o(.text)
    JIG_EXT_EEPROM_Write_Test                0x0800717d   Thumb Code   156  process.o(.text)
    JIG_EXT_EEPROM_Verify                    0x08007219   Thumb Code   202  process.o(.text)
    Self_Test_Jig_Handler                    0x080072e3   Thumb Code  3366  process.o(.text)
    UnivasalFun                              0x08008009   Thumb Code   120  process.o(.text)
    APP_SEND_TCPIP_Start                     0x08008081   Thumb Code    14  process.o(.text)
    Init_VAR                                 0x0800808f   Thumb Code    18  process.o(.text)
    DoTime2_500ms                            0x080080c9   Thumb Code    28  schedule.o(.text)
    DoTime2_100ms                            0x080080e5   Thumb Code     2  schedule.o(.text)
    DoTime2_10ms                             0x080080e7   Thumb Code     2  schedule.o(.text)
    DoTime2_1ms                              0x080080e9   Thumb Code    64  schedule.o(.text)
    Time2Fun                                 0x08008129   Thumb Code   120  schedule.o(.text)
    SoftTime2_500ms                          0x080081a1   Thumb Code     2  schedule.o(.text)
    SoftTime2_100ms                          0x080081a3   Thumb Code     2  schedule.o(.text)
    SoftTime2_10ms                           0x080081a5   Thumb Code     4  schedule.o(.text)
    SoftTime2_1ms                            0x080081a9   Thumb Code     4  schedule.o(.text)
    Time2Schedule                            0x080081ad   Thumb Code    42  schedule.o(.text)
    Init_Open_Short                          0x08008219   Thumb Code    42  open_short.o(.text)
    PcSend                                   0x08008243   Thumb Code   308  open_short.o(.text)
    JIG_PcSend                               0x08008377   Thumb Code   168  open_short.o(.text)
    InSys_OS_Test_PcSend                     0x0800841f   Thumb Code   140  open_short.o(.text)
    ALLOpenTest                              0x080084ab   Thumb Code   808  open_short.o(.text)
    ALLShortTest                             0x080087d3   Thumb Code   368  open_short.o(.text)
    OSTesting                                0x08008943   Thumb Code   450  open_short.o(.text)
    FP_LED_FORCE_ON                          0x08008b05   Thumb Code   370  open_short.o(.text)
    JIG_OSTesting                            0x08008c77   Thumb Code   324  open_short.o(.text)
    In_SysTest_OSTesting                     0x08008dbb   Thumb Code   322  open_short.o(.text)
    u_OpenShort_Handler                      0x08008efd   Thumb Code   138  open_short.o(.text)
    ADC_DAC_Delay                            0x08008fd9   Thumb Code    14  dacadc.o(.text)
    DoutValInit                              0x08008fe7   Thumb Code    18  dacadc.o(.text)
    ADC_DAC_CHIP_INIT                        0x08008ff9   Thumb Code   140  dacadc.o(.text)
    ADS8509_GetVolt                          0x08009085   Thumb Code   250  dacadc.o(.text)
    DAC714_SetVolt                           0x0800917f   Thumb Code   176  dacadc.o(.text)
    DoutFSDriver                             0x0800922f   Thumb Code    24  dacadc.o(.text)
    DoutSSDriver                             0x08009247   Thumb Code     8  dacadc.o(.text)
    DoutALLOPENSSDriver                      0x0800924f   Thumb Code    26  dacadc.o(.text)
    DoutALLSHORTSSDriver                     0x08009269   Thumb Code    24  dacadc.o(.text)
    OutDBInit                                0x08009281   Thumb Code    44  dacadc.o(.text)
    OUTDBPortWrite                           0x080092ad   Thumb Code    40  dacadc.o(.text)
    OUTDBSchedule                            0x080092d5   Thumb Code   162  dacadc.o(.text)
    Init_bin_Prog                            0x080093d5   Thumb Code   102  binary_write.o(.text)
    Set_bin_GPIO                             0x0800943b   Thumb Code    46  binary_write.o(.text)
    Check_VCC                                0x08009469   Thumb Code    26  binary_write.o(.text)
    bin_Write_CS                             0x08009483   Thumb Code    26  binary_write.o(.text)
    bin_Write_Enable                         0x0800949d   Thumb Code    38  binary_write.o(.text)
    bin_Device_ID                            0x080094c3   Thumb Code    80  binary_write.o(.text)
    bin_Protect_Mode                         0x08009513   Thumb Code    90  binary_write.o(.text)
    Check_bin_Status                         0x0800956d   Thumb Code    60  binary_write.o(.text)
    Chip_Erase_bin                           0x080095a9   Thumb Code   300  binary_write.o(.text)
    Erase_Fail_bin                           0x080096d5   Thumb Code   634  binary_write.o(.text)
    Erase_Serial_bin                         0x0800994f   Thumb Code    48  binary_write.o(.text)
    bin_Read_Page                            0x0800997f   Thumb Code    84  binary_write.o(.text)
    bin_Write_Page                           0x080099d3   Thumb Code   274  binary_write.o(.text)
    bin_Write_Process                        0x08009ae5   Thumb Code   206  binary_write.o(.text)
    bin_Check_Blank                          0x08009bb3   Thumb Code   164  binary_write.o(.text)
    bin_Check_Verify                         0x08009c57   Thumb Code   732  binary_write.o(.text)
    bin_Check_SUM                            0x08009f33   Thumb Code    28  binary_write.o(.text)
    bin_Program_Handler                      0x08009f4f   Thumb Code  1786  binary_write.o(.text)
    bin_Verify_Handler                       0x0800a649   Thumb Code   906  binary_write.o(.text)
    bin_Copy_Handler                         0x0800a9d3   Thumb Code  1018  binary_write.o(.text)
    MW_CAMI2C_Write_A16D8                    0x0800adcd   Thumb Code   110  binary_write.o(.text)
    MW_CAMI2C_Read_A16D8                     0x0800ae3b   Thumb Code   138  binary_write.o(.text)
    OTPM_SWITCH_PAGE                         0x0800aec5   Thumb Code    28  binary_write.o(.text)
    OTPM_Wait_Data_READY                     0x0800aee1   Thumb Code   114  binary_write.o(.text)
    OTPM_Read_PAGE                           0x0800af53   Thumb Code    92  binary_write.o(.text)
    ID_Mapping_Handler                       0x0800afaf   Thumb Code  1500  binary_write.o(.text)
    INT_FLASH_CS                             0x0800b665   Thumb Code    24  serial_flash.o(.text)
    INT_FLASH_READ_ID                        0x0800b67d   Thumb Code    84  serial_flash.o(.text)
    FWrite_Status_REG                        0x0800b6d1   Thumb Code    50  serial_flash.o(.text)
    FCheck_Status_REG                        0x0800b703   Thumb Code    42  serial_flash.o(.text)
    INT_FLASH_SW_Reset                       0x0800b72d   Thumb Code    60  serial_flash.o(.text)
    INT_FLASH_SW_Reset_SEQ                   0x0800b769   Thumb Code    64  serial_flash.o(.text)
    FChip_Write_Enable                       0x0800b7a9   Thumb Code    38  serial_flash.o(.text)
    FChip_Write_Disable                      0x0800b7cf   Thumb Code    38  serial_flash.o(.text)
    FSector_Erase_Flash                      0x0800b7f5   Thumb Code   180  serial_flash.o(.text)
    FChip_Erase_Flash                        0x0800b8a9   Thumb Code   162  serial_flash.o(.text)
    Erase_Sector_Serial_Flash                0x0800b94b   Thumb Code    36  serial_flash.o(.text)
    FProg_Page_Serial_Flash                  0x0800b96f   Thumb Code   206  serial_flash.o(.text)
    FRead_Page_Serial_Flash                  0x0800ba3d   Thumb Code   334  serial_flash.o(.text)
    Load_Model_Description                   0x0800bb8b   Thumb Code   140  serial_flash.o(.text)
    Write_Page_Flash_handler                 0x0800bc17   Thumb Code    22  serial_flash.o(.text)
    Read_Page_Flash_handler                  0x0800bc2d   Thumb Code    22  serial_flash.o(.text)
    Erase_Serial_Flash                       0x0800bc43   Thumb Code    46  serial_flash.o(.text)
    Init_Flash                               0x0800bc71   Thumb Code    62  serial_flash.o(.text)
    JIG_Write_CS                             0x0800bcaf   Thumb Code    24  serial_flash.o(.text)
    Chip_Write_EXT_FEnable                   0x0800bcc7   Thumb Code    38  serial_flash.o(.text)
    Check_EFlash_Status                      0x0800bced   Thumb Code    60  serial_flash.o(.text)
    Sector_Erase_EXT_Flash                   0x0800bd29   Thumb Code   230  serial_flash.o(.text)
    Erase_Sector_EXT_Serial_Flash            0x0800be0f   Thumb Code    26  serial_flash.o(.text)
    Write_Page_EXT_Serial_Flash              0x0800be29   Thumb Code   260  serial_flash.o(.text)
    Read_Page_EXT_Serial_Flash               0x0800bf2d   Thumb Code   420  serial_flash.o(.text)
    FPGA_Chip_Sel                            0x0800c0d1   Thumb Code    22  serial_flash.o(.text)
    FPGA_SET_RW_Config                       0x0800c0e7   Thumb Code    28  serial_flash.o(.text)
    FPGA_SET_Addr                            0x0800c103   Thumb Code    62  serial_flash.o(.text)
    FPGA_SET_DATA_BUS_PORT                   0x0800c141   Thumb Code   128  serial_flash.o(.text)
    FPGA_GET_DATA_BUS_PORT                   0x0800c1c1   Thumb Code   138  serial_flash.o(.text)
    FPGA_Data_Port_Direction                 0x0800c24b   Thumb Code   274  serial_flash.o(.text)
    FPGA_Serial_Periph_EN                    0x0800c35d   Thumb Code    50  serial_flash.o(.text)
    FPGA_Set_GPIO_Dir                        0x0800c38f   Thumb Code    56  serial_flash.o(.text)
    FPGA_READ_VER                            0x0800c3c7   Thumb Code   114  serial_flash.o(.text)
    Init_FPGA_Level_Shift_DRV                0x0800c439   Thumb Code   456  serial_flash.o(.text)
    LED_Show_Blink                           0x0800c645   Thumb Code    42  application.o(.text)
    ResultLEDShow                            0x0800c66f   Thumb Code   122  application.o(.text)
    Key_Action                               0x0800c6e9   Thumb Code    20  application.o(.text)
    KeyScanKey                               0x0800c6fd   Thumb Code   160  application.o(.text)
    __2printf                                0x0800c7b5   Thumb Code    20  noretval__2printf.o(.text)
    __2sprintf                               0x0800c7cd   Thumb Code    34  noretval__2sprintf.o(.text)
    _printf_pre_padding                      0x0800c7f5   Thumb Code    46  _printf_pad.o(.text)
    _printf_post_padding                     0x0800c823   Thumb Code    36  _printf_pad.o(.text)
    _printf_str                              0x0800c847   Thumb Code    82  _printf_str.o(.text)
    _printf_int_dec                          0x0800c899   Thumb Code   102  _printf_dec.o(.text)
    _printf_int_hex                          0x0800c911   Thumb Code    88  _printf_hex_int.o(.text)
    _printf_longlong_hex                     0x0800c911   Thumb Code     0  _printf_hex_int.o(.text)
    __printf                                 0x0800c96d   Thumb Code   310  __printf_flags_wp.o(.text)
    strlen                                   0x0800caa9   Thumb Code    62  strlen.o(.text)
    __aeabi_memset                           0x0800cae7   Thumb Code    16  aeabi_memset.o(.text)
    __aeabi_memclr                           0x0800caf7   Thumb Code     0  rt_memclr.o(.text)
    __rt_memclr                              0x0800caf7   Thumb Code    68  rt_memclr.o(.text)
    _memset                                  0x0800cafb   Thumb Code     0  rt_memclr.o(.text)
    __aeabi_memclr4                          0x0800cb3b   Thumb Code     0  rt_memclr_w.o(.text)
    __aeabi_memclr8                          0x0800cb3b   Thumb Code     0  rt_memclr_w.o(.text)
    __rt_memclr_w                            0x0800cb3b   Thumb Code    78  rt_memclr_w.o(.text)
    _memset_w                                0x0800cb3f   Thumb Code     0  rt_memclr_w.o(.text)
    __use_two_region_memory                  0x0800cb89   Thumb Code     2  heapauxi.o(.text)
    __rt_heap_escrow$2region                 0x0800cb8b   Thumb Code     2  heapauxi.o(.text)
    __rt_heap_expand$2region                 0x0800cb8d   Thumb Code     2  heapauxi.o(.text)
    _printf_int_common                       0x0800cb8f   Thumb Code   184  _printf_intcommon.o(.text)
    __lib_sel_fp_printf                      0x0800cc47   Thumb Code     2  _printf_fp_dec.o(.text)
    _printf_fp_dec_real                      0x0800cdf5   Thumb Code   626  _printf_fp_dec.o(.text)
    _printf_char_common                      0x0800d073   Thumb Code    32  _printf_char_common.o(.text)
    _sputc                                   0x0800d099   Thumb Code    10  _sputc.o(.text)
    _printf_cs_common                        0x0800d0a3   Thumb Code    20  _printf_char.o(.text)
    _printf_char                             0x0800d0b7   Thumb Code    16  _printf_char.o(.text)
    _printf_string                           0x0800d0c7   Thumb Code     8  _printf_char.o(.text)
    _printf_char_file                        0x0800d0d1   Thumb Code    32  _printf_char_file.o(.text)
    __rt_locale                              0x0800d0f5   Thumb Code     8  rt_locale_intlibspace.o(.text)
    _ll_udiv10                               0x0800d0fd   Thumb Code   138  lludiv10.o(.text)
    _printf_fp_infnan                        0x0800d189   Thumb Code   112  _printf_fp_infnan.o(.text)
    _btod_etento                             0x0800d209   Thumb Code   222  bigflt0.o(.text)
    __user_libspace                          0x0800d2ed   Thumb Code     8  libspace.o(.text)
    __user_perproc_libspace                  0x0800d2ed   Thumb Code     0  libspace.o(.text)
    __user_perthread_libspace                0x0800d2ed   Thumb Code     0  libspace.o(.text)
    __user_setup_stackheap                   0x0800d2f5   Thumb Code    74  sys_stackheap_outer.o(.text)
    exit                                     0x0800d33f   Thumb Code    12  exit.o(.text)
    strcmp                                   0x0800d34d   Thumb Code   128  strcmpv7m.o(.text)
    _btod_d2e                                0x0800d3cd   Thumb Code    62  btod.o(CL$$btod_d2e)
    _d2e_denorm_low                          0x0800d40b   Thumb Code    70  btod.o(CL$$btod_d2e_denorm_low)
    _d2e_norm_op1                            0x0800d451   Thumb Code    96  btod.o(CL$$btod_d2e_norm_op1)
    __btod_div_common                        0x0800d4b1   Thumb Code   696  btod.o(CL$$btod_div_common)
    _e2e                                     0x0800d7e9   Thumb Code   198  btod.o(CL$$btod_e2e)
    _btod_ediv                               0x0800d8af   Thumb Code    40  btod.o(CL$$btod_ediv)
    _btod_emul                               0x0800d8d7   Thumb Code    40  btod.o(CL$$btod_emul)
    __btod_mult_common                       0x0800d8ff   Thumb Code   580  btod.o(CL$$btod_mult_common)
    __ARM_fpclassify                         0x0800db43   Thumb Code    48  fpclassify.o(i.__ARM_fpclassify)
    _is_digit                                0x0800db73   Thumb Code    14  __printf_wp.o(i._is_digit)
    _get_lc_numeric                          0x0800db81   Thumb Code    44  lc_numeric_c.o(locale$$code)
    __aeabi_dneg                             0x0800dbad   Thumb Code     0  basic.o(x$fpl$basic)
    _dneg                                    0x0800dbad   Thumb Code     6  basic.o(x$fpl$basic)
    __aeabi_fneg                             0x0800dbb3   Thumb Code     0  basic.o(x$fpl$basic)
    _fneg                                    0x0800dbb3   Thumb Code     6  basic.o(x$fpl$basic)
    _dabs                                    0x0800dbb9   Thumb Code     6  basic.o(x$fpl$basic)
    _fabs                                    0x0800dbbf   Thumb Code     6  basic.o(x$fpl$basic)
    __aeabi_d2f                              0x0800dbc5   Thumb Code     0  d2f.o(x$fpl$d2f)
    _d2f                                     0x0800dbc5   Thumb Code    98  d2f.o(x$fpl$d2f)
    __aeabi_dadd                             0x0800dc29   Thumb Code     0  daddsub_clz.o(x$fpl$dadd)
    _dadd                                    0x0800dc29   Thumb Code   332  daddsub_clz.o(x$fpl$dadd)
    __aeabi_ddiv                             0x0800dd79   Thumb Code     0  ddiv.o(x$fpl$ddiv)
    _ddiv                                    0x0800dd79   Thumb Code   552  ddiv.o(x$fpl$ddiv)
    __aeabi_d2uiz                            0x0800e029   Thumb Code     0  dfixu.o(x$fpl$dfixu)
    _dfixu                                   0x0800e029   Thumb Code    90  dfixu.o(x$fpl$dfixu)
    __aeabi_ui2d                             0x0800e083   Thumb Code     0  dflt_clz.o(x$fpl$dfltu)
    _dfltu                                   0x0800e083   Thumb Code    38  dflt_clz.o(x$fpl$dfltu)
    __aeabi_dmul                             0x0800e0a9   Thumb Code     0  dmul.o(x$fpl$dmul)
    _dmul                                    0x0800e0a9   Thumb Code   332  dmul.o(x$fpl$dmul)
    __fpl_dnaninf                            0x0800e1fd   Thumb Code   156  dnaninf.o(x$fpl$dnaninf)
    __fpl_dretinf                            0x0800e299   Thumb Code    12  dretinf.o(x$fpl$dretinf)
    __aeabi_dsub                             0x0800e2a5   Thumb Code     0  daddsub_clz.o(x$fpl$dsub)
    _dsub                                    0x0800e2a5   Thumb Code   464  daddsub_clz.o(x$fpl$dsub)
    __aeabi_f2d                              0x0800e479   Thumb Code     0  f2d.o(x$fpl$f2d)
    _f2d                                     0x0800e479   Thumb Code    86  f2d.o(x$fpl$f2d)
    __fpl_fnaninf                            0x0800e4cf   Thumb Code   140  fnaninf.o(x$fpl$fnaninf)
    _fp_init                                 0x0800e55b   Thumb Code    10  fpinit.o(x$fpl$fpinit)
    __fplib_config_fpu_vfp                   0x0800e563   Thumb Code     0  fpinit.o(x$fpl$fpinit)
    __fplib_config_pureend_doubles           0x0800e563   Thumb Code     0  fpinit.o(x$fpl$fpinit)
    __fpl_fretinf                            0x0800e565   Thumb Code    10  fretinf.o(x$fpl$fretinf)
    _printf_fp_dec                           0x0800e56f   Thumb Code     4  printf1.o(x$fpl$printf1)
    __I$use$fp                               0x0800e573   Thumb Code     0  usenofp.o(x$fpl$usenofp)
    Region$$Table$$Base                      0x0800e640   Number         0  anon$$obj.o(Region$$Table)
    Region$$Table$$Limit                     0x0800e660   Number         0  anon$$obj.o(Region$$Table)
    UI_state                                 0x20000000   Data           1  app_clcd.o(.data)
    uc_bin_ACT                               0x20000001   Data           1  app_clcd.o(.data)
    g_get_REG_Value                          0x20000002   Data           2  regulator.o(.data)
    u_Univasal_Mode                          0x20000004   Data           1  uartproc.o(.data)
    r_Rxd0Cmd                                0x20000005   Data           1  uartproc.o(.data)
    r_Err_Code0                              0x20000006   Data           1  uartproc.o(.data)
    r_UART0_TM_CHK                           0x20000007   Data           1  uartproc.o(.data)
    r_Rxd0Complete                           0x20000008   Data           1  uartproc.o(.data)
    r_Txd0Ready                              0x20000009   Data           1  uartproc.o(.data)
    r_is_Busy                                0x2000000a   Data           1  uartproc.o(.data)
    _Test_Point                              0x2000000b   Data           1  uartproc.o(.data)
    tx0_ECC                                  0x2000000c   Data           1  uartproc.o(.data)
    r_RxdStep0                               0x2000000d   Data           1  uartproc.o(.data)
    checkECC0                                0x2000000e   Data           1  uartproc.o(.data)
    f_RxErr0                                 0x2000000f   Data           1  uartproc.o(.data)
    T_UART0_Timer                            0x20000010   Data           2  uartproc.o(.data)
    r_Byte_MAX                               0x20000012   Data           2  uartproc.o(.data)
    r_Byte_CUR                               0x20000014   Data           2  uartproc.o(.data)
    r_RDd0FPAddr                             0x20000016   Data           3  uartproc.o(.data)
    r_WRd0FPAddr                             0x20000019   Data           3  uartproc.o(.data)
    __stdout                                 0x2000001c   Data           4  util.o(.data)
    ADC1ConvertedValue                       0x20000020   Data           2  adcdef.o(.data)
    Timeout                                  0x20000024   Data           4  i2cdef.o(.data)
    SPITimeout                               0x20000038   Data           4  spidef.o(.data)
    capture                                  0x2000003c   Data           2  timerdef.o(.data)
    JIG_Test_Config                          0x2000003e   Data           1  process.o(.data)
    JIG_Test_Time                            0x2000003f   Data           1  process.o(.data)
    JIG_Test_Status                          0x20000040   Data           1  process.o(.data)
    JIG_Test_Mode                            0x20000042   Data           2  process.o(.data)
    JIG_DLY                                  0x20000044   Data           2  process.o(.data)
    r_Cnt_1ms_Soft                           0x20000048   Data           1  schedule.o(.data)
    r_Cnt_10ms_Soft                          0x20000049   Data           1  schedule.o(.data)
    r_Cnt_100ms_Soft                         0x2000004a   Data           1  schedule.o(.data)
    f_On_1ms_Soft                            0x2000004b   Data           1  schedule.o(.data)
    f_On_10ms_Soft                           0x2000004c   Data           1  schedule.o(.data)
    f_On_100ms_Soft                          0x2000004d   Data           1  schedule.o(.data)
    f_On_500ms_Soft                          0x2000004e   Data           1  schedule.o(.data)
    BlinkLED                                 0x2000004f   Data           1  schedule.o(.data)
    r_100usCNT                               0x20000050   Data           1  schedule.o(.data)
    r_Cnt_1ms                                0x20000054   Data           4  schedule.o(.data)
    r_Cnt_10ms                               0x20000058   Data           4  schedule.o(.data)
    r_Cnt_100ms                              0x2000005c   Data           4  schedule.o(.data)
    ENG_Mode                                 0x20000060   Data           1  open_short.o(.data)
    Open_Short_Cnt                           0x20000061   Data           1  open_short.o(.data)
    FScount                                  0x20000062   Data           1  open_short.o(.data)
    ccount                                   0x20000063   Data           1  open_short.o(.data)
    Open_Short_Fail                          0x20000064   Data           1  open_short.o(.data)
    r_ledresultStatus                        0x20000065   Data           1  open_short.o(.data)
    ucLEDFP_Result                           0x20000066   Data           1  open_short.o(.data)
    readvlot                                 0x20000068   Data           4  open_short.o(.data)
    OS_Cfg                                   0x2000006c   Data         300  open_short.o(.data)
    DBScheduleIndex                          0x20000198   Data           1  dacadc.o(.data)
    OutDBIndex                               0x20000199   Data           1  dacadc.o(.data)
    ClockIndex                               0x2000019a   Data           1  dacadc.o(.data)
    ClockVal                                 0x2000019b   Data           6  dacadc.o(.data)
    bin_Act_Config                           0x200001a4   Data           1  binary_write.o(.data)
    bin_DLY_ON                               0x200001a5   Data           1  binary_write.o(.data)
    bin_Prog_Fail_Code                       0x200001a6   Data           1  binary_write.o(.data)
    uc_Verify_CNT                            0x200001a7   Data           1  binary_write.o(.data)
    bin_Prog_Mode                            0x200001a8   Data           2  binary_write.o(.data)
    bin_DLY                                  0x200001aa   Data           2  binary_write.o(.data)
    bin_Delay_TMR                            0x200001ac   Data           2  binary_write.o(.data)
    bin_ID                                   0x200001ae   Data           3  binary_write.o(.data)
    bin_Address                              0x200001b4   Data           4  binary_write.o(.data)
    SF_Status                                0x200001b8   Data           1  serial_flash.o(.data)
    SF_Ret_Try                               0x200001b9   Data           1  serial_flash.o(.data)
    D_Model_CS                               0x200001ba   Data           2  serial_flash.o(.data)
    uc_INT_FID                               0x200001bc   Data           3  serial_flash.o(.data)
    IsLEDBlink                               0x200001bf   Data           1  application.o(.data)
    g_Buzz_Process                           0x200001c0   Data           1  application.o(.data)
    g_Buzz_TM                                0x200001c1   Data           1  application.o(.data)
    LCDTImer                                 0x200001c2   Data           1  application.o(.data)
    CNT_CHAT                                 0x200001c3   Data           1  application.o(.data)
    New_Single_Key                           0x200001c4   Data           1  application.o(.data)
    Old_Single_Key                           0x200001c5   Data           1  application.o(.data)
    BackUp_Single_Key                        0x200001c6   Data           1  application.o(.data)
    New_All_Key                              0x200001c7   Data           1  application.o(.data)
    Old_All_Key                              0x200001c8   Data           1  application.o(.data)
    BackUp_All_Key                           0x200001c9   Data           1  application.o(.data)
    New_Mode_Key                             0x200001ca   Data           1  application.o(.data)
    Old_Mode_Key                             0x200001cb   Data           1  application.o(.data)
    szbuf1                                   0x200001cc   Data         200  app_clcd.o(.bss)
    r_Txd0Result                             0x20000294   Data         256  uartproc.o(.bss)
    r_Rxd0Data                               0x20000394   Data         512  uartproc.o(.bss)
    r_RDd0FPageData                          0x20000594   Data         256  uartproc.o(.bss)
    r_WRd0FPageData                          0x20000694   Data         256  uartproc.o(.bss)
    ADC_InitStructure                        0x20000794   Data          24  adcdef.o(.bss)
    ADC_CommonInitStructure                  0x200007ac   Data          16  adcdef.o(.bss)
    mADC_TBL                                 0x20000ad4   Data          60  open_short.o(.bss)
    D_Model_Name                             0x20000b10   Data           9  serial_flash.o(.bss)
    D_Model_Descript                         0x20000b19   Data          32  serial_flash.o(.bss)
    D_Model_Prog_Info                        0x20000b39   Data          31  serial_flash.o(.bss)
    __libspace_start                         0x20000b58   Data          96  libspace.o(.bss)
    __temporary_stack_top$libspace           0x20000bb8   Data           0  libspace.o(.bss)



==============================================================================

Memory Map of the image

  Image Entry point : 0x08004189

  Load Region LR_IROM1 (Base: 0x08004000, Size: 0x0000a848, Max: 0x00100000, ABSOLUTE, COMPRESSED[0x0000a75c])

    Execution Region ER_IROM1 (Base: 0x08004000, Size: 0x0000a67c, Max: 0x00100000, ABSOLUTE)

    Base Addr    Size         Type   Attr      Idx    E Section Name        Object

    0x08004000   0x00000188   Data   RO            3    RESET               startup_stm32f4xx.o
    0x08004188   0x00000008   Code   RO          932  * !!!main             c_w.l(__main.o)
    0x08004190   0x00000034   Code   RO         1179    !!!scatter          c_w.l(__scatter.o)
    0x080041c4   0x0000005a   Code   RO         1177    !!dczerorl2         c_w.l(__dczerorl2.o)
    0x0800421e   0x00000002   PAD
    0x08004220   0x0000001c   Code   RO         1181    !!handler_zi        c_w.l(__scatter_zi.o)
    0x0800423c   0x00000000   Code   RO          921    .ARM.Collect$$_printf_percent$$00000000  c_w.l(_printf_percent.o)
    0x0800423c   0x00000006   Code   RO          920    .ARM.Collect$$_printf_percent$$00000003  c_w.l(_printf_f.o)
    0x08004242   0x00000006   Code   RO          919    .ARM.Collect$$_printf_percent$$00000009  c_w.l(_printf_d.o)
    0x08004248   0x00000006   Code   RO          918    .ARM.Collect$$_printf_percent$$0000000C  c_w.l(_printf_x.o)
    0x0800424e   0x00000006   Code   RO          916    .ARM.Collect$$_printf_percent$$00000013  c_w.l(_printf_c.o)
    0x08004254   0x00000006   Code   RO          917    .ARM.Collect$$_printf_percent$$00000014  c_w.l(_printf_s.o)
    0x0800425a   0x00000004   Code   RO          977    .ARM.Collect$$_printf_percent$$00000017  c_w.l(_printf_percent_end.o)
    0x0800425e   0x00000006   Code   RO         1059    .ARM.Collect$$libinit$$00000000  c_w.l(libinit.o)
    0x08004264   0x00000000   Code   RO         1062    .ARM.Collect$$libinit$$00000006  c_w.l(libinit2.o)
    0x08004264   0x00000000   Code   RO         1064    .ARM.Collect$$libinit$$00000008  c_w.l(libinit2.o)
    0x08004264   0x00000000   Code   RO         1066    .ARM.Collect$$libinit$$0000000A  c_w.l(libinit2.o)
    0x08004264   0x00000006   Code   RO         1067    .ARM.Collect$$libinit$$0000000B  c_w.l(libinit2.o)
    0x0800426a   0x00000000   Code   RO         1069    .ARM.Collect$$libinit$$0000000D  c_w.l(libinit2.o)
    0x0800426a   0x00000000   Code   RO         1071    .ARM.Collect$$libinit$$0000000F  c_w.l(libinit2.o)
    0x0800426a   0x00000000   Code   RO         1073    .ARM.Collect$$libinit$$00000011  c_w.l(libinit2.o)
    0x0800426a   0x0000000a   Code   RO         1074    .ARM.Collect$$libinit$$00000012  c_w.l(libinit2.o)
    0x08004274   0x00000000   Code   RO         1075    .ARM.Collect$$libinit$$00000013  c_w.l(libinit2.o)
    0x08004274   0x00000000   Code   RO         1077    .ARM.Collect$$libinit$$00000015  c_w.l(libinit2.o)
    0x08004274   0x00000000   Code   RO         1079    .ARM.Collect$$libinit$$00000017  c_w.l(libinit2.o)
    0x08004274   0x00000000   Code   RO         1081    .ARM.Collect$$libinit$$00000019  c_w.l(libinit2.o)
    0x08004274   0x00000000   Code   RO         1083    .ARM.Collect$$libinit$$0000001B  c_w.l(libinit2.o)
    0x08004274   0x00000000   Code   RO         1085    .ARM.Collect$$libinit$$0000001D  c_w.l(libinit2.o)
    0x08004274   0x00000000   Code   RO         1087    .ARM.Collect$$libinit$$0000001F  c_w.l(libinit2.o)
    0x08004274   0x00000000   Code   RO         1089    .ARM.Collect$$libinit$$00000021  c_w.l(libinit2.o)
    0x08004274   0x00000000   Code   RO         1093    .ARM.Collect$$libinit$$00000028  c_w.l(libinit2.o)
    0x08004274   0x00000000   Code   RO         1095    .ARM.Collect$$libinit$$0000002A  c_w.l(libinit2.o)
    0x08004274   0x00000000   Code   RO         1097    .ARM.Collect$$libinit$$0000002C  c_w.l(libinit2.o)
    0x08004274   0x00000000   Code   RO         1099    .ARM.Collect$$libinit$$0000002E  c_w.l(libinit2.o)
    0x08004274   0x00000002   Code   RO         1100    .ARM.Collect$$libinit$$0000002F  c_w.l(libinit2.o)
    0x08004276   0x00000002   Code   RO         1128    .ARM.Collect$$libshutdown$$00000000  c_w.l(libshutdown.o)
    0x08004278   0x00000000   Code   RO         1140    .ARM.Collect$$libshutdown$$00000003  c_w.l(libshutdown2.o)
    0x08004278   0x00000000   Code   RO         1143    .ARM.Collect$$libshutdown$$00000006  c_w.l(libshutdown2.o)
    0x08004278   0x00000000   Code   RO         1146    .ARM.Collect$$libshutdown$$00000009  c_w.l(libshutdown2.o)
    0x08004278   0x00000000   Code   RO         1148    .ARM.Collect$$libshutdown$$0000000B  c_w.l(libshutdown2.o)
    0x08004278   0x00000000   Code   RO         1151    .ARM.Collect$$libshutdown$$0000000E  c_w.l(libshutdown2.o)
    0x08004278   0x00000002   Code   RO         1152    .ARM.Collect$$libshutdown$$0000000F  c_w.l(libshutdown2.o)
    0x0800427a   0x00000000   Code   RO          964    .ARM.Collect$$rtentry$$00000000  c_w.l(rtentry.o)
    0x0800427a   0x00000000   Code   RO          988    .ARM.Collect$$rtentry$$00000002  c_w.l(rtentry2.o)
    0x0800427a   0x00000006   Code   RO         1000    .ARM.Collect$$rtentry$$00000004  c_w.l(rtentry4.o)
    0x08004280   0x00000000   Code   RO          990    .ARM.Collect$$rtentry$$00000009  c_w.l(rtentry2.o)
    0x08004280   0x00000004   Code   RO          991    .ARM.Collect$$rtentry$$0000000A  c_w.l(rtentry2.o)
    0x08004284   0x00000000   Code   RO          993    .ARM.Collect$$rtentry$$0000000C  c_w.l(rtentry2.o)
    0x08004284   0x00000008   Code   RO          994    .ARM.Collect$$rtentry$$0000000D  c_w.l(rtentry2.o)
    0x0800428c   0x00000002   Code   RO         1101    .ARM.Collect$$rtexit$$00000000  c_w.l(rtexit.o)
    0x0800428e   0x00000000   Code   RO         1108    .ARM.Collect$$rtexit$$00000002  c_w.l(rtexit2.o)
    0x0800428e   0x00000004   Code   RO         1109    .ARM.Collect$$rtexit$$00000003  c_w.l(rtexit2.o)
    0x08004292   0x00000006   Code   RO         1110    .ARM.Collect$$rtexit$$00000004  c_w.l(rtexit2.o)
    0x08004298   0x00000040   Code   RO            4    .text               startup_stm32f4xx.o
    0x080042d8   0x00000130   Code   RO           12    .text               main.o
    0x08004408   0x000003c4   Code   RO           94    .text               systemcontrol.o
    0x080047cc   0x00000928   Code   RO          147    .text               app_clcd.o
    0x080050f4   0x000002e8   Code   RO          230    .text               regulator.o
    0x080053dc   0x00000426   Code   RO          266    .text               uartproc.o
    0x08005802   0x00000002   PAD
    0x08005804   0x00000078   Code   RO          300    .text               util.o
    0x0800587c   0x00000290   Code   RO          334    .text               adcdef.o
    0x08005b0c   0x00000068   Code   RO          381    .text               dmadef.o
    0x08005b74   0x0000009c   Code   RO          404    .text               gpiodef.o
    0x08005c10   0x0000086c   Code   RO          427    .text               i2cdef.o
    0x0800647c   0x000001a0   Code   RO          454    .text               nvimdef.o
    0x0800661c   0x0000036c   Code   RO          479    .text               spidef.o
    0x08006988   0x00000144   Code   RO          509    .text               timerdef.o
    0x08006acc   0x00000360   Code   RO          540    .text               uartdef.o
    0x08006e2c   0x000000f4   Code   RO          566    .text               systemset.o
    0x08006f20   0x000011a8   Code   RO          586    .text               process.o
    0x080080c8   0x00000150   Code   RO          667    .text               schedule.o
    0x08008218   0x00000dc0   Code   RO          707    .text               open_short.o
    0x08008fd8   0x000003fc   Code   RO          742    .text               dacadc.o
    0x080093d4   0x00002290   Code   RO          769    .text               binary_write.o
    0x0800b664   0x00000fe0   Code   RO          800    .text               serial_flash.o
    0x0800c644   0x00000170   Code   RO          828    .text               application.o
    0x0800c7b4   0x00000018   Code   RO          863    .text               c_w.l(noretval__2printf.o)
    0x0800c7cc   0x00000028   Code   RO          865    .text               c_w.l(noretval__2sprintf.o)
    0x0800c7f4   0x00000052   Code   RO          869    .text               c_w.l(_printf_pad.o)
    0x0800c846   0x00000052   Code   RO          871    .text               c_w.l(_printf_str.o)
    0x0800c898   0x00000078   Code   RO          873    .text               c_w.l(_printf_dec.o)
    0x0800c910   0x0000005c   Code   RO          878    .text               c_w.l(_printf_hex_int.o)
    0x0800c96c   0x0000013c   Code   RO          908    .text               c_w.l(__printf_flags_wp.o)
    0x0800caa8   0x0000003e   Code   RO          922    .text               c_w.l(strlen.o)
    0x0800cae6   0x00000010   Code   RO          924    .text               c_w.l(aeabi_memset.o)
    0x0800caf6   0x00000044   Code   RO          926    .text               c_w.l(rt_memclr.o)
    0x0800cb3a   0x0000004e   Code   RO          928    .text               c_w.l(rt_memclr_w.o)
    0x0800cb88   0x00000006   Code   RO          930    .text               c_w.l(heapauxi.o)
    0x0800cb8e   0x000000b8   Code   RO          965    .text               c_w.l(_printf_intcommon.o)
    0x0800cc46   0x00000420   Code   RO          967    .text               c_w.l(_printf_fp_dec.o)
    0x0800d066   0x00000002   PAD
    0x0800d068   0x00000030   Code   RO          969    .text               c_w.l(_printf_char_common.o)
    0x0800d098   0x0000000a   Code   RO          971    .text               c_w.l(_sputc.o)
    0x0800d0a2   0x0000002c   Code   RO          973    .text               c_w.l(_printf_char.o)
    0x0800d0ce   0x00000002   PAD
    0x0800d0d0   0x00000024   Code   RO          975    .text               c_w.l(_printf_char_file.o)
    0x0800d0f4   0x00000008   Code   RO         1005    .text               c_w.l(rt_locale_intlibspace.o)
    0x0800d0fc   0x0000008a   Code   RO         1007    .text               c_w.l(lludiv10.o)
    0x0800d186   0x00000002   PAD
    0x0800d188   0x00000080   Code   RO         1009    .text               c_w.l(_printf_fp_infnan.o)
    0x0800d208   0x000000e4   Code   RO         1013    .text               c_w.l(bigflt0.o)
    0x0800d2ec   0x00000008   Code   RO         1045    .text               c_w.l(libspace.o)
    0x0800d2f4   0x0000004a   Code   RO         1048    .text               c_w.l(sys_stackheap_outer.o)
    0x0800d33e   0x0000000c   Code   RO         1050    .text               c_w.l(exit.o)
    0x0800d34a   0x00000002   PAD
    0x0800d34c   0x00000080   Code   RO         1052    .text               c_w.l(strcmpv7m.o)
    0x0800d3cc   0x0000003e   Code   RO         1016    CL$$btod_d2e        c_w.l(btod.o)
    0x0800d40a   0x00000046   Code   RO         1018    CL$$btod_d2e_denorm_low  c_w.l(btod.o)
    0x0800d450   0x00000060   Code   RO         1017    CL$$btod_d2e_norm_op1  c_w.l(btod.o)
    0x0800d4b0   0x00000338   Code   RO         1026    CL$$btod_div_common  c_w.l(btod.o)
    0x0800d7e8   0x000000c6   Code   RO         1023    CL$$btod_e2e        c_w.l(btod.o)
    0x0800d8ae   0x00000028   Code   RO         1020    CL$$btod_ediv       c_w.l(btod.o)
    0x0800d8d6   0x00000028   Code   RO         1019    CL$$btod_emul       c_w.l(btod.o)
    0x0800d8fe   0x00000244   Code   RO         1025    CL$$btod_mult_common  c_w.l(btod.o)
    0x0800db42   0x00000030   Code   RO         1043    i.__ARM_fpclassify  m_wm.l(fpclassify.o)
    0x0800db72   0x0000000e   Code   RO          906    i._is_digit         c_w.l(__printf_wp.o)
    0x0800db80   0x0000002c   Code   RO         1039    locale$$code        c_w.l(lc_numeric_c.o)
    0x0800dbac   0x00000018   Code   RO          934    x$fpl$basic         fz_wm.l(basic.o)
    0x0800dbc4   0x00000062   Code   RO          936    x$fpl$d2f           fz_wm.l(d2f.o)
    0x0800dc26   0x00000002   PAD
    0x0800dc28   0x00000150   Code   RO          938    x$fpl$dadd          fz_wm.l(daddsub_clz.o)
    0x0800dd78   0x000002b0   Code   RO          945    x$fpl$ddiv          fz_wm.l(ddiv.o)
    0x0800e028   0x0000005a   Code   RO          948    x$fpl$dfixu         fz_wm.l(dfixu.o)
    0x0800e082   0x00000026   Code   RO          952    x$fpl$dfltu         fz_wm.l(dflt_clz.o)
    0x0800e0a8   0x00000154   Code   RO          958    x$fpl$dmul          fz_wm.l(dmul.o)
    0x0800e1fc   0x0000009c   Code   RO          978    x$fpl$dnaninf       fz_wm.l(dnaninf.o)
    0x0800e298   0x0000000c   Code   RO          980    x$fpl$dretinf       fz_wm.l(dretinf.o)
    0x0800e2a4   0x000001d4   Code   RO          940    x$fpl$dsub          fz_wm.l(daddsub_clz.o)
    0x0800e478   0x00000056   Code   RO          960    x$fpl$f2d           fz_wm.l(f2d.o)
    0x0800e4ce   0x0000008c   Code   RO          982    x$fpl$fnaninf       fz_wm.l(fnaninf.o)
    0x0800e55a   0x0000000a   Code   RO         1105    x$fpl$fpinit        fz_wm.l(fpinit.o)
    0x0800e564   0x0000000a   Code   RO          984    x$fpl$fretinf       fz_wm.l(fretinf.o)
    0x0800e56e   0x00000004   Code   RO          962    x$fpl$printf1       fz_wm.l(printf1.o)
    0x0800e572   0x00000000   Code   RO          986    x$fpl$usenofp       fz_wm.l(usenofp.o)
    0x0800e572   0x00000028   Data   RO          879    .constdata          c_w.l(_printf_hex_int.o)
    0x0800e59a   0x00000011   Data   RO          909    .constdata          c_w.l(__printf_flags_wp.o)
    0x0800e5ab   0x00000001   PAD
    0x0800e5ac   0x00000094   Data   RO         1014    .constdata          c_w.l(bigflt0.o)
    0x0800e640   0x00000020   Data   RO         1175    Region$$Table       anon$$obj.o
    0x0800e660   0x0000001c   Data   RO         1038    locale$$data        c_w.l(lc_numeric_c.o)


    Execution Region RW_IRAM1 (Base: 0x20000000, Size: 0x000011b8, Max: 0x00020000, ABSOLUTE, COMPRESSED[0x000000e0])

    Base Addr    Size         Type   Attr      Idx    E Section Name        Object

    0x20000000   0x00000002   Data   RW          149    .data               app_clcd.o
    0x20000002   0x00000002   Data   RW          231    .data               regulator.o
    0x20000004   0x00000018   Data   RW          268    .data               uartproc.o
    0x2000001c   0x00000004   Data   RW          301    .data               util.o
    0x20000020   0x00000002   Data   RW          336    .data               adcdef.o
    0x20000022   0x00000002   PAD
    0x20000024   0x00000004   Data   RW          428    .data               i2cdef.o
    0x20000028   0x00000010   Data   RW          455    .data               nvimdef.o
    0x20000038   0x00000004   Data   RW          480    .data               spidef.o
    0x2000003c   0x00000002   Data   RW          510    .data               timerdef.o
    0x2000003e   0x00000008   Data   RW          587    .data               process.o
    0x20000046   0x00000002   PAD
    0x20000048   0x00000018   Data   RW          668    .data               schedule.o
    0x20000060   0x00000138   Data   RW          709    .data               open_short.o
    0x20000198   0x00000009   Data   RW          743    .data               dacadc.o
    0x200001a1   0x00000003   PAD
    0x200001a4   0x00000014   Data   RW          770    .data               binary_write.o
    0x200001b8   0x00000007   Data   RW          802    .data               serial_flash.o
    0x200001bf   0x0000000d   Data   RW          829    .data               application.o
    0x200001cc   0x000000c8   Zero   RW          148    .bss                app_clcd.o
    0x20000294   0x00000500   Zero   RW          267    .bss                uartproc.o
    0x20000794   0x00000028   Zero   RW          335    .bss                adcdef.o
    0x200007bc   0x00000318   Zero   RW          541    .bss                uartdef.o
    0x20000ad4   0x0000003c   Zero   RW          708    .bss                open_short.o
    0x20000b10   0x00000048   Zero   RW          801    .bss                serial_flash.o
    0x20000b58   0x00000060   Zero   RW         1046    .bss                c_w.l(libspace.o)
    0x20000bb8   0x00000200   Zero   RW            2    HEAP                startup_stm32f4xx.o
    0x20000db8   0x00000400   Zero   RW            1    STACK               startup_stm32f4xx.o


==============================================================================

Image component sizes


      Code (inc. data)   RO Data    RW Data    ZI Data      Debug   Object Name

       656         36          0          2         40     234239   adcdef.o
      2344        806          0          2        200      18511   app_clcd.o
       368         24          0         13          0       2460   application.o
      8848       1826          0         20          0      14007   binary_write.o
      1020        110          0          9          0       4326   dacadc.o
       104          4          0          0          0       3755   dmadef.o
       156          0          0          0          0       1803   gpiodef.o
         0          0          0          0          0      13456   i2c_eeprom.o
      2156        146          0          4          0      16830   i2cdef.o
       304        110          0          0          0       4727   main.o
       416         28          0         16          0       4303   nvimdef.o
      3520        678          0        312         60       6042   open_short.o
      4520       1254          0          8          0     228351   process.o
       744        200          0          2          0       1924   regulator.o
       336         66          0         24          0       3085   schedule.o
      4064        704          0          7         72       9921   serial_flash.o
       876         22          0          4          0       6663   spidef.o
        64         26        392          0       1536        812   startup_stm32f4xx.o
       964         40          0          0          0      15237   systemcontrol.o
       244         32          0          0          0       1169   systemset.o
       324         34          0          2          0       5434   timerdef.o
       864         40          0          0        792       7982   uartdef.o
      1062         28          0         24       1280       3947   uartproc.o
       120          4          0          4          0       3672   util.o

    ----------------------------------------------------------------------
     34076       6218        424        460       3980     612656   Object Totals
         0          0         32          0          0          0   (incl. Generated)
         2          0          0          7          0          0   (incl. Padding)

    ----------------------------------------------------------------------

      Code (inc. data)   RO Data    RW Data    ZI Data      Debug   Library Member Name

        90          0          0          0          0          0   __dczerorl2.o
         8          0          0          0          0         68   __main.o
       316          6         17          0          0         92   __printf_flags_wp.o
        14          0          0          0          0         68   __printf_wp.o
        52          8          0          0          0          0   __scatter.o
        28          0          0          0          0          0   __scatter_zi.o
         6          0          0          0          0          0   _printf_c.o
        44          0          0          0          0        108   _printf_char.o
        48          6          0          0          0         96   _printf_char_common.o
        36          4          0          0          0         80   _printf_char_file.o
         6          0          0          0          0          0   _printf_d.o
       120         18          0          0          0         92   _printf_dec.o
         6          0          0          0          0          0   _printf_f.o
      1056          0          0          0          0        216   _printf_fp_dec.o
       128         16          0          0          0         84   _printf_fp_infnan.o
        92          4         40          0          0         88   _printf_hex_int.o
       184          0          0          0          0         88   _printf_intcommon.o
        82          0          0          0          0        108   _printf_pad.o
         0          0          0          0          0          0   _printf_percent.o
         4          0          0          0          0          0   _printf_percent_end.o
         6          0          0          0          0          0   _printf_s.o
        82          0          0          0          0         80   _printf_str.o
         6          0          0          0          0          0   _printf_x.o
        10          0          0          0          0         68   _sputc.o
        16          0          0          0          0         68   aeabi_memset.o
       228          6        148          0          0         96   bigflt0.o
      1910        128          0          0          0        672   btod.o
        12          0          0          0          0         72   exit.o
         6          0          0          0          0        152   heapauxi.o
        44         10         28          0          0         76   lc_numeric_c.o
         6          0          0          0          0          0   libinit.o
        18          0          0          0          0          0   libinit2.o
         2          0          0          0          0          0   libshutdown.o
         2          0          0          0          0          0   libshutdown2.o
         8          4          0          0         96         68   libspace.o
       138          0          0          0          0         80   lludiv10.o
        24          4          0          0          0         84   noretval__2printf.o
        40          6          0          0          0         84   noretval__2sprintf.o
         8          4          0          0          0         68   rt_locale_intlibspace.o
        68          0          0          0          0         68   rt_memclr.o
        78          0          0          0          0         80   rt_memclr_w.o
         0          0          0          0          0          0   rtentry.o
        12          0          0          0          0          0   rtentry2.o
         6          0          0          0          0          0   rtentry4.o
         2          0          0          0          0          0   rtexit.o
        10          0          0          0          0          0   rtexit2.o
       128          0          0          0          0         68   strcmpv7m.o
        62          0          0          0          0         76   strlen.o
        74          0          0          0          0         80   sys_stackheap_outer.o
        24          0          0          0          0        164   basic.o
        98          4          0          0          0        140   d2f.o
       804         16          0          0          0        376   daddsub_clz.o
       688        140          0          0          0        260   ddiv.o
        90          4          0          0          0        140   dfixu.o
        38          0          0          0          0        116   dflt_clz.o
       340         12          0          0          0        152   dmul.o
       156          4          0          0          0        140   dnaninf.o
        12          0          0          0          0        116   dretinf.o
        86          4          0          0          0        132   f2d.o
       140          4          0          0          0        132   fnaninf.o
        10          0          0          0          0        116   fpinit.o
        10          0          0          0          0        116   fretinf.o
         4          0          0          0          0        116   printf1.o
         0          0          0          0          0          0   usenofp.o
        48          0          0          0          0        124   fpclassify.o

    ----------------------------------------------------------------------
      7886        412        234          0         96       5568   Library Totals
        12          0          1          0          0          0   (incl. Padding)

    ----------------------------------------------------------------------

      Code (inc. data)   RO Data    RW Data    ZI Data      Debug   Library Name

      5326        224        233          0         96       3228   c_w.l
      2500        188          0          0          0       2216   fz_wm.l
        48          0          0          0          0        124   m_wm.l

    ----------------------------------------------------------------------
      7886        412        234          0         96       5568   Library Totals

    ----------------------------------------------------------------------

==============================================================================


      Code (inc. data)   RO Data    RW Data    ZI Data      Debug   

     41962       6630        658        460       4076     608752   Grand Totals
     41962       6630        658        224       4076     608752   ELF Image Totals (compressed)
     41962       6630        658        224          0          0   ROM Totals

==============================================================================

    Total RO  Size (Code + RO Data)                42620 (  41.62kB)
    Total RW  Size (RW Data + ZI Data)              4536 (   4.43kB)
    Total ROM Size (Code + RO Data + RW Data)      42844 (  41.84kB)

==============================================================================

