ARM Linker, 4.1 [Build 894] [Professional]

==============================================================================

Section Cross References

    startup_stm32f4xx.o(STACK) refers (Special) to heapauxi.o(.text) for __use_two_region_memory
    startup_stm32f4xx.o(HEAP) refers (Special) to heapauxi.o(.text) for __use_two_region_memory
    startup_stm32f4xx.o(RESET) refers (Special) to heapauxi.o(.text) for __use_two_region_memory
    startup_stm32f4xx.o(RESET) refers to startup_stm32f4xx.o(STACK) for __initial_sp
    startup_stm32f4xx.o(RESET) refers to startup_stm32f4xx.o(.text) for Reset_Handler
    startup_stm32f4xx.o(RESET) refers to timerdef.o(.text) for TIM2_IRQHandler
    startup_stm32f4xx.o(RESET) refers to uartdef.o(.text) for USART3_IRQHandler
    startup_stm32f4xx.o(.text) refers (Special) to heapauxi.o(.text) for __use_two_region_memory
    startup_stm32f4xx.o(.text) refers to systemset.o(.text) for SystemInit
    startup_stm32f4xx.o(.text) refers to __main.o(!!!main) for __main
    startup_stm32f4xx.o(.text) refers to startup_stm32f4xx.o(HEAP) for Heap_Mem
    startup_stm32f4xx.o(.text) refers to startup_stm32f4xx.o(STACK) for Stack_Mem
    main.o(.text) refers to systemcontrol.o(.text) for InitGPIOControl
    main.o(.text) refers to process.o(.text) for Init_VAR
    main.o(.text) refers to app_clcd.o(.data) for UI_state
    systemcontrol.o(.text) refers to nvimdef.o(.text) for RCC_AHB1PeriphClockCmd
    systemcontrol.o(.text) refers to gpiodef.o(.text) for GpioBPortInit
    systemcontrol.o(.text) refers to dacadc.o(.text) for InitADCSelect
    systemcontrol.o(.text) refers to timerdef.o(.text) for TimerInit
    systemcontrol.o(.text) refers to uartdef.o(.text) for USART_Configuration
    systemcontrol.o(.text) refers to adcdef.o(.text) for ADC1_Configuration
    systemcontrol.o(.text) refers to i2cdef.o(.text) for SW_i2c_Init
    systemcontrol.o(.text) refers to spidef.o(.text) for SPI_InitPort
    systemcontrol.o(.text) refers to main.o(.data) for u_Univasal_Mode
    app_clcd.o(.text) refers to _printf_pad.o(.text) for _printf_pre_padding
    app_clcd.o(.text) refers to _printf_percent.o(.ARM.Collect$$_printf_percent$$00000000) for _printf_percent
    app_clcd.o(.text) refers to _printf_x.o(.ARM.Collect$$_printf_percent$$0000000C) for _printf_x
    app_clcd.o(.text) refers to _printf_hex_int.o(.text) for _printf_longlong_hex
    app_clcd.o(.text) refers to uartdef.o(.text) for SendUarc
    app_clcd.o(.text) refers to noretval__2sprintf.o(.text) for __2sprintf
    app_clcd.o(.text) refers to app_clcd.o(.bss) for .bss
    app_clcd.o(.text) refers to app_clcd.o(.data) for .data
    app_clcd.o(.text) refers to main.o(.data) for u_Univasal_Mode
    app_clcd.o(.text) refers to main.o(.data) for bin_Prog_Fail_Code
    i2c_eeprom.o(.text) refers to i2cdef.o(.text) for I2C_start
    regulator.o(.text) refers to fflt_clz.o(x$fpl$ffltu) for __aeabi_ui2f
    regulator.o(.text) refers to fdiv.o(x$fpl$fdiv) for __aeabi_fdiv
    regulator.o(.text) refers to f2d.o(x$fpl$f2d) for __aeabi_f2d
    regulator.o(.text) refers to ddiv.o(x$fpl$ddiv) for __aeabi_ddiv
    regulator.o(.text) refers to daddsub_clz.o(x$fpl$dsub) for __aeabi_dsub
    regulator.o(.text) refers to d2f.o(x$fpl$d2f) for __aeabi_d2f
    regulator.o(.text) refers to faddsub_clz.o(x$fpl$fsub) for __aeabi_fsub
    regulator.o(.text) refers to ffixu.o(x$fpl$ffixu) for __aeabi_f2uiz
    regulator.o(.text) refers to i2cdef.o(.text) for SW_i2c_WriteByte
    regulator.o(.text) refers to regulator.o(.bss) for .bss
    regulator.o(.text) refers to main.o(.data) for ADC1ConvertedValue
    regulator.o(.text) refers to regulator.o(.data) for .data
    uartproc.o(.text) refers to _printf_percent.o(.ARM.Collect$$_printf_percent$$00000000) for _printf_percent
    uartproc.o(.text) refers to _printf_c.o(.ARM.Collect$$_printf_percent$$00000013) for _printf_c
    uartproc.o(.text) refers to _printf_str.o(.text) for _printf_str
    uartproc.o(.text) refers to uartdef.o(.text) for GetKey
    uartproc.o(.text) refers to noretval__2printf.o(.text) for __2printf
    util.o(.text) refers to uartdef.o(.text) for USART_SendData
    adcdef.o(.text) refers to nvimdef.o(.text) for RCC_APB2PeriphResetCmd
    adcdef.o(.text) refers to gpiodef.o(.text) for GpioBPortInit
    adcdef.o(.text) refers to dmadef.o(.text) for DMA_Init
    adcdef.o(.text) refers to main.o(.data) for ADC1ConvertedValue
    adcdef.o(.text) refers to adcdef.o(.bss) for .bss
    i2cdef.o(.text) refers to nvimdef.o(.text) for RCC_GetClocksFreq
    i2cdef.o(.text) refers to gpiodef.o(.text) for GPIO_PinAFConfig
    i2cdef.o(.text) refers to i2cdef.o(.data) for .data
    nvimdef.o(.text) refers to nvimdef.o(.data) for .data
    spidef.o(.text) refers to nvimdef.o(.text) for RCC_APB2PeriphClockCmd
    spidef.o(.text) refers to gpiodef.o(.text) for GPIO_PinAFConfig
    spidef.o(.text) refers to util.o(.text) for Delay
[...]
    ../../printf_percent.s                   0x00000000   Number         0  _printf_percent_end.o ABSOLUTE
    ../../printf_percent.s                   0x00000000   Number         0  _printf_d.o ABSOLUTE
    ../../printf_percent.s                   0x00000000   Number         0  _printf_percent.o ABSOLUTE
    ../../printf_percent.s                   0x00000000   Number         0  _printf_f.o ABSOLUTE
    ../../printf_percent.s                   0x00000000   Number         0  _printf_x.o ABSOLUTE
    ../../printf_percent.s                   0x00000000   Number         0  _printf_c.o ABSOLUTE
    ../../signal.c                           0x00000000   Number         0  defsig_rtmem_outer.o ABSOLUTE
    ../../signal.c                           0x00000000   Number         0  defsig_rtmem_inner.o ABSOLUTE
    ../../signal.c                           0x00000000   Number         0  defsig_segv_inner.o ABSOLUTE
    ../../signal.c                           0x00000000   Number         0  defsig_rtmem_formal.o ABSOLUTE
    ../../signal.c                           0x00000000   Number         0  defsig_other.o ABSOLUTE
    ../../signal.c                           0x00000000   Number         0  __raise.o ABSOLUTE
    ../../signal.c                           0x00000000   Number         0  defsig_cppl_inner.o ABSOLUTE
    ../../signal.c                           0x00000000   Number         0  defsig_pvfn_inner.o ABSOLUTE
    ../../signal.c                           0x00000000   Number         0  defsig_stak_inner.o ABSOLUTE
    ../../signal.c                           0x00000000   Number         0  defsig_general.o ABSOLUTE
    ../../signal.c                           0x00000000   Number         0  defsig_rtred_inner.o ABSOLUTE
    ../../signal.c                           0x00000000   Number         0  defsig_fpe_inner.o ABSOLUTE
    ../../signal.c                           0x00000000   Number         0  defsig_abrt_inner.o ABSOLUTE
    ../../signal.c                           0x00000000   Number         0  defsig_exit.o ABSOLUTE
    ../../signal.s                           0x00000000   Number         0  defsig.o ABSOLUTE
    ../../stdlib.c                           0x00000000   Number         0  exit.o ABSOLUTE
    ../../usenofp.s                          0x00000000   Number         0  usenofp.o ABSOLUTE
    Source\Driver\adcdef.c                   0x00000000   Number         0  adcdef.o ABSOLUTE
    Source\Driver\dmadef.c                   0x00000000   Number         0  dmadef.o ABSOLUTE
    Source\Driver\gpiodef.c                  0x00000000   Number         0  gpiodef.o ABSOLUTE
    Source\Driver\i2cdef.c                   0x00000000   Number         0  i2cdef.o ABSOLUTE
    Source\Driver\nvimdef.c                  0x00000000   Number         0  nvimdef.o ABSOLUTE
    Source\Driver\spidef.c                   0x00000000   Number         0  spidef.o ABSOLUTE
    Source\Driver\timerdef.c                 0x00000000   Number         0  timerdef.o ABSOLUTE
    Source\Driver\uartdef.c                  0x00000000   Number         0  uartdef.o ABSOLUTE
    Source\SystemControl.c                   0x00000000   Number         0  systemcontrol.o ABSOLUTE
    Source\SystemSet.c                       0x00000000   Number         0  systemset.o ABSOLUTE
    Source\\Driver\\adcdef.c                 0x00000000   Number         0  adcdef.o ABSOLUTE
    Source\\Driver\\dmadef.c                 0x00000000   Number         0  dmadef.o ABSOLUTE
    Source\\Driver\\gpiodef.c                0x00000000   Number         0  gpiodef.o ABSOLUTE
    Source\\Driver\\i2cdef.c                 0x00000000   Number         0  i2cdef.o ABSOLUTE
    Source\\Driver\\nvimdef.c                0x00000000   Number         0  nvimdef.o ABSOLUTE
    Source\\Driver\\spidef.c                 0x00000000   Number         0  spidef.o ABSOLUTE
    Source\\Driver\\timerdef.c               0x00000000   Number         0  timerdef.o ABSOLUTE
    Source\\Driver\\uartdef.c                0x00000000   Number         0  uartdef.o ABSOLUTE
    Source\\SystemControl.c                  0x00000000   Number         0  systemcontrol.o ABSOLUTE
    Source\\SystemSet.c                      0x00000000   Number         0  systemset.o ABSOLUTE
    Source\\main.c                           0x00000000   Number         0  main.o ABSOLUTE
    Source\\process\\dacadc.c                0x00000000   Number         0  dacadc.o ABSOLUTE
    Source\\process\\open_short.c            0x00000000   Number         0  open_short.o ABSOLUTE
    Source\\process\\process.c               0x00000000   Number         0  process.o ABSOLUTE
    Source\\process\\schedule.c              0x00000000   Number         0  schedule.o ABSOLUTE
    Source\\util\\I2C_Eeprom.c               0x00000000   Number         0  i2c_eeprom.o ABSOLUTE
    Source\\util\\app_CLCD.c                 0x00000000   Number         0  app_clcd.o ABSOLUTE
    Source\\util\\regulator.c                0x00000000   Number         0  regulator.o ABSOLUTE
    Source\\util\\uartproc.c                 0x00000000   Number         0  uartproc.o ABSOLUTE
    Source\\util\\util.c                     0x00000000   Number         0  util.o ABSOLUTE
    Source\main.c                            0x00000000   Number         0  main.o ABSOLUTE
    Source\process\dacadc.c                  0x00000000   Number         0  dacadc.o ABSOLUTE
    Source\process\open_short.c              0x00000000   Number         0  open_short.o ABSOLUTE
    Source\process\process.c                 0x00000000   Number         0  process.o ABSOLUTE
    Source\process\schedule.c                0x00000000   Number         0  schedule.o ABSOLUTE
    Source\util\I2C_Eeprom.c                 0x00000000   Number         0  i2c_eeprom.o ABSOLUTE
    Source\util\app_CLCD.c                   0x00000000   Number         0  app_clcd.o ABSOLUTE
    Source\util\regulator.c                  0x00000000   Number         0  regulator.o ABSOLUTE
    Source\util\uartproc.c                   0x00000000   Number         0  uartproc.o ABSOLUTE
    Source\util\util.c                       0x00000000   Number         0  util.o ABSOLUTE
    dc.s                                     0x00000000   Number         0  dc.o ABSOLUTE
    startup_stm32f4xx.s                      0x00000000   Number         0  startup_stm32f4xx.o ABSOLUTE
    RESET                                    0x08000000   Section      392  startup_stm32f4xx.o(RESET)
    !!!main                                  0x08000188   Section        8  __main.o(!!!main)
    !!!scatter                               0x08000190   Section       52  __scatter.o(!!!scatter)
    !!dczerorl2                              0x080001c4   Section       90  __dczerorl2.o(!!dczerorl2)
    !!handler_zi                             0x08000220   Section       28  __scatter_zi.o(!!handler_zi)
    .ARM.Collect$$_printf_percent$$00000000  0x0800023c   Section        0  _printf_percent.o(.ARM.Collect$$_printf_percent$$00000000)
    .ARM.Collect$$_printf_percent$$00000003  0x0800023c   Section        6  _printf_f.o(.ARM.Collect$$_printf_percent$$00000003)
    .ARM.Collect$$_printf_percent$$00000009  0x08000242   Section        6  _printf_d.o(.ARM.Collect$$_printf_percent$$00000009)
    .ARM.Collect$$_printf_percent$$0000000C  0x08000248   Section        6  _printf_x.o(.ARM.Collect$$_printf_percent$$0000000C)
    .ARM.Collect$$_printf_percent$$00000013  0x0800024e   Section        6  _printf_c.o(.ARM.Collect$$_printf_percent$$00000013)
    .ARM.Collect$$_printf_percent$$00000017  0x08000254   Section        4  _printf_percent_end.o(.ARM.Collect$$_printf_percent$$00000017)
    .ARM.Collect$$libinit$$00000000          0x08000258   Section        6  libinit.o(.ARM.Collect$$libinit$$00000000)
    .ARM.Collect$$libinit$$00000006          0x0800025e   Section        0  libinit2.o(.ARM.Collect$$libinit$$00000006)
    .ARM.Collect$$libinit$$00000008          0x0800025e   Section        0  libinit2.o(.ARM.Collect$$libinit$$00000008)
    .ARM.Collect$$libinit$$0000000A          0x0800025e   Section        0  libinit2.o(.ARM.Collect$$libinit$$0000000A)
    .ARM.Collect$$libinit$$0000000B          0x0800025e   Section        6  libinit2.o(.ARM.Collect$$libinit$$0000000B)
    .ARM.Collect$$libinit$$0000000D          0x08000264   Section        0  libinit2.o(.ARM.Collect$$libinit$$0000000D)
    .ARM.Collect$$libinit$$0000000F          0x08000264   Section        0  libinit2.o(.ARM.Collect$$libinit$$0000000F)
    .ARM.Collect$$libinit$$00000011          0x08000264   Section        0  libinit2.o(.ARM.Collect$$libinit$$00000011)
    .ARM.Collect$$libinit$$00000012          0x08000264   Section       10  libinit2.o(.ARM.Collect$$libinit$$00000012)
    .ARM.Collect$$libinit$$00000013          0x0800026e   Section        0  libinit2.o(.ARM.Collect$$libinit$$00000013)
    .ARM.Collect$$libinit$$00000015          0x0800026e   Section        0  libinit2.o(.ARM.Collect$$libinit$$00000015)
    .ARM.Collect$$libinit$$00000017          0x0800026e   Section        0  libinit2.o(.ARM.Collect$$libinit$$00000017)
    .ARM.Collect$$libinit$$00000019          0x0800026e   Section        0  libinit2.o(.ARM.Collect$$libinit$$00000019)
    .ARM.Collect$$libinit$$0000001B          0x0800026e   Section        0  libinit2.o(.ARM.Collect$$libinit$$0000001B)
    .ARM.Collect$$libinit$$0000001D          0x0800026e   Section        0  libinit2.o(.ARM.Collect$$libinit$$0000001D)
    .ARM.Collect$$libinit$$0000001F          0x0800026e   Section        0  libinit2.o(.ARM.Collect$$libinit$$0000001F)
    .ARM.Collect$$libinit$$00000021          0x0800026e   Section        0  libinit2.o(.ARM.Collect$$libinit$$00000021)
    .ARM.Collect$$libinit$$00000028          0x0800026e   Section        0  libinit2.o(.ARM.Collect$$libinit$$00000028)
    .ARM.Collect$$libinit$$0000002A          0x0800026e   Section        0  libinit2.o(.ARM.Collect$$libinit$$0000002A)
    .ARM.Collect$$libinit$$0000002C          0x0800026e   Section        0  libinit2.o(.ARM.Collect$$libinit$$0000002C)
    .ARM.Collect$$libinit$$0000002E          0x0800026e   Section        0  libinit2.o(.ARM.Collect$$libinit$$0000002E)
    .ARM.Collect$$libinit$$0000002F          0x0800026e   Section        2  libinit2.o(.ARM.Collect$$libinit$$0000002F)
    .ARM.Collect$$libshutdown$$00000000      0x08000270   Section        2  libshutdown.o(.ARM.Collect$$libshutdown$$00000000)
    .ARM.Collect$$libshutdown$$00000003      0x08000272   Section        0  libshutdown2.o(.ARM.Collect$$libshutdown$$00000003)
    .ARM.Collect$$libshutdown$$00000006      0x08000272   Section        0  libshutdown2.o(.ARM.Collect$$libshutdown$$00000006)
    .ARM.Collect$$libshutdown$$00000009      0x08000272   Section        0  libshutdown2.o(.ARM.Collect$$libshutdown$$00000009)
    .ARM.Collect$$libshutdown$$0000000B      0x08000272   Section        0  libshutdown2.o(.ARM.Collect$$libshutdown$$0000000B)
    .ARM.Collect$$libshutdown$$0000000E      0x08000272   Section        0  libshutdown2.o(.ARM.Collect$$libshutdown$$0000000E)
    .ARM.Collect$$libshutdown$$0000000F      0x08000272   Section        2  libshutdown2.o(.ARM.Collect$$libshutdown$$0000000F)
    .ARM.Collect$$rtentry$$00000000          0x08000274   Section        0  rtentry.o(.ARM.Collect$$rtentry$$00000000)
    .ARM.Collect$$rtentry$$00000002          0x08000274   Section        0  rtentry2.o(.ARM.Collect$$rtentry$$00000002)
    .ARM.Collect$$rtentry$$00000004          0x08000274   Section        6  rtentry4.o(.ARM.Collect$$rtentry$$00000004)
    .ARM.Collect$$rtentry$$00000009          0x0800027a   Section        0  rtentry2.o(.ARM.Collect$$rtentry$$00000009)
    .ARM.Collect$$rtentry$$0000000A          0x0800027a   Section        4  rtentry2.o(.ARM.Collect$$rtentry$$0000000A)
    .ARM.Collect$$rtentry$$0000000C          0x0800027e   Section        0  rtentry2.o(.ARM.Collect$$rtentry$$0000000C)
    .ARM.Collect$$rtentry$$0000000D          0x0800027e   Section        8  rtentry2.o(.ARM.Collect$$rtentry$$0000000D)
    .ARM.Collect$$rtexit$$00000000           0x08000286   Section        2  rtexit.o(.ARM.Collect$$rtexit$$00000000)
    .ARM.Collect$$rtexit$$00000002           0x08000288   Section        0  rtexit2.o(.ARM.Collect$$rtexit$$00000002)
    .ARM.Collect$$rtexit$$00000003           0x08000288   Section        4  rtexit2.o(.ARM.Collect$$rtexit$$00000003)
    .ARM.Collect$$rtexit$$00000004           0x0800028c   Section        6  rtexit2.o(.ARM.Collect$$rtexit$$00000004)
    .text                                    0x08000294   Section       64  startup_stm32f4xx.o(.text)
    .text                                    0x080002d4   Section        0  main.o(.text)
    .text                                    0x080002f4   Section        0  systemcontrol.o(.text)
    .text                                    0x0800052c   Section        0  app_clcd.o(.text)
    .text                                    0x080009d4   Section        0  i2c_eeprom.o(.text)
    .text                                    0x08000a08   Section        0  regulator.o(.text)
    .text                                    0x08000c1c   Section        0  uartproc.o(.text)
    .text                                    0x08000c4c   Section        0  util.o(.text)
    .text                                    0x08000ca0   Section        0  adcdef.o(.text)
    .text                                    0x08000ed8   Section        0  dmadef.o(.text)
    .text                                    0x08000f40   Section        0  gpiodef.o(.text)
    .text                                    0x08000fdc   Section        0  i2cdef.o(.text)
    .text                                    0x08001500   Section        0  nvimdef.o(.text)
    .text                                    0x080016a0   Section        0  spidef.o(.text)
    .text                                    0x08001814   Section        0  timerdef.o(.text)
    .text                                    0x08001964   Section        0  uartdef.o(.text)
    .text                                    0x08001c34   Section        0  systemset.o(.text)
    .text                                    0x08001cf4   Section        0  process.o(.text)
    .text                                    0x08001d3c   Section        0  schedule.o(.text)
    .text                                    0x08001ed0   Section        0  dacadc.o(.text)
    .text                                    0x080020b0   Section        0  noretval__2printf.o(.text)
    .text                                    0x080020c8   Section        0  noretval__2sprintf.o(.text)
    .text                                    0x080020f0   Section        0  _printf_pad.o(.text)
    .text                                    0x08002142   Section        0  _printf_str.o(.text)
    .text                                    0x08002194   Section        0  _printf_dec.o(.text)
    .text                                    0x0800220c   Section        0  _printf_hex_int.o(.text)
    .text                                    0x08002268   Section        0  __printf_flags_wp.o(.text)
    .text                                    0x080023a4   Section        0  heapauxi.o(.text)
    .text                                    0x080023aa   Section        0  _printf_intcommon.o(.text)
    .text                                    0x08002462   Section        0  _printf_fp_dec.o(.text)
    _fp_digits                               0x08002465   Thumb Code   428  _printf_fp_dec.o(.text)
    .text                                    0x08002884   Section        0  _printf_char_common.o(.text)
    _printf_input_char                       0x08002885   Thumb Code    10  _printf_char_common.o(.text)
    .text                                    0x080028b4   Section        0  _sputc.o(.text)
    .text                                    0x080028be   Section        0  _printf_char.o(.text)
    .text                                    0x080028ec   Section        0  _printf_char_file.o(.text)
    .text                                    0x08002910   Section        8  rt_locale_intlibspace.o(.text)
    .text                                    0x08002918   Section      138  lludiv10.o(.text)
    .text                                    0x080029a4   Section        0  _printf_fp_infnan.o(.text)
    .text                                    0x08002a24   Section        0  bigflt0.o(.text)
    .text                                    0x08002b08   Section        8  libspace.o(.text)
    .text                                    0x08002b10   Section       74  sys_stackheap_outer.o(.text)
    .text                                    0x08002b5a   Section        0  exit.o(.text)
    .text                                    0x08002b68   Section      128  strcmpv7m.o(.text)
    .text                                    0x08002be8   Section        8  rt_fp_status_addr_intlibspace.o(.text)
    CL$$btod_d2e                             0x08002bf0   Section       62  btod.o(CL$$btod_d2e)
    CL$$btod_d2e_denorm_low                  0x08002c2e   Section       70  btod.o(CL$$btod_d2e_denorm_low)
    CL$$btod_d2e_norm_op1                    0x08002c74   Section       96  btod.o(CL$$btod_d2e_norm_op1)
    CL$$btod_div_common                      0x08002cd4   Section      824  btod.o(CL$$btod_div_common)
    CL$$btod_e2e                             0x0800300c   Section      198  btod.o(CL$$btod_e2e)
    CL$$btod_ediv                            0x080030d2   Section       40  btod.o(CL$$btod_ediv)
    CL$$btod_emul                            0x080030fa   Section       40  btod.o(CL$$btod_emul)
    CL$$btod_mult_common                     0x08003122   Section      580  btod.o(CL$$btod_mult_common)
    i.__ARM_fpclassify                       0x08003366   Section        0  fpclassify.o(i.__ARM_fpclassify)
    i._is_digit                              0x0800338e   Section        0  __printf_wp.o(i._is_digit)
    locale$$code                             0x0800339c   Section       44  lc_numeric_c.o(locale$$code)
    x$fpl$d2f                                0x080033c8   Section       98  d2f.o(x$fpl$d2f)
    x$fpl$dadd                               0x0800342c   Section      336  daddsub_clz.o(x$fpl$dadd)
    _dadd1                                   0x0800343d   Thumb Code     0  daddsub_clz.o(x$fpl$dadd)
    x$fpl$ddiv                               0x0800357c   Section      688  ddiv.o(x$fpl$ddiv)
    ddiv_entry                               0x08003583   Thumb Code     0  ddiv.o(x$fpl$ddiv)
    x$fpl$dfltu                              0x0800382c   Section       38  dflt_clz.o(x$fpl$dfltu)
    x$fpl$dmul                               0x08003854   Section      340  dmul.o(x$fpl$dmul)
    x$fpl$dnaninf                            0x080039a8   Section      156  dnaninf.o(x$fpl$dnaninf)
    x$fpl$dretinf                            0x08003a44   Section       12  dretinf.o(x$fpl$dretinf)
    x$fpl$dsub                               0x08003a50   Section      468  daddsub_clz.o(x$fpl$dsub)
    _dsub1                                   0x08003a61   Thumb Code     0  daddsub_clz.o(x$fpl$dsub)
    x$fpl$f2d                                0x08003c24   Section       86  f2d.o(x$fpl$f2d)
    x$fpl$fadd                               0x08003c7c   Section      196  faddsub_clz.o(x$fpl$fadd)
    _fadd1                                   0x08003c8b   Thumb Code     0  faddsub_clz.o(x$fpl$fadd)
    x$fpl$fdiv                               0x08003d40   Section      388  fdiv.o(x$fpl$fdiv)
    _fdiv1                                   0x08003d41   Thumb Code     0  fdiv.o(x$fpl$fdiv)
    x$fpl$ffixu                              0x08003ec4   Section       62  ffixu.o(x$fpl$ffixu)
    x$fpl$ffltu                              0x08003f04   Section       38  fflt_clz.o(x$fpl$ffltu)
    x$fpl$fnaninf                            0x08003f2a   Section      140  fnaninf.o(x$fpl$fnaninf)
    x$fpl$fpinit                             0x08003fb6   Section       14  fpinit.o(x$fpl$fpinit)
    x$fpl$fretinf                            0x08003fc4   Section       10  fretinf.o(x$fpl$fretinf)
    x$fpl$fsub                               0x08003fd0   Section      234  faddsub_clz.o(x$fpl$fsub)
    _fsub1                                   0x08003fdf   Thumb Code     0  faddsub_clz.o(x$fpl$fsub)
    x$fpl$printf1                            0x080040ba   Section        4  printf1.o(x$fpl$printf1)
    .constdata                               0x080040be   Section       40  _printf_hex_int.o(.constdata)
    x$fpl$usenofp                            0x080040be   Section        0  usenofp.o(x$fpl$usenofp)
    uc_hextab                                0x080040be   Data          20  _printf_hex_int.o(.constdata)
    lc_hextab                                0x080040d2   Data          20  _printf_hex_int.o(.constdata)
    .constdata                               0x080040e6   Section       17  __printf_flags_wp.o(.constdata)
    maptable                                 0x080040e6   Data          17  __printf_flags_wp.o(.constdata)
    .constdata                               0x080040f8   Section      148  bigflt0.o(.constdata)
    tenpwrs_x                                0x080040f8   Data          60  bigflt0.o(.constdata)
    tenpwrs_i                                0x08004134   Data          64  bigflt0.o(.constdata)
    locale$$data                             0x080041ac   Section       28  lc_numeric_c.o(locale$$data)
    __lcnum_c_name                           0x080041b0   Data           2  lc_numeric_c.o(locale$$data)
    __lcnum_c_start                          0x080041b8   Data           0  lc_numeric_c.o(locale$$data)
    __lcnum_c_point                          0x080041c4   Data           0  lc_numeric_c.o(locale$$data)
    __lcnum_c_thousands                      0x080041c6   Data           0  lc_numeric_c.o(locale$$data)
    __lcnum_c_grouping                       0x080041c7   Data           0  lc_numeric_c.o(locale$$data)
    __lcnum_c_end                            0x080041c8   Data           0  lc_numeric_c.o(locale$$data)
    .data                                    0x20000000   Section        2  main.o(.data)
    .data                                    0x20000002   Section        1  main.o(.data)
    .data                                    0x20000003   Section        1  main.o(.data)
    .data                                    0x20000004   Section        2  app_clcd.o(.data)
    .data                                    0x20000008   Section        8  regulator.o(.data)
    .data                                    0x20000010   Section        4  util.o(.data)
    .data                                    0x20000014   Section        4  i2cdef.o(.data)
    .data                                    0x20000018   Section       16  nvimdef.o(.data)
    APBAHBPrescTable                         0x20000018   Data          16  nvimdef.o(.data)
    .data                                    0x20000028   Section        2  timerdef.o(.data)
    .data                                    0x2000002c   Section       20  systemset.o(.data)
    .data                                    0x20000040   Section        1  process.o(.data)
    .data                                    0x20000044   Section       20  schedule.o(.data)
    .data                                    0x20000058   Section      252  open_short.o(.data)
    .data                                    0x20000154   Section        9  dacadc.o(.data)
    .bss                                     0x20000160   Section      128  app_clcd.o(.bss)
    .bss                                     0x200001e0   Section       16  regulator.o(.bss)
    .bss                                     0x200001f0   Section       40  adcdef.o(.bss)
    .bss                                     0x20000218   Section      528  uartdef.o(.bss)
    rbuf                                     0x20000218   Data         264  uartdef.o(.bss)
    tbuf                                     0x20000320   Data         264  uartdef.o(.bss)
    .bss                                     0x20000428   Section       96  libspace.o(.bss)
    HEAP                                     0x20000488   Section      512  startup_stm32f4xx.o(HEAP)
    Heap_Mem                                 0x20000488   Data         512  startup_stm32f4xx.o(HEAP)
    STACK                                    0x20000688   Section     1024  startup_stm32f4xx.o(STACK)
    Stack_Mem                                0x20000688   Data        1024  startup_stm32f4xx.o(STACK)
    __initial_sp                             0x20000a88   Data           0  startup_stm32f4xx.o(STACK)

    Global Symbols

    Symbol Name                              Value     Ov Type        Size  Object(Section)

    BuildAttributes$$THM_ISAv4$E$P$D$K$B$S$7EM$PE$A:L22UL41UL21$X:L11$S22US41US21$IEEE1$IW$USESV6$~STKCKD$USESV7$~SHL$OTIME$ROPI$IEEEJ$EBA8$UX$STANDARDLIB$REQ8$PRES8$EABIv2 0x00000000   Number         0  anon$$obj.o ABSOLUTE
    __ARM_use_no_argv                        0x00000000   Number         0  main.o ABSOLUTE
    _printf_flags                            0x00000000   Number         0  printf_stubs.o ABSOLUTE
    _printf_return_value                     0x00000000   Number         0  printf_stubs.o ABSOLUTE
    _printf_sizespec                         0x00000000   Number         0  printf_stubs.o ABSOLUTE
    _printf_widthprec                        0x00000000   Number         0  printf_stubs.o ABSOLUTE
    __ARM_exceptions_init                     - Undefined Weak Reference
    __alloca_initialize                       - Undefined Weak Reference
    __cpp_initialize__aeabi_                  - Undefined Weak Reference
    __cxa_finalize                            - Undefined Weak Reference
    __sigvec_lookup                           - Undefined Weak Reference
    _atexit_init                              - Undefined Weak Reference
    _call_atexit_fns                          - Undefined Weak Reference
    _clock_init                               - Undefined Weak Reference
    _fp_trap_init                             - Undefined Weak Reference
    _fp_trap_shutdown                         - Undefined Weak Reference
    _get_lc_collate                           - Undefined Weak Reference
    _get_lc_ctype                             - Undefined Weak Reference
    _get_lc_monetary                          - Undefined Weak Reference
    _get_lc_time                              - Undefined Weak Reference
    _getenv_init                              - Undefined Weak Reference
    _handle_redirection                       - Undefined Weak Reference
    _init_alloc                               - Undefined Weak Reference
    _init_user_alloc                          - Undefined Weak Reference
    _initio                                   - Undefined Weak Reference
    _printf_mbtowc                            - Undefined Weak Reference
    _printf_truncate_signed                   - Undefined Weak Reference
    _printf_truncate_unsigned                 - Undefined Weak Reference
    _rand_init                                - Undefined Weak Reference
    _signal_finish                            - Undefined Weak Reference
    _signal_init                              - Undefined Weak Reference
    _terminate_alloc                          - Undefined Weak Reference
    _terminate_user_alloc                     - Undefined Weak Reference
    _terminateio                              - Undefined Weak Reference
    __Vectors_Size                           0x00000188   Number         0  startup_stm32f4xx.o ABSOLUTE
    __Vectors                                0x08000000   Data           4  startup_stm32f4xx.o(RESET)
    __Vectors_End                            0x08000188   Data           0  startup_stm32f4xx.o(RESET)
    __main                                   0x08000189   Thumb Code     8  __main.o(!!!main)
    __scatterload                            0x08000191   Thumb Code     0  __scatter.o(!!!scatter)
    __scatterload_rt2                        0x08000191   Thumb Code    44  __scatter.o(!!!scatter)
    __scatterload_rt2_thumb_only             0x08000191   Thumb Code     0  __scatter.o(!!!scatter)
    __scatterload_null                       0x0800019f   Thumb Code     0  __scatter.o(!!!scatter)
    __decompress                             0x080001c5   Thumb Code    90  __dczerorl2.o(!!dczerorl2)
    __decompress1                            0x080001c5   Thumb Code     0  __dczerorl2.o(!!dczerorl2)
    __scatterload_zeroinit                   0x08000221   Thumb Code    28  __scatter_zi.o(!!handler_zi)
    _printf_f                                0x0800023d   Thumb Code     0  _printf_f.o(.ARM.Collect$$_printf_percent$$00000003)
    _printf_percent                          0x0800023d   Thumb Code     0  _printf_percent.o(.ARM.Collect$$_printf_percent$$00000000)
    _printf_d                                0x08000243   Thumb Code     0  _printf_d.o(.ARM.Collect$$_printf_percent$$00000009)
    _printf_x                                0x08000249   Thumb Code     0  _printf_x.o(.ARM.Collect$$_printf_percent$$0000000C)
    _printf_c                                0x0800024f   Thumb Code     0  _printf_c.o(.ARM.Collect$$_printf_percent$$00000013)
    _printf_percent_end                      0x08000255   Thumb Code     0  _printf_percent_end.o(.ARM.Collect$$_printf_percent$$00000017)
    __rt_lib_init                            0x08000259   Thumb Code     0  libinit.o(.ARM.Collect$$libinit$$00000000)
    __rt_lib_init_heap_1                     0x0800025f   Thumb Code     0  libinit2.o(.ARM.Collect$$libinit$$00000006)
    __rt_lib_init_lc_common                  0x0800025f   Thumb Code     0  libinit2.o(.ARM.Collect$$libinit$$0000000B)
    __rt_lib_init_rand_1                     0x0800025f   Thumb Code     0  libinit2.o(.ARM.Collect$$libinit$$0000000A)
    __rt_lib_init_user_alloc_1               0x0800025f   Thumb Code     0  libinit2.o(.ARM.Collect$$libinit$$00000008)
    __rt_lib_init_lc_collate_1               0x08000265   Thumb Code     0  libinit2.o(.ARM.Collect$$libinit$$0000000D)
    __rt_lib_init_lc_ctype_1                 0x08000265   Thumb Code     0  libinit2.o(.ARM.Collect$$libinit$$0000000F)
    __rt_lib_init_lc_monetary_1              0x08000265   Thumb Code     0  libinit2.o(.ARM.Collect$$libinit$$00000011)
    __rt_lib_init_lc_numeric_2               0x08000265   Thumb Code     0  libinit2.o(.ARM.Collect$$libinit$$00000012)
    __rt_lib_init_alloca_1                   0x0800026f   Thumb Code     0  libinit2.o(.ARM.Collect$$libinit$$0000002A)
    __rt_lib_init_argv_1                     0x0800026f   Thumb Code     0  libinit2.o(.ARM.Collect$$libinit$$00000028)
    __rt_lib_init_atexit_1                   0x0800026f   Thumb Code     0  libinit2.o(.ARM.Collect$$libinit$$00000017)
    __rt_lib_init_clock_1                    0x0800026f   Thumb Code     0  libinit2.o(.ARM.Collect$$libinit$$0000001D)
    __rt_lib_init_cpp_1                      0x0800026f   Thumb Code     0  libinit2.o(.ARM.Collect$$libinit$$0000002E)
    __rt_lib_init_exceptions_1               0x0800026f   Thumb Code     0  libinit2.o(.ARM.Collect$$libinit$$0000002C)
    __rt_lib_init_fp_trap_1                  0x0800026f   Thumb Code     0  libinit2.o(.ARM.Collect$$libinit$$0000001B)
    __rt_lib_init_getenv_1                   0x0800026f   Thumb Code     0  libinit2.o(.ARM.Collect$$libinit$$0000001F)
    __rt_lib_init_lc_numeric_1               0x0800026f   Thumb Code     0  libinit2.o(.ARM.Collect$$libinit$$00000013)
    __rt_lib_init_lc_time_1                  0x0800026f   Thumb Code     0  libinit2.o(.ARM.Collect$$libinit$$00000015)
    __rt_lib_init_return                     0x0800026f   Thumb Code     0  libinit2.o(.ARM.Collect$$libinit$$0000002F)
    __rt_lib_init_signal_1                   0x0800026f   Thumb Code     0  libinit2.o(.ARM.Collect$$libinit$$00000019)
    __rt_lib_init_stdio_1                    0x0800026f   Thumb Code     0  libinit2.o(.ARM.Collect$$libinit$$00000021)
    __rt_lib_shutdown                        0x08000271   Thumb Code     0  libshutdown.o(.ARM.Collect$$libshutdown$$00000000)
    __rt_lib_shutdown_fp_trap_1              0x08000273   Thumb Code     0  libshutdown2.o(.ARM.Collect$$libshutdown$$00000006)
    __rt_lib_shutdown_heap_1                 0x08000273   Thumb Code     0  libshutdown2.o(.ARM.Collect$$libshutdown$$0000000E)
    __rt_lib_shutdown_return                 0x08000273   Thumb Code     0  libshutdown2.o(.ARM.Collect$$libshutdown$$0000000F)
    __rt_lib_shutdown_signal_1               0x08000273   Thumb Code     0  libshutdown2.o(.ARM.Collect$$libshutdown$$00000009)
    __rt_lib_shutdown_stdio_1                0x08000273   Thumb Code     0  libshutdown2.o(.ARM.Collect$$libshutdown$$00000003)
    __rt_lib_shutdown_user_alloc_1           0x08000273   Thumb Code     0  libshutdown2.o(.ARM.Collect$$libshutdown$$0000000B)
    __rt_entry                               0x08000275   Thumb Code     0  rtentry.o(.ARM.Collect$$rtentry$$00000000)
    __rt_entry_presh_1                       0x08000275   Thumb Code     0  rtentry2.o(.ARM.Collect$$rtentry$$00000002)
    __rt_entry_sh                            0x08000275   Thumb Code     0  rtentry4.o(.ARM.Collect$$rtentry$$00000004)
    __rt_entry_li                            0x0800027b   Thumb Code     0  rtentry2.o(.ARM.Collect$$rtentry$$0000000A)
    __rt_entry_postsh_1                      0x0800027b   Thumb Code     0  rtentry2.o(.ARM.Collect$$rtentry$$00000009)
    __rt_entry_main                          0x0800027f   Thumb Code     0  rtentry2.o(.ARM.Collect$$rtentry$$0000000D)
    __rt_entry_postli_1                      0x0800027f   Thumb Code     0  rtentry2.o(.ARM.Collect$$rtentry$$0000000C)
    __rt_exit                                0x08000287   Thumb Code     0  rtexit.o(.ARM.Collect$$rtexit$$00000000)
    __rt_exit_ls                             0x08000289   Thumb Code     0  rtexit2.o(.ARM.Collect$$rtexit$$00000003)
    __rt_exit_prels_1                        0x08000289   Thumb Code     0  rtexit2.o(.ARM.Collect$$rtexit$$00000002)
    __rt_exit_exit                           0x0800028d   Thumb Code     0  rtexit2.o(.ARM.Collect$$rtexit$$00000004)
    Reset_Handler                            0x08000295   Thumb Code     8  startup_stm32f4xx.o(.text)
    NMI_Handler                              0x0800029d   Thumb Code     2  startup_stm32f4xx.o(.text)
    HardFault_Handler                        0x0800029f   Thumb Code     2  startup_stm32f4xx.o(.text)
    MemManage_Handler                        0x080002a1   Thumb Code     2  startup_stm32f4xx.o(.text)
    BusFault_Handler                         0x080002a3   Thumb Code     2  startup_stm32f4xx.o(.text)
    UsageFault_Handler                       0x080002a5   Thumb Code     2  startup_stm32f4xx.o(.text)
    SVC_Handler                              0x080002a7   Thumb Code     2  startup_stm32f4xx.o(.text)
    DebugMon_Handler                         0x080002a9   Thumb Code     2  startup_stm32f4xx.o(.text)
    PendSV_Handler                           0x080002ab   Thumb Code     2  startup_stm32f4xx.o(.text)
    SysTick_Handler                          0x080002ad   Thumb Code     2  startup_stm32f4xx.o(.text)
    ADC_IRQHandler                           0x080002af   Thumb Code     0  startup_stm32f4xx.o(.text)
    CAN1_RX0_IRQHandler                      0x080002af   Thumb Code     0  startup_stm32f4xx.o(.text)
    CAN1_RX1_IRQHandler                      0x080002af   Thumb Code     0  startup_stm32f4xx.o(.text)
    CAN1_SCE_IRQHandler                      0x080002af   Thumb Code     0  startup_stm32f4xx.o(.text)
    CAN1_TX_IRQHandler                       0x080002af   Thumb Code     0  startup_stm32f4xx.o(.text)
    CAN2_RX0_IRQHandler                      0x080002af   Thumb Code     0  startup_stm32f4xx.o(.text)
    CAN2_RX1_IRQHandler                      0x080002af   Thumb Code     0  startup_stm32f4xx.o(.text)
    CAN2_SCE_IRQHandler                      0x080002af   Thumb Code     0  startup_stm32f4xx.o(.text)
    CAN2_TX_IRQHandler                       0x080002af   Thumb Code     0  startup_stm32f4xx.o(.text)
    CRYP_IRQHandler                          0x080002af   Thumb Code     0  startup_stm32f4xx.o(.text)
    DCMI_IRQHandler                          0x080002af   Thumb Code     0  startup_stm32f4xx.o(.text)
    DMA1_Stream0_IRQHandler                  0x080002af   Thumb Code     0  startup_stm32f4xx.o(.text)
    DMA1_Stream1_IRQHandler                  0x080002af   Thumb Code     0  startup_stm32f4xx.o(.text)
    DMA1_Stream2_IRQHandler                  0x080002af   Thumb Code     0  startup_stm32f4xx.o(.text)
    DMA1_Stream3_IRQHandler                  0x080002af   Thumb Code     0  startup_stm32f4xx.o(.text)
    DMA1_Stream4_IRQHandler                  0x080002af   Thumb Code     0  startup_stm32f4xx.o(.text)
    DMA1_Stream5_IRQHandler                  0x080002af   Thumb Code     0  startup_stm32f4xx.o(.text)
    DMA1_Stream6_IRQHandler                  0x080002af   Thumb Code     0  startup_stm32f4xx.o(.text)
    DMA1_Stream7_IRQHandler                  0x080002af   Thumb Code     0  startup_stm32f4xx.o(.text)
    DMA2_Stream0_IRQHandler                  0x080002af   Thumb Code     0  startup_stm32f4xx.o(.text)
    DMA2_Stream1_IRQHandler                  0x080002af   Thumb Code     0  startup_stm32f4xx.o(.text)
    DMA2_Stream2_IRQHandler                  0x080002af   Thumb Code     0  startup_stm32f4xx.o(.text)
    DMA2_Stream3_IRQHandler                  0x080002af   Thumb Code     0  startup_stm32f4xx.o(.text)
    DMA2_Stream4_IRQHandler                  0x080002af   Thumb Code     0  startup_stm32f4xx.o(.text)
    DMA2_Stream5_IRQHandler                  0x080002af   Thumb Code     0  startup_stm32f4xx.o(.text)
    DMA2_Stream6_IRQHandler                  0x080002af   Thumb Code     0  startup_stm32f4xx.o(.text)
    DMA2_Stream7_IRQHandler                  0x080002af   Thumb Code     0  startup_stm32f4xx.o(.text)
    ETH_IRQHandler                           0x080002af   Thumb Code     0  startup_stm32f4xx.o(.text)
    ETH_WKUP_IRQHandler                      0x080002af   Thumb Code     0  startup_stm32f4xx.o(.text)
    EXTI0_IRQHandler                         0x080002af   Thumb Code     0  startup_stm32f4xx.o(.text)
    EXTI15_10_IRQHandler                     0x080002af   Thumb Code     0  startup_stm32f4xx.o(.text)
    EXTI1_IRQHandler                         0x080002af   Thumb Code     0  startup_stm32f4xx.o(.text)
    EXTI2_IRQHandler                         0x080002af   Thumb Code     0  startup_stm32f4xx.o(.text)
    EXTI3_IRQHandler                         0x080002af   Thumb Code     0  startup_stm32f4xx.o(.text)
    EXTI4_IRQHandler                         0x080002af   Thumb Code     0  startup_stm32f4xx.o(.text)
    EXTI9_5_IRQHandler                       0x080002af   Thumb Code     0  startup_stm32f4xx.o(.text)
    FLASH_IRQHandler                         0x080002af   Thumb Code     0  startup_stm32f4xx.o(.text)
    FPU_IRQHandler                           0x080002af   Thumb Code     0  startup_stm32f4xx.o(.text)
    FSMC_IRQHandler                          0x080002af   Thumb Code     0  startup_stm32f4xx.o(.text)
    HASH_RNG_IRQHandler                      0x080002af   Thumb Code     0  startup_stm32f4xx.o(.text)
    I2C1_ER_IRQHandler                       0x080002af   Thumb Code     0  startup_stm32f4xx.o(.text)
    I2C1_EV_IRQHandler                       0x080002af   Thumb Code     0  startup_stm32f4xx.o(.text)
    I2C2_ER_IRQHandler                       0x080002af   Thumb Code     0  startup_stm32f4xx.o(.text)
    I2C2_EV_IRQHandler                       0x080002af   Thumb Code     0  startup_stm32f4xx.o(.text)
    I2C3_ER_IRQHandler                       0x080002af   Thumb Code     0  startup_stm32f4xx.o(.text)
    I2C3_EV_IRQHandler                       0x080002af   Thumb Code     0  startup_stm32f4xx.o(.text)
    OTG_FS_IRQHandler                        0x080002af   Thumb Code     0  startup_stm32f4xx.o(.text)
    OTG_FS_WKUP_IRQHandler                   0x080002af   Thumb Code     0  startup_stm32f4xx.o(.text)
    OTG_HS_EP1_IN_IRQHandler                 0x080002af   Thumb Code     0  startup_stm32f4xx.o(.text)
    OTG_HS_EP1_OUT_IRQHandler                0x080002af   Thumb Code     0  startup_stm32f4xx.o(.text)
    OTG_HS_IRQHandler                        0x080002af   Thumb Code     0  startup_stm32f4xx.o(.text)
    OTG_HS_WKUP_IRQHandler                   0x080002af   Thumb Code     0  startup_stm32f4xx.o(.text)
    PVD_IRQHandler                           0x080002af   Thumb Code     0  startup_stm32f4xx.o(.text)
    RCC_IRQHandler                           0x080002af   Thumb Code     0  startup_stm32f4xx.o(.text)
    RTC_Alarm_IRQHandler                     0x080002af   Thumb Code     0  startup_stm32f4xx.o(.text)
    RTC_WKUP_IRQHandler                      0x080002af   Thumb Code     0  startup_stm32f4xx.o(.text)
    SDIO_IRQHandler                          0x080002af   Thumb Code     0  startup_stm32f4xx.o(.text)
    SPI1_IRQHandler                          0x080002af   Thumb Code     0  startup_stm32f4xx.o(.text)
    SPI2_IRQHandler                          0x080002af   Thumb Code     0  startup_stm32f4xx.o(.text)
    SPI3_IRQHandler                          0x080002af   Thumb Code     0  startup_stm32f4xx.o(.text)
    TAMP_STAMP_IRQHandler                    0x080002af   Thumb Code     0  startup_stm32f4xx.o(.text)
    TIM1_BRK_TIM9_IRQHandler                 0x080002af   Thumb Code     0  startup_stm32f4xx.o(.text)
    TIM1_CC_IRQHandler                       0x080002af   Thumb Code     0  startup_stm32f4xx.o(.text)
    TIM1_TRG_COM_TIM11_IRQHandler            0x080002af   Thumb Code     0  startup_stm32f4xx.o(.text)
    TIM1_UP_TIM10_IRQHandler                 0x080002af   Thumb Code     0  startup_stm32f4xx.o(.text)
    TIM3_IRQHandler                          0x080002af   Thumb Code     0  startup_stm32f4xx.o(.text)
    TIM4_IRQHandler                          0x080002af   Thumb Code     0  startup_stm32f4xx.o(.text)
    TIM5_IRQHandler                          0x080002af   Thumb Code     0  startup_stm32f4xx.o(.text)
    TIM6_DAC_IRQHandler                      0x080002af   Thumb Code     0  startup_stm32f4xx.o(.text)
    TIM7_IRQHandler                          0x080002af   Thumb Code     0  startup_stm32f4xx.o(.text)
    TIM8_BRK_TIM12_IRQHandler                0x080002af   Thumb Code     0  startup_stm32f4xx.o(.text)
    TIM8_CC_IRQHandler                       0x080002af   Thumb Code     0  startup_stm32f4xx.o(.text)
    TIM8_TRG_COM_TIM14_IRQHandler            0x080002af   Thumb Code     0  startup_stm32f4xx.o(.text)
    TIM8_UP_TIM13_IRQHandler                 0x080002af   Thumb Code     0  startup_stm32f4xx.o(.text)
    UART4_IRQHandler                         0x080002af   Thumb Code     0  startup_stm32f4xx.o(.text)
    UART5_IRQHandler                         0x080002af   Thumb Code     0  startup_stm32f4xx.o(.text)
    USART1_IRQHandler                        0x080002af   Thumb Code     0  startup_stm32f4xx.o(.text)
    USART2_IRQHandler                        0x080002af   Thumb Code     0  startup_stm32f4xx.o(.text)
    USART6_IRQHandler                        0x080002af   Thumb Code     0  startup_stm32f4xx.o(.text)
    WWDG_IRQHandler                          0x080002af   Thumb Code     0  startup_stm32f4xx.o(.text)
    __user_initial_stackheap                 0x080002b1   Thumb Code     0  startup_stm32f4xx.o(.text)
    main                                     0x080002d5   Thumb Code    26  main.o(.text)
    InitGPIOControl                          0x080002f5   Thumb Code   388  systemcontrol.o(.text)
    InitSystem                               0x08000479   Thumb Code   142  systemcontrol.o(.text)
    InitValue                                0x08000507   Thumb Code    20  systemcontrol.o(.text)
    STR_Trans_CLCD                           0x0800052d   Thumb Code    60  app_clcd.o(.text)
    HEX_Trans_CLCD                           0x08000569   Thumb Code    70  app_clcd.o(.text)
    UI_Show_FW_VER                           0x080005af   Thumb Code   108  app_clcd.o(.text)
    UI_Show_Fail_VCC                         0x0800061b   Thumb Code    28  app_clcd.o(.text)
    UI_Show_Prog_Status                      0x08000637   Thumb Code   116  app_clcd.o(.text)
    UI_Show_Model_Name                       0x080006ab   Thumb Code    50  app_clcd.o(.text)
    UIDSP                                    0x080006dd   Thumb Code   302  app_clcd.o(.text)
    Init_CLCD_CLS                            0x0800080b   Thumb Code    28  app_clcd.o(.text)
    Init_UI                                  0x08000827   Thumb Code    12  app_clcd.o(.text)
    AT24C64Write                             0x080009d5   Thumb Code    46  i2c_eeprom.o(.text)
    AT24C64Read                              0x08000a03   Thumb Code     2  i2c_eeprom.o(.text)
    Cal_Set_Value                            0x08000a09   Thumb Code    90  regulator.o(.text)
    Set_REG_CH                               0x08000a63   Thumb Code   146  regulator.o(.text)
    Set_Voltage_Value                        0x08000af5   Thumb Code   130  regulator.o(.text)
    Get_Voltage_Value                        0x08000b77   Thumb Code    12  regulator.o(.text)
    REG_Hadler                               0x08000b83   Thumb Code   114  regulator.o(.text)
    Usart3_Process                           0x08000c1d   Thumb Code    22  uartproc.o(.text)
    fputc                                    0x08000c4d   Thumb Code    30  util.o(.text)
    fgetc                                    0x08000c6b   Thumb Code    24  util.o(.text)
    _ttywrch                                 0x08000c83   Thumb Code     8  util.o(.text)
    ferror                                   0x08000c8b   Thumb Code     6  util.o(.text)
    _sys_exit                                0x08000c91   Thumb Code     2  util.o(.text)
    Delay                                    0x08000c93   Thumb Code    10  util.o(.text)
    ADC_SoftwareStartConv                    0x08000ca1   Thumb Code    10  adcdef.o(.text)
    ADC_Cmd                                  0x08000cab   Thumb Code    20  adcdef.o(.text)
    ADC_DMACmd                               0x08000cbf   Thumb Code    20  adcdef.o(.text)
    ADC_DMARequestAfterLastTransferCmd       0x08000cd3   Thumb Code    20  adcdef.o(.text)
    ADC_RegularChannelConfig                 0x08000ce7   Thumb Code   116  adcdef.o(.text)
    ADC_Init                                 0x08000d5b   Thumb Code    68  adcdef.o(.text)
    ADC_CommonInit                           0x08000d9f   Thumb Code    42  adcdef.o(.text)
    ADC_DeInit                               0x08000dc9   Thumb Code    24  adcdef.o(.text)
    ADC1_Configuration                       0x08000de1   Thumb Code   194  adcdef.o(.text)
    ADC_GetFlagStatus                        0x08000ea3   Thumb Code    14  adcdef.o(.text)
    ADC_GetConversionValue                   0x08000eb1   Thumb Code     6  adcdef.o(.text)
    DMA_Init                                 0x08000ed9   Thumb Code    80  dmadef.o(.text)
    DMA_Cmd                                  0x08000f29   Thumb Code    20  dmadef.o(.text)
    GPIO_PinAFConfig                         0x08000f41   Thumb Code    32  gpiodef.o(.text)
    GpioBPortInit                            0x08000f61   Thumb Code   106  gpiodef.o(.text)
    GPIO_ReadInputDataBit                    0x08000fcb   Thumb Code    16  gpiodef.o(.text)
    I2C_Cmd                                  0x08000fdd   Thumb Code    20  i2cdef.o(.text)
    I2C_AcknowledgeConfig                    0x08000ff1   Thumb Code    20  i2cdef.o(.text)
    I2C_Init                                 0x08001005   Thumb Code   172  i2cdef.o(.text)
    I2C_DeInit                               0x080010b1   Thumb Code    56  i2cdef.o(.text)
    Init_I2C1                                0x080010e9   Thumb Code   152  i2cdef.o(.text)
    I2C_StructInit                           0x08001181   Thumb Code    30  i2cdef.o(.text)
    _TIMEOUT_UserCallback                    0x0800119f   Thumb Code     4  i2cdef.o(.text)
    I2C_CheckEvent                           0x080011a3   Thumb Code    24  i2cdef.o(.text)
    I2C_Send7bitAddress                      0x080011bb   Thumb Code    16  i2cdef.o(.text)
    I2C_GenerateSTART                        0x080011cb   Thumb Code    20  i2cdef.o(.text)
    I2C_start                                0x080011df   Thumb Code   124  i2cdef.o(.text)
    I2C_ITConfig                             0x0800125b   Thumb Code    16  i2cdef.o(.text)
    I2C_SendData                             0x0800126b   Thumb Code     4  i2cdef.o(.text)
    I2C_write                                0x0800126f   Thumb Code    44  i2cdef.o(.text)
    I2C_ReceiveData                          0x0800129b   Thumb Code     6  i2cdef.o(.text)
    I2C_read_ack                             0x080012a1   Thumb Code    52  i2cdef.o(.text)
    I2C_read_nack                            0x080012d5   Thumb Code    52  i2cdef.o(.text)
    I2C_GenerateSTOP                         0x08001309   Thumb Code    20  i2cdef.o(.text)
    I2C_stop                                 0x0800131d   Thumb Code     4  i2cdef.o(.text)
    I2C_GetFlagStatus                        0x08001321   Thumb Code    30  i2cdef.o(.text)
    SW_i2cDelay                              0x0800133f   Thumb Code     2  i2cdef.o(.text)
    SW_i2cDelay2                             0x08001341   Thumb Code    14  i2cdef.o(.text)
    SW_i2c_SDAInput                          0x0800134f   Thumb Code    22  i2cdef.o(.text)
    SW_i2c_SDAOutput                         0x08001365   Thumb Code    22  i2cdef.o(.text)
    SW_i2c_SCLOutput                         0x0800137b   Thumb Code    22  i2cdef.o(.text)
    SW_i2c_SetSDA                            0x08001391   Thumb Code    10  i2cdef.o(.text)
    SW_i2c_ClrSDA                            0x0800139b   Thumb Code    10  i2cdef.o(.text)
    SW_i2c_SetSCL                            0x080013a5   Thumb Code    10  i2cdef.o(.text)
    SW_i2c_ClrSCL                            0x080013af   Thumb Code    10  i2cdef.o(.text)
    SW_i2c_GetSDA                            0x080013b9   Thumb Code     8  i2cdef.o(.text)
    SW_i2cStart                              0x080013c1   Thumb Code    36  i2cdef.o(.text)
    SW_i2cStop                               0x080013e5   Thumb Code    72  i2cdef.o(.text)
    SW_i2cGetAck                             0x0800142d   Thumb Code    62  i2cdef.o(.text)
    SW_i2c_Transmit                          0x0800146b   Thumb Code    64  i2cdef.o(.text)
    SW_i2c_WriteByte                         0x080014ab   Thumb Code    66  i2cdef.o(.text)
    SW_i2c_Init                              0x080014ed   Thumb Code    16  i2cdef.o(.text)
    NVIC_Init                                0x08001501   Thumb Code    92  nvimdef.o(.text)
    InitInterrupt                            0x0800155d   Thumb Code    30  nvimdef.o(.text)
    RCC_APB2PeriphResetCmd                   0x0800157b   Thumb Code    18  nvimdef.o(.text)
    RCC_APB1PeriphClockCmd                   0x0800158d   Thumb Code    20  nvimdef.o(.text)
    RCC_AHB1PeriphClockCmd                   0x080015a1   Thumb Code    20  nvimdef.o(.text)
    RCC_APB2PeriphClockCmd                   0x080015b5   Thumb Code    20  nvimdef.o(.text)
    RCC_APB1PeriphResetCmd                   0x080015c9   Thumb Code    20  nvimdef.o(.text)
    RCC_AHB1PeriphResetCmd                   0x080015dd   Thumb Code    20  nvimdef.o(.text)
    RCC_GetClocksFreq                        0x080015f1   Thumb Code   136  nvimdef.o(.text)
    NVIC_PriorityGroupConfig                 0x08001679   Thumb Code    10  nvimdef.o(.text)
    SPI_Init                                 0x080016a1   Thumb Code    58  spidef.o(.text)
    SPI_Cmd                                  0x080016db   Thumb Code    20  spidef.o(.text)
    SPI_I2S_GetFlagStatus                    0x080016ef   Thumb Code    14  spidef.o(.text)
    SPI_TIMEOUT_UserCallback                 0x080016fd   Thumb Code     4  spidef.o(.text)
    SPI_I2S_SendData                         0x08001701   Thumb Code     4  spidef.o(.text)
    SPI_I2S_ReceiveData                      0x08001705   Thumb Code     4  spidef.o(.text)
    SPI_GPIOInit                             0x08001709   Thumb Code   126  spidef.o(.text)
    SPI_InitPort                             0x08001787   Thumb Code    82  spidef.o(.text)
    SPI_WriteReadByte                        0x080017d9   Thumb Code    44  spidef.o(.text)
    TIM_Cmd                                  0x08001815   Thumb Code    20  timerdef.o(.text)
    TIM_ITConfig                             0x08001829   Thumb Code    16  timerdef.o(.text)
    TIM_ClearITPendingBit                    0x08001839   Thumb Code     6  timerdef.o(.text)
    TIM_TimeBaseInit                         0x0800183f   Thumb Code    96  timerdef.o(.text)
    TimerInit                                0x0800189f   Thumb Code    88  timerdef.o(.text)
    TIM_GetITStatus                          0x080018f7   Thumb Code    22  timerdef.o(.text)
    TIM_GetCapture1                          0x0800190d   Thumb Code     4  timerdef.o(.text)
    TIM_SetCompare1                          0x08001911   Thumb Code     4  timerdef.o(.text)
    TIM_SetAutoreload                        0x08001915   Thumb Code     4  timerdef.o(.text)
    TIM2_IRQHandler                          0x08001919   Thumb Code    42  timerdef.o(.text)
    USART_Init                               0x08001965   Thumb Code   174  uartdef.o(.text)
    USART_ITConfig                           0x08001a13   Thumb Code    48  uartdef.o(.text)
    USART_Cmd                                0x08001a43   Thumb Code    20  uartdef.o(.text)
    USART_SendData                           0x08001a57   Thumb Code     8  uartdef.o(.text)
    USART_GetFlagStatus                      0x08001a5f   Thumb Code    14  uartdef.o(.text)
    GetKey                                   0x08001a6d   Thumb Code    34  uartdef.o(.text)
    USART3_IRQHandler                        0x08001a8f   Thumb Code   102  uartdef.o(.text)
    USART_IO_Config                          0x08001af5   Thumb Code   142  uartdef.o(.text)
    USART_Configuration                      0x08001b83   Thumb Code   130  uartdef.o(.text)
    SendUarc                                 0x08001c05   Thumb Code    22  uartdef.o(.text)
    SystemInit                               0x08001c35   Thumb Code    54  systemset.o(.text)
    SystemCoreClockUpdate                    0x08001c6b   Thumb Code   108  systemset.o(.text)
    Init_VAR                                 0x08001cf5   Thumb Code     4  process.o(.text)
    MainFun                                  0x08001cf9   Thumb Code    18  process.o(.text)
    UnivasalFun                              0x08001d0b   Thumb Code    18  process.o(.text)
    ResultLEDShow                            0x08001d1d   Thumb Code    24  process.o(.text)
    DoTime2_500ms                            0x08001d3d   Thumb Code     2  schedule.o(.text)
    DoTime2_100ms                            0x08001d3f   Thumb Code     2  schedule.o(.text)
    DoTime2_10ms                             0x08001d41   Thumb Code     2  schedule.o(.text)
    DoTime2_1ms                              0x08001d43   Thumb Code     2  schedule.o(.text)
    Time2Fun                                 0x08001d45   Thumb Code    96  schedule.o(.text)
    SoftTime2_500ms                          0x08001da5   Thumb Code   158  schedule.o(.text)
    SoftTime2_100ms                          0x08001e43   Thumb Code     2  schedule.o(.text)
    SoftTime2_10ms                           0x08001e45   Thumb Code    14  schedule.o(.text)
    SoftTime2_1ms                            0x08001e53   Thumb Code     2  schedule.o(.text)
    Time2Schedule                            0x08001e55   Thumb Code    44  schedule.o(.text)
    DoutValInit                              0x08001ed1   Thumb Code    14  dacadc.o(.text)
    PMU_DAValue                              0x08001edf   Thumb Code    18  dacadc.o(.text)
    PMU_AdcDriver                            0x08001ef1   Thumb Code    28  dacadc.o(.text)
    DoutFSDriver                             0x08001f0d   Thumb Code    32  dacadc.o(.text)
    DoutSSDriver                             0x08001f2d   Thumb Code    30  dacadc.o(.text)
    DoutALLOPENSSDriver                      0x08001f4b   Thumb Code    38  dacadc.o(.text)
    DoutALLSHORTSSDriver                     0x08001f71   Thumb Code    36  dacadc.o(.text)
    OutDBInit                                0x08001f95   Thumb Code    38  dacadc.o(.text)
    OUTDBPortWrite                           0x08001fbb   Thumb Code    46  dacadc.o(.text)
    OUTDBSchedule                            0x08001fe9   Thumb Code    90  dacadc.o(.text)
    InitADCSelect                            0x08002043   Thumb Code    22  dacadc.o(.text)
    SelectEnabel                             0x08002059   Thumb Code    64  dacadc.o(.text)
    __2printf                                0x080020b1   Thumb Code    20  noretval__2printf.o(.text)
    __2sprintf                               0x080020c9   Thumb Code    34  noretval__2sprintf.o(.text)
    _printf_pre_padding                      0x080020f1   Thumb Code    46  _printf_pad.o(.text)
    _printf_post_padding                     0x0800211f   Thumb Code    36  _printf_pad.o(.text)
    _printf_str                              0x08002143   Thumb Code    82  _printf_str.o(.text)
    _printf_int_dec                          0x08002195   Thumb Code   102  _printf_dec.o(.text)
    _printf_int_hex                          0x0800220d   Thumb Code    88  _printf_hex_int.o(.text)
    _printf_longlong_hex                     0x0800220d   Thumb Code     0  _printf_hex_int.o(.text)
    __printf                                 0x08002269   Thumb Code   310  __printf_flags_wp.o(.text)
    __use_two_region_memory                  0x080023a5   Thumb Code     2  heapauxi.o(.text)
    __rt_heap_escrow$2region                 0x080023a7   Thumb Code     2  heapauxi.o(.text)
    __rt_heap_expand$2region                 0x080023a9   Thumb Code     2  heapauxi.o(.text)
    _printf_int_common                       0x080023ab   Thumb Code   184  _printf_intcommon.o(.text)
    __lib_sel_fp_printf                      0x08002463   Thumb Code     2  _printf_fp_dec.o(.text)
    _printf_fp_dec_real                      0x08002611   Thumb Code   626  _printf_fp_dec.o(.text)
    _printf_char_common                      0x0800288f   Thumb Code    32  _printf_char_common.o(.text)
    _sputc                                   0x080028b5   Thumb Code    10  _sputc.o(.text)
    _printf_cs_common                        0x080028bf   Thumb Code    20  _printf_char.o(.text)
    _printf_char                             0x080028d3   Thumb Code    16  _printf_char.o(.text)
    _printf_string                           0x080028e3   Thumb Code     8  _printf_char.o(.text)
    _printf_char_file                        0x080028ed   Thumb Code    32  _printf_char_file.o(.text)
    __rt_locale                              0x08002911   Thumb Code     8  rt_locale_intlibspace.o(.text)
    _ll_udiv10                               0x08002919   Thumb Code   138  lludiv10.o(.text)
    _printf_fp_infnan                        0x080029a5   Thumb Code   112  _printf_fp_infnan.o(.text)
    _btod_etento                             0x08002a25   Thumb Code   222  bigflt0.o(.text)
    __user_libspace                          0x08002b09   Thumb Code     8  libspace.o(.text)
    __user_perproc_libspace                  0x08002b09   Thumb Code     0  libspace.o(.text)
    __user_perthread_libspace                0x08002b09   Thumb Code     0  libspace.o(.text)
    __user_setup_stackheap                   0x08002b11   Thumb Code    74  sys_stackheap_outer.o(.text)
    exit                                     0x08002b5b   Thumb Code    12  exit.o(.text)
    strcmp                                   0x08002b69   Thumb Code   128  strcmpv7m.o(.text)
    __rt_fp_status_addr                      0x08002be9   Thumb Code     8  rt_fp_status_addr_intlibspace.o(.text)
    _btod_d2e                                0x08002bf1   Thumb Code    62  btod.o(CL$$btod_d2e)
    _d2e_denorm_low                          0x08002c2f   Thumb Code    70  btod.o(CL$$btod_d2e_denorm_low)
    _d2e_norm_op1                            0x08002c75   Thumb Code    96  btod.o(CL$$btod_d2e_norm_op1)
    __btod_div_common                        0x08002cd5   Thumb Code   696  btod.o(CL$$btod_div_common)
    _e2e                                     0x0800300d   Thumb Code   198  btod.o(CL$$btod_e2e)
    _btod_ediv                               0x080030d3   Thumb Code    40  btod.o(CL$$btod_ediv)
    _btod_emul                               0x080030fb   Thumb Code    40  btod.o(CL$$btod_emul)
    __btod_mult_common                       0x08003123   Thumb Code   580  btod.o(CL$$btod_mult_common)
    __ARM_fpclassify                         0x08003367   Thumb Code    40  fpclassify.o(i.__ARM_fpclassify)
    _is_digit                                0x0800338f   Thumb Code    14  __printf_wp.o(i._is_digit)
    _get_lc_numeric                          0x0800339d   Thumb Code    44  lc_numeric_c.o(locale$$code)
    __aeabi_d2f                              0x080033c9   Thumb Code     0  d2f.o(x$fpl$d2f)
    _d2f                                     0x080033c9   Thumb Code    98  d2f.o(x$fpl$d2f)
    __aeabi_dadd                             0x0800342d   Thumb Code     0  daddsub_clz.o(x$fpl$dadd)
    _dadd                                    0x0800342d   Thumb Code   332  daddsub_clz.o(x$fpl$dadd)
    __aeabi_ddiv                             0x0800357d   Thumb Code     0  ddiv.o(x$fpl$ddiv)
    _ddiv                                    0x0800357d   Thumb Code   552  ddiv.o(x$fpl$ddiv)
    __aeabi_ui2d                             0x0800382d   Thumb Code     0  dflt_clz.o(x$fpl$dfltu)
    _dfltu                                   0x0800382d   Thumb Code    38  dflt_clz.o(x$fpl$dfltu)
    __aeabi_dmul                             0x08003855   Thumb Code     0  dmul.o(x$fpl$dmul)
    _dmul                                    0x08003855   Thumb Code   332  dmul.o(x$fpl$dmul)
    __fpl_dnaninf                            0x080039a9   Thumb Code   156  dnaninf.o(x$fpl$dnaninf)
    __fpl_dretinf                            0x08003a45   Thumb Code    12  dretinf.o(x$fpl$dretinf)
    __aeabi_dsub                             0x08003a51   Thumb Code     0  daddsub_clz.o(x$fpl$dsub)
    _dsub                                    0x08003a51   Thumb Code   464  daddsub_clz.o(x$fpl$dsub)
    __aeabi_f2d                              0x08003c25   Thumb Code     0  f2d.o(x$fpl$f2d)
    _f2d                                     0x08003c25   Thumb Code    86  f2d.o(x$fpl$f2d)
    __aeabi_fadd                             0x08003c7d   Thumb Code     0  faddsub_clz.o(x$fpl$fadd)
    _fadd                                    0x08003c7d   Thumb Code   196  faddsub_clz.o(x$fpl$fadd)
    __aeabi_fdiv                             0x08003d41   Thumb Code     0  fdiv.o(x$fpl$fdiv)
    _fdiv                                    0x08003d41   Thumb Code   384  fdiv.o(x$fpl$fdiv)
    __aeabi_f2uiz                            0x08003ec5   Thumb Code     0  ffixu.o(x$fpl$ffixu)
    _ffixu                                   0x08003ec5   Thumb Code    62  ffixu.o(x$fpl$ffixu)
    __aeabi_ui2f                             0x08003f05   Thumb Code     0  fflt_clz.o(x$fpl$ffltu)
    _ffltu                                   0x08003f05   Thumb Code    38  fflt_clz.o(x$fpl$ffltu)
    __fpl_fnaninf                            0x08003f2b   Thumb Code   140  fnaninf.o(x$fpl$fnaninf)
    _fp_init                                 0x08003fb7   Thumb Code    14  fpinit.o(x$fpl$fpinit)
    __fplib_config_pureend_doubles           0x08003fc3   Thumb Code     0  fpinit.o(x$fpl$fpinit)
    __fpl_fretinf                            0x08003fc5   Thumb Code    10  fretinf.o(x$fpl$fretinf)
    __aeabi_fsub                             0x08003fd1   Thumb Code     0  faddsub_clz.o(x$fpl$fsub)
    _fsub                                    0x08003fd1   Thumb Code   234  faddsub_clz.o(x$fpl$fsub)
    _printf_fp_dec                           0x080040bb   Thumb Code     4  printf1.o(x$fpl$printf1)
    __I$use$fp                               0x080040bf   Thumb Code     0  usenofp.o(x$fpl$usenofp)
    Region$$Table$$Base                      0x0800418c   Number         0  anon$$obj.o(Region$$Table)
    Region$$Table$$Limit                     0x080041ac   Number         0  anon$$obj.o(Region$$Table)
    ADC1ConvertedValue                       0x20000000   Data           2  main.o(.data)
    u_Univasal_Mode                          0x20000002   Data           1  main.o(.data)
    bin_Prog_Fail_Code                       0x20000003   Data           1  main.o(.data)
    UI_state                                 0x20000004   Data           1  app_clcd.o(.data)
    uc_bin_ACT                               0x20000005   Data           1  app_clcd.o(.data)
    uc_REG_Mode                              0x20000008   Data           1  regulator.o(.data)
    uc_REG_DLY                               0x20000009   Data           1  regulator.o(.data)
    g_get_REG_Value                          0x2000000c   Data           4  regulator.o(.data)
    __stdout                                 0x20000010   Data           4  util.o(.data)
    Timeout                                  0x20000014   Data           4  i2cdef.o(.data)
    capture                                  0x20000028   Data           2  timerdef.o(.data)
    SystemCoreClock                          0x2000002c   Data           4  systemset.o(.data)
    AHBPrescTable                            0x20000030   Data          16  systemset.o(.data)
    LCDTImer                                 0x20000040   Data           1  process.o(.data)
    r_Cnt_1ms_Soft                           0x20000044   Data           1  schedule.o(.data)
    r_Cnt_10ms_Soft                          0x20000045   Data           1  schedule.o(.data)
    r_Cnt_100ms_Soft                         0x20000046   Data           1  schedule.o(.data)
    f_On_1ms_Soft                            0x20000047   Data           1  schedule.o(.data)
    f_On_10ms_Soft                           0x20000048   Data           1  schedule.o(.data)
    f_On_100ms_Soft                          0x20000049   Data           1  schedule.o(.data)
    f_On_500ms_Soft                          0x2000004a   Data           1  schedule.o(.data)
    BlinkLED                                 0x2000004b   Data           1  schedule.o(.data)
    r_Cnt_1ms                                0x2000004c   Data           4  schedule.o(.data)
    r_Cnt_10ms                               0x20000050   Data           4  schedule.o(.data)
    r_Cnt_100ms                              0x20000054   Data           4  schedule.o(.data)
    ENG_Mode                                 0x20000058   Data           1  open_short.o(.data)
    TestCnt                                  0x20000059   Data           1  open_short.o(.data)
    FScount                                  0x2000005a   Data           1  open_short.o(.data)
    ccount                                   0x2000005b   Data           1  open_short.o(.data)
    isFactoryMode                            0x2000005c   Data           1  open_short.o(.data)
    r_ledresultStatus                        0x2000005d   Data           1  open_short.o(.data)
    ucLEDFP_Result                           0x2000005e   Data           1  open_short.o(.data)
    readvlot                                 0x20000060   Data           4  open_short.o(.data)
    OS_Cfg                                   0x20000064   Data         240  open_short.o(.data)
    DBScheduleIndex                          0x20000154   Data           1  dacadc.o(.data)
    OutDBIndex                               0x20000155   Data           1  dacadc.o(.data)
    ClockIndex                               0x20000156   Data           1  dacadc.o(.data)
    ClockVal                                 0x20000157   Data           6  dacadc.o(.data)
    szbuf1                                   0x20000160   Data         128  app_clcd.o(.bss)
    w_Channel_Value                          0x200001e0   Data          16  regulator.o(.bss)
    ADC_InitStructure                        0x200001f0   Data          24  adcdef.o(.bss)
    ADC_CommonInitStructure                  0x20000208   Data          16  adcdef.o(.bss)
    __libspace_start                         0x20000428   Data          96  libspace.o(.bss)
    __temporary_stack_top$libspace           0x20000488   Data           0  libspace.o(.bss)



==============================================================================

Memory Map of the image

  Image Entry point : 0x08000189

  Load Region LR_IROM1 (Base: 0x08000000, Size: 0x00004328, Max: 0x00100000, ABSOLUTE, COMPRESSED[0x00004248])

    Execution Region ER_IROM1 (Base: 0x08000000, Size: 0x000041c8, Max: 0x00100000, ABSOLUTE)

    Base Addr    Size         Type   Attr      Idx    E Section Name        Object

    0x08000000   0x00000188   Data   RO            3    RESET               startup_stm32f4xx.o
    0x08000188   0x00000008   Code   RO          797  * !!!main             c_w.l(__main.o)
    0x08000190   0x00000034   Code   RO         1069    !!!scatter          c_w.l(__scatter.o)
    0x080001c4   0x0000005a   Code   RO         1067    !!dczerorl2         c_w.l(__dczerorl2.o)
    0x0800021e   0x00000002   PAD
    0x08000220   0x0000001c   Code   RO         1071    !!handler_zi        c_w.l(__scatter_zi.o)
    0x0800023c   0x00000000   Code   RO          790    .ARM.Collect$$_printf_percent$$00000000  c_w.l(_printf_percent.o)
    0x0800023c   0x00000006   Code   RO          789    .ARM.Collect$$_printf_percent$$00000003  c_w.l(_printf_f.o)
    0x08000242   0x00000006   Code   RO          788    .ARM.Collect$$_printf_percent$$00000009  c_w.l(_printf_d.o)
    0x08000248   0x00000006   Code   RO          787    .ARM.Collect$$_printf_percent$$0000000C  c_w.l(_printf_x.o)
    0x0800024e   0x00000006   Code   RO          786    .ARM.Collect$$_printf_percent$$00000013  c_w.l(_printf_c.o)
    0x08000254   0x00000004   Code   RO          860    .ARM.Collect$$_printf_percent$$00000017  c_w.l(_printf_percent_end.o)
    0x08000258   0x00000006   Code   RO          944    .ARM.Collect$$libinit$$00000000  c_w.l(libinit.o)
    0x0800025e   0x00000000   Code   RO          947    .ARM.Collect$$libinit$$00000006  c_w.l(libinit2.o)
    0x0800025e   0x00000000   Code   RO          949    .ARM.Collect$$libinit$$00000008  c_w.l(libinit2.o)
    0x0800025e   0x00000000   Code   RO          951    .ARM.Collect$$libinit$$0000000A  c_w.l(libinit2.o)
    0x0800025e   0x00000006   Code   RO          952    .ARM.Collect$$libinit$$0000000B  c_w.l(libinit2.o)
    0x08000264   0x00000000   Code   RO          954    .ARM.Collect$$libinit$$0000000D  c_w.l(libinit2.o)
    0x08000264   0x00000000   Code   RO          956    .ARM.Collect$$libinit$$0000000F  c_w.l(libinit2.o)
    0x08000264   0x00000000   Code   RO          958    .ARM.Collect$$libinit$$00000011  c_w.l(libinit2.o)
    0x08000264   0x0000000a   Code   RO          959    .ARM.Collect$$libinit$$00000012  c_w.l(libinit2.o)
    0x0800026e   0x00000000   Code   RO          960    .ARM.Collect$$libinit$$00000013  c_w.l(libinit2.o)
    0x0800026e   0x00000000   Code   RO          962    .ARM.Collect$$libinit$$00000015  c_w.l(libinit2.o)
    0x0800026e   0x00000000   Code   RO          964    .ARM.Collect$$libinit$$00000017  c_w.l(libinit2.o)
    0x0800026e   0x00000000   Code   RO          966    .ARM.Collect$$libinit$$00000019  c_w.l(libinit2.o)
    0x0800026e   0x00000000   Code   RO          968    .ARM.Collect$$libinit$$0000001B  c_w.l(libinit2.o)
    0x0800026e   0x00000000   Code   RO          970    .ARM.Collect$$libinit$$0000001D  c_w.l(libinit2.o)
    0x0800026e   0x00000000   Code   RO          972    .ARM.Collect$$libinit$$0000001F  c_w.l(libinit2.o)
    0x0800026e   0x00000000   Code   RO          974    .ARM.Collect$$libinit$$00000021  c_w.l(libinit2.o)
    0x0800026e   0x00000000   Code   RO          978    .ARM.Collect$$libinit$$00000028  c_w.l(libinit2.o)
    0x0800026e   0x00000000   Code   RO          980    .ARM.Collect$$libinit$$0000002A  c_w.l(libinit2.o)
    0x0800026e   0x00000000   Code   RO          982    .ARM.Collect$$libinit$$0000002C  c_w.l(libinit2.o)
    0x0800026e   0x00000000   Code   RO          984    .ARM.Collect$$libinit$$0000002E  c_w.l(libinit2.o)
    0x0800026e   0x00000002   Code   RO          985    .ARM.Collect$$libinit$$0000002F  c_w.l(libinit2.o)
    0x08000270   0x00000002   Code   RO         1018    .ARM.Collect$$libshutdown$$00000000  c_w.l(libshutdown.o)
    0x08000272   0x00000000   Code   RO         1030    .ARM.Collect$$libshutdown$$00000003  c_w.l(libshutdown2.o)
    0x08000272   0x00000000   Code   RO         1033    .ARM.Collect$$libshutdown$$00000006  c_w.l(libshutdown2.o)
    0x08000272   0x00000000   Code   RO         1036    .ARM.Collect$$libshutdown$$00000009  c_w.l(libshutdown2.o)
    0x08000272   0x00000000   Code   RO         1038    .ARM.Collect$$libshutdown$$0000000B  c_w.l(libshutdown2.o)
    0x08000272   0x00000000   Code   RO         1041    .ARM.Collect$$libshutdown$$0000000E  c_w.l(libshutdown2.o)
    0x08000272   0x00000002   Code   RO         1042    .ARM.Collect$$libshutdown$$0000000F  c_w.l(libshutdown2.o)
    0x08000274   0x00000000   Code   RO          847    .ARM.Collect$$rtentry$$00000000  c_w.l(rtentry.o)
    0x08000274   0x00000000   Code   RO          873    .ARM.Collect$$rtentry$$00000002  c_w.l(rtentry2.o)
    0x08000274   0x00000006   Code   RO          885    .ARM.Collect$$rtentry$$00000004  c_w.l(rtentry4.o)
    0x0800027a   0x00000000   Code   RO          875    .ARM.Collect$$rtentry$$00000009  c_w.l(rtentry2.o)
    0x0800027a   0x00000004   Code   RO          876    .ARM.Collect$$rtentry$$0000000A  c_w.l(rtentry2.o)
    0x0800027e   0x00000000   Code   RO          878    .ARM.Collect$$rtentry$$0000000C  c_w.l(rtentry2.o)
    0x0800027e   0x00000008   Code   RO          879    .ARM.Collect$$rtentry$$0000000D  c_w.l(rtentry2.o)
    0x08000286   0x00000002   Code   RO          986    .ARM.Collect$$rtexit$$00000000  c_w.l(rtexit.o)
    0x08000288   0x00000000   Code   RO          993    .ARM.Collect$$rtexit$$00000002  c_w.l(rtexit2.o)
    0x08000288   0x00000004   Code   RO          994    .ARM.Collect$$rtexit$$00000003  c_w.l(rtexit2.o)
    0x0800028c   0x00000006   Code   RO          995    .ARM.Collect$$rtexit$$00000004  c_w.l(rtexit2.o)
    0x08000292   0x00000002   PAD
    0x08000294   0x00000040   Code   RO            4    .text               startup_stm32f4xx.o
    0x080002d4   0x00000020   Code   RO           12    .text               main.o
    0x080002f4   0x00000238   Code   RO           76    .text               systemcontrol.o
    0x0800052c   0x000004a8   Code   RO          127    .text               app_clcd.o
    0x080009d4   0x00000034   Code   RO          167    .text               i2c_eeprom.o
    0x08000a08   0x00000214   Code   RO          200    .text               regulator.o
    0x08000c1c   0x00000030   Code   RO          231    .text               uartproc.o
    0x08000c4c   0x00000054   Code   RO          274    .text               util.o
    0x08000ca0   0x00000238   Code   RO          312    .text               adcdef.o
    0x08000ed8   0x00000068   Code   RO          352    .text               dmadef.o
    0x08000f40   0x0000009a   Code   RO          375    .text               gpiodef.o
    0x08000fda   0x00000002   PAD
    0x08000fdc   0x00000524   Code   RO          402    .text               i2cdef.o
    0x08001500   0x000001a0   Code   RO          429    .text               nvimdef.o
    0x080016a0   0x00000174   Code   RO          454    .text               spidef.o
    0x08001814   0x00000150   Code   RO          484    .text               timerdef.o
    0x08001964   0x000002d0   Code   RO          519    .text               uartdef.o
    0x08001c34   0x000000c0   Code   RO          545    .text               systemset.o
    0x08001cf4   0x00000048   Code   RO          571    .text               process.o
    0x08001d3c   0x00000194   Code   RO          615    .text               schedule.o
    0x08001ed0   0x000001e0   Code   RO          698    .text               dacadc.o
    0x080020b0   0x00000018   Code   RO          733    .text               c_w.l(noretval__2printf.o)
    0x080020c8   0x00000028   Code   RO          735    .text               c_w.l(noretval__2sprintf.o)
    0x080020f0   0x00000052   Code   RO          739    .text               c_w.l(_printf_pad.o)
    0x08002142   0x00000052   Code   RO          741    .text               c_w.l(_printf_str.o)
    0x08002194   0x00000078   Code   RO          743    .text               c_w.l(_printf_dec.o)
    0x0800220c   0x0000005c   Code   RO          748    .text               c_w.l(_printf_hex_int.o)
    0x08002268   0x0000013c   Code   RO          778    .text               c_w.l(__printf_flags_wp.o)
    0x080023a4   0x00000006   Code   RO          795    .text               c_w.l(heapauxi.o)
    0x080023aa   0x000000b8   Code   RO          848    .text               c_w.l(_printf_intcommon.o)
    0x08002462   0x00000420   Code   RO          850    .text               c_w.l(_printf_fp_dec.o)
    0x08002882   0x00000002   PAD
    0x08002884   0x00000030   Code   RO          852    .text               c_w.l(_printf_char_common.o)
    0x080028b4   0x0000000a   Code   RO          854    .text               c_w.l(_sputc.o)
    0x080028be   0x0000002c   Code   RO          856    .text               c_w.l(_printf_char.o)
    0x080028ea   0x00000002   PAD
    0x080028ec   0x00000024   Code   RO          858    .text               c_w.l(_printf_char_file.o)
    0x08002910   0x00000008   Code   RO          890    .text               c_w.l(rt_locale_intlibspace.o)
    0x08002918   0x0000008a   Code   RO          892    .text               c_w.l(lludiv10.o)
    0x080029a2   0x00000002   PAD
    0x080029a4   0x00000080   Code   RO          894    .text               c_w.l(_printf_fp_infnan.o)
    0x08002a24   0x000000e4   Code   RO          898    .text               c_w.l(bigflt0.o)
    0x08002b08   0x00000008   Code   RO          930    .text               c_w.l(libspace.o)
    0x08002b10   0x0000004a   Code   RO          933    .text               c_w.l(sys_stackheap_outer.o)
    0x08002b5a   0x0000000c   Code   RO          935    .text               c_w.l(exit.o)
    0x08002b66   0x00000002   PAD
    0x08002b68   0x00000080   Code   RO          937    .text               c_w.l(strcmpv7m.o)
    0x08002be8   0x00000008   Code   RO         1002    .text               c_w.l(rt_fp_status_addr_intlibspace.o)
    0x08002bf0   0x0000003e   Code   RO          901    CL$$btod_d2e        c_w.l(btod.o)
    0x08002c2e   0x00000046   Code   RO          903    CL$$btod_d2e_denorm_low  c_w.l(btod.o)
    0x08002c74   0x00000060   Code   RO          902    CL$$btod_d2e_norm_op1  c_w.l(btod.o)
    0x08002cd4   0x00000338   Code   RO          911    CL$$btod_div_common  c_w.l(btod.o)
    0x0800300c   0x000000c6   Code   RO          908    CL$$btod_e2e        c_w.l(btod.o)
    0x080030d2   0x00000028   Code   RO          905    CL$$btod_ediv       c_w.l(btod.o)
    0x080030fa   0x00000028   Code   RO          904    CL$$btod_emul       c_w.l(btod.o)
    0x08003122   0x00000244   Code   RO          910    CL$$btod_mult_common  c_w.l(btod.o)
    0x08003366   0x00000028   Code   RO          928    i.__ARM_fpclassify  m_ws.l(fpclassify.o)
    0x0800338e   0x0000000e   Code   RO          776    i._is_digit         c_w.l(__printf_wp.o)
    0x0800339c   0x0000002c   Code   RO          924    locale$$code        c_w.l(lc_numeric_c.o)
    0x080033c8   0x00000062   Code   RO          799    x$fpl$d2f           fz_ws.l(d2f.o)
    0x0800342a   0x00000002   PAD
    0x0800342c   0x00000150   Code   RO          801    x$fpl$dadd          fz_ws.l(daddsub_clz.o)
    0x0800357c   0x000002b0   Code   RO          808    x$fpl$ddiv          fz_ws.l(ddiv.o)
    0x0800382c   0x00000026   Code   RO          811    x$fpl$dfltu         fz_ws.l(dflt_clz.o)
    0x08003852   0x00000002   PAD
    0x08003854   0x00000154   Code   RO          817    x$fpl$dmul          fz_ws.l(dmul.o)
    0x080039a8   0x0000009c   Code   RO          861    x$fpl$dnaninf       fz_ws.l(dnaninf.o)
    0x08003a44   0x0000000c   Code   RO          863    x$fpl$dretinf       fz_ws.l(dretinf.o)
    0x08003a50   0x000001d4   Code   RO          803    x$fpl$dsub          fz_ws.l(daddsub_clz.o)
    0x08003c24   0x00000056   Code   RO          819    x$fpl$f2d           fz_ws.l(f2d.o)
    0x08003c7a   0x00000002   PAD
    0x08003c7c   0x000000c4   Code   RO          821    x$fpl$fadd          fz_ws.l(faddsub_clz.o)
    0x08003d40   0x00000184   Code   RO          828    x$fpl$fdiv          fz_ws.l(fdiv.o)
    0x08003ec4   0x0000003e   Code   RO          831    x$fpl$ffixu         fz_ws.l(ffixu.o)
    0x08003f02   0x00000002   PAD
    0x08003f04   0x00000026   Code   RO          835    x$fpl$ffltu         fz_ws.l(fflt_clz.o)
    0x08003f2a   0x0000008c   Code   RO          867    x$fpl$fnaninf       fz_ws.l(fnaninf.o)
    0x08003fb6   0x0000000e   Code   RO          990    x$fpl$fpinit        fz_ws.l(fpinit.o)
    0x08003fc4   0x0000000a   Code   RO          869    x$fpl$fretinf       fz_ws.l(fretinf.o)
    0x08003fce   0x00000002   PAD
    0x08003fd0   0x000000ea   Code   RO          823    x$fpl$fsub          fz_ws.l(faddsub_clz.o)
    0x080040ba   0x00000004   Code   RO          845    x$fpl$printf1       fz_ws.l(printf1.o)
    0x080040be   0x00000000   Code   RO          871    x$fpl$usenofp       fz_ws.l(usenofp.o)
    0x080040be   0x00000028   Data   RO          749    .constdata          c_w.l(_printf_hex_int.o)
    0x080040e6   0x00000011   Data   RO          779    .constdata          c_w.l(__printf_flags_wp.o)
    0x080040f7   0x00000001   PAD
    0x080040f8   0x00000094   Data   RO          899    .constdata          c_w.l(bigflt0.o)
    0x0800418c   0x00000020   Data   RO         1065    Region$$Table       anon$$obj.o
    0x080041ac   0x0000001c   Data   RO          923    locale$$data        c_w.l(lc_numeric_c.o)


    Execution Region RW_IRAM1 (Base: 0x20000000, Size: 0x00000a88, Max: 0x00020000, ABSOLUTE, COMPRESSED[0x00000080])

    Base Addr    Size         Type   Attr      Idx    E Section Name        Object

    0x20000000   0x00000002   Data   RW           13    .data               main.o
    0x20000002   0x00000001   Data   RW           15    .data               main.o
    0x20000003   0x00000001   Data   RW           16    .data               main.o
    0x20000004   0x00000002   Data   RW          129    .data               app_clcd.o
    0x20000006   0x00000002   PAD
    0x20000008   0x00000008   Data   RW          202    .data               regulator.o
    0x20000010   0x00000004   Data   RW          275    .data               util.o
    0x20000014   0x00000004   Data   RW          403    .data               i2cdef.o
    0x20000018   0x00000010   Data   RW          430    .data               nvimdef.o
    0x20000028   0x00000002   Data   RW          485    .data               timerdef.o
    0x2000002a   0x00000002   PAD
    0x2000002c   0x00000014   Data   RW          546    .data               systemset.o
    0x20000040   0x00000001   Data   RW          573    .data               process.o
    0x20000041   0x00000003   PAD
    0x20000044   0x00000014   Data   RW          616    .data               schedule.o
    0x20000058   0x000000fc   Data   RW          662    .data               open_short.o
    0x20000154   0x00000009   Data   RW          699    .data               dacadc.o
    0x2000015d   0x00000003   PAD
    0x20000160   0x00000080   Zero   RW          128    .bss                app_clcd.o
    0x200001e0   0x00000010   Zero   RW          201    .bss                regulator.o
    0x200001f0   0x00000028   Zero   RW          313    .bss                adcdef.o
    0x20000218   0x00000210   Zero   RW          520    .bss                uartdef.o
    0x20000428   0x00000060   Zero   RW          931    .bss                c_w.l(libspace.o)
    0x20000488   0x00000200   Zero   RW            2    HEAP                startup_stm32f4xx.o
    0x20000688   0x00000400   Zero   RW            1    STACK               startup_stm32f4xx.o


==============================================================================

Image component sizes


      Code (inc. data)   RO Data    RW Data    ZI Data      Debug   Object Name

       568         34          0          0         40      17869   adcdef.o
      1192        444          0          2        128       8825   app_clcd.o
       480         42          0          9          0       9028   dacadc.o
       104          4          0          0          0       3607   dmadef.o
       154          0          0          0          0       5511   gpiodef.o
        52          4          0          0          0       6568   i2c_eeprom.o
      1316         44          0          4          0      11407   i2cdef.o
        32          6          0          4          0     235970   main.o
       416         30          0         16          0       3935   nvimdef.o
         0          0          0        252          0       6832   open_short.o
        72          8          0          1          0       6823   process.o
       532         52          0          8         16       2493   regulator.o
       404         80          0         20          0       2888   schedule.o
       372         16          0          0          0       5245   spidef.o
        64         26        392          0       1536        744   startup_stm32f4xx.o
       568         18          0          0          0       6788   systemcontrol.o
       192         30          0         20          0       1351   systemset.o
       336         34          0          2          0       4578   timerdef.o
       720         26          0          0        528       7489   uartdef.o
        48         26          0          0          0        469   uartproc.o
        84          4          0          4          0       3200   util.o

    ----------------------------------------------------------------------
      7708        928        424        352       2248     351620   Object Totals
         0          0         32          0          0          0   (incl. Generated)
         2          0          0         10          0          0   (incl. Padding)

    ----------------------------------------------------------------------

      Code (inc. data)   RO Data    RW Data    ZI Data      Debug   Library Member Name

        90          0          0          0          0          0   __dczerorl2.o
         8          0          0          0          0         68   __main.o
       316          6         17          0          0         92   __printf_flags_wp.o
        14          0          0          0          0         68   __printf_wp.o
        52          8          0          0          0          0   __scatter.o
        28          0          0          0          0          0   __scatter_zi.o
         6          0          0          0          0          0   _printf_c.o
        44          0          0          0          0        108   _printf_char.o
        48          6          0          0          0         96   _printf_char_common.o
        36          4          0          0          0         80   _printf_char_file.o
         6          0          0          0          0          0   _printf_d.o
       120         18          0          0          0         92   _printf_dec.o
         6          0          0          0          0          0   _printf_f.o
      1056          0          0          0          0        216   _printf_fp_dec.o
       128         16          0          0          0         84   _printf_fp_infnan.o
        92          4         40          0          0         88   _printf_hex_int.o
       184          0          0          0          0         88   _printf_intcommon.o
        82          0          0          0          0        108   _printf_pad.o
         0          0          0          0          0          0   _printf_percent.o
         4          0          0          0          0          0   _printf_percent_end.o
        82          0          0          0          0         80   _printf_str.o
         6          0          0          0          0          0   _printf_x.o
        10          0          0          0          0         68   _sputc.o
       228          6        148          0          0         96   bigflt0.o
      1910        128          0          0          0        672   btod.o
        12          0          0          0          0         72   exit.o
         6          0          0          0          0        152   heapauxi.o
        44         10         28          0          0         76   lc_numeric_c.o
         6          0          0          0          0          0   libinit.o
        18          0          0          0          0          0   libinit2.o
         2          0          0          0          0          0   libshutdown.o
         2          0          0          0          0          0   libshutdown2.o
         8          4          0          0         96         68   libspace.o
       138          0          0          0          0         80   lludiv10.o
        24          4          0          0          0         84   noretval__2printf.o
        40          6          0          0          0         84   noretval__2sprintf.o
         8          4          0          0          0         68   rt_fp_status_addr_intlibspace.o
         8          4          0          0          0         68   rt_locale_intlibspace.o
         0          0          0          0          0          0   rtentry.o
        12          0          0          0          0          0   rtentry2.o
         6          0          0          0          0          0   rtentry4.o
         2          0          0          0          0          0   rtexit.o
        10          0          0          0          0          0   rtexit2.o
       128          0          0          0          0         68   strcmpv7m.o
        74          0          0          0          0         80   sys_stackheap_outer.o
        98          4          0          0          0         92   d2f.o
       804         16          0          0          0        280   daddsub_clz.o
       688        140          0          0          0        212   ddiv.o
        38          0          0          0          0         68   dflt_clz.o
       340         12          0          0          0        104   dmul.o
       156          4          0          0          0         92   dnaninf.o
        12          0          0          0          0         68   dretinf.o
        86          4          0          0          0         84   f2d.o
       430          8          0          0          0        168   faddsub_clz.o
       388         76          0          0          0         96   fdiv.o
        62          4          0          0          0         84   ffixu.o
        38          0          0          0          0         68   fflt_clz.o
       140          4          0          0          0         84   fnaninf.o
        14          0          0          0          0         76   fpinit.o
        10          0          0          0          0         68   fretinf.o
         4          0          0          0          0         68   printf1.o
         0          0          0          0          0          0   usenofp.o
        40          0          0          0          0         68   fpclassify.o

    ----------------------------------------------------------------------
      8474        500        234          0         96       4784   Library Totals
        22          0          1          0          0          0   (incl. Padding)

    ----------------------------------------------------------------------

      Code (inc. data)   RO Data    RW Data    ZI Data      Debug   Library Name

      5104        228        233          0         96       3004   c_w.l
      3308        272          0          0          0       1712   fz_ws.l
        40          0          0          0          0         68   m_ws.l

    ----------------------------------------------------------------------
      8474        500        234          0         96       4784   Library Totals

    ----------------------------------------------------------------------

==============================================================================


      Code (inc. data)   RO Data    RW Data    ZI Data      Debug   

     16182       1428        658        352       2344     351048   Grand Totals
     16182       1428        658        128       2344     351048   ELF Image Totals (compressed)
     16182       1428        658        128          0          0   ROM Totals

==============================================================================

    Total RO  Size (Code + RO Data)                16840 (  16.45kB)
    Total RW  Size (RW Data + ZI Data)              2696 (   2.63kB)
    Total ROM Size (Code + RO Data + RW Data)      16968 (  16.57kB)

==============================================================================

